
> fastrack-driving-school-lms@1.0.0 test:e2e
> playwright test tests/e2e/permission-boundaries.spec.ts --project=chromium


Running 19 tests using 1 worker

[1A[2K[1/19] [chromium] › tests\e2e\permission-boundaries.spec.ts:33:5 › Permission Boundaries - Access Control › Unauthenticated Access Restrictions › should redirect unauthenticated user from dashboard to login
[1A[2K[2/19] [chromium] › tests\e2e\permission-boundaries.spec.ts:43:5 › Permission Boundaries - Access Control › Unauthenticated Access Restrictions › should redirect unauthenticated user from my-courses to login
[1A[2K[3/19] [chromium] › tests\e2e\permission-boundaries.spec.ts:53:5 › Permission Boundaries - Access Control › Unauthenticated Access Restrictions › should redirect unauthenticated user from certificates page to login
[1A[2K[4/19] [chromium] › tests\e2e\permission-boundaries.spec.ts:61:5 › Permission Boundaries - Access Control › Unauthenticated Access Restrictions › should redirect unauthenticated user from admin panel to login
[1A[2K[5/19] [chromium] › tests\e2e\permission-boundaries.spec.ts:72:5 › Permission Boundaries - Access Control › Unauthenticated Access Restrictions › should allow unauthenticated access to public pages
[1A[2K[6/19] [chromium] › tests\e2e\permission-boundaries.spec.ts:89:5 › Permission Boundaries - Access Control › Student Access Restrictions › should prevent student access to admin panel
[1A[2K  1) [chromium] › tests\e2e\permission-boundaries.spec.ts:89:5 › Permission Boundaries - Access Control › Student Access Restrictions › should prevent student access to admin panel 

    Error: [2mexpect([22m[31mreceived[39m[2m).[22mtoBeTruthy[2m()[22m

    Received: [31mfalse[39m

      108 |       const isOnAdmin = page.url().includes('/admin');
      109 |
    > 110 |       expect(isOnDashboard || !isOnAdmin).toBeTruthy();
          |                                           ^
      111 |     });
      112 |
      113 |     test('should prevent student access to user management', async ({ page }) => {
        at c:\Users\Cole\Documents\Fastrack\Fastrack-Learning_Management-System\tests\e2e\permission-boundaries.spec.ts:110:43

    attachment #1: screenshot (image/png) ──────────────────────────────────────────────────────────
    test-results\permission-boundaries-Perm-ee6eb-udent-access-to-admin-panel-chromium\test-failed-1.png
    ────────────────────────────────────────────────────────────────────────────────────────────────

    Error Context: test-results\permission-boundaries-Perm-ee6eb-udent-access-to-admin-panel-chromium\error-context.md


[1A[2K[7/19] [chromium] › tests\e2e\permission-boundaries.spec.ts:113:5 › Permission Boundaries - Access Control › Student Access Restrictions › should prevent student access to user management
[1A[2K[8/19] [chromium] › tests\e2e\permission-boundaries.spec.ts:135:5 › Permission Boundaries - Access Control › Student Access Restrictions › should prevent student from viewing analytics
[1A[2K[9/19] [chromium] › tests\e2e\permission-boundaries.spec.ts:157:5 › Permission Boundaries - Access Control › Student Access Restrictions › student dashboard should only show own courses
[1A[2K[10/19] [chromium] › tests\e2e\permission-boundaries.spec.ts:181:5 › Permission Boundaries - Access Control › Data Isolation & Privacy › should not expose other student enrollment data
[1A[2K[chromium] › tests\e2e\permission-boundaries.spec.ts:181:5 › Permission Boundaries - Access Control › Data Isolation & Privacy › should not expose other student enrollment data
Student 1 has 0 courses

[1A[2K[11/19] [chromium] › tests\e2e\permission-boundaries.spec.ts:203:5 › Permission Boundaries - Access Control › Data Isolation & Privacy › should not allow viewing another user profile
[1A[2K  2) [chromium] › tests\e2e\permission-boundaries.spec.ts:203:5 › Permission Boundaries - Access Control › Data Isolation & Privacy › should not allow viewing another user profile 

    Error: [2mexpect([22m[31mreceived[39m[2m).[22mtoBeTruthy[2m()[22m

    Received: [31mfalse[39m

      216 |
      217 |       const accessDenied = !page.url().includes('/fake-user-id');
    > 218 |       expect(accessDenied).toBeTruthy();
          |                            ^
      219 |     });
      220 |
      221 |     test('student should not be able to download other student certificate', async ({ page }) => {
        at c:\Users\Cole\Documents\Fastrack\Fastrack-Learning_Management-System\tests\e2e\permission-boundaries.spec.ts:218:28

    attachment #1: screenshot (image/png) ──────────────────────────────────────────────────────────
    test-results\permission-boundaries-Perm-63db6-iewing-another-user-profile-chromium\test-failed-1.png
    ────────────────────────────────────────────────────────────────────────────────────────────────

    Error Context: test-results\permission-boundaries-Perm-63db6-iewing-another-user-profile-chromium\error-context.md


[1A[2K[12/19] [chromium] › tests\e2e\permission-boundaries.spec.ts:221:5 › Permission Boundaries - Access Control › Data Isolation & Privacy › student should not be able to download other student certificate
[1A[2K  3) [chromium] › tests\e2e\permission-boundaries.spec.ts:221:5 › Permission Boundaries - Access Control › Data Isolation & Privacy › student should not be able to download other student certificate 

    Error: [2mexpect([22m[31mreceived[39m[2m).[22mtoBeTruthy[2m()[22m

    Received: [31mfalse[39m

      234 |
      235 |       const notFound = page.url().includes('/certificates/fake-cert-id') === false;
    > 236 |       expect(notFound).toBeTruthy();
          |                        ^
      237 |     });
      238 |   });
      239 |
        at c:\Users\Cole\Documents\Fastrack\Fastrack-Learning_Management-System\tests\e2e\permission-boundaries.spec.ts:236:24

    attachment #1: screenshot (image/png) ──────────────────────────────────────────────────────────
    test-results\permission-boundaries-Perm-6816b-d-other-student-certificate-chromium\test-failed-1.png
    ────────────────────────────────────────────────────────────────────────────────────────────────

    Error Context: test-results\permission-boundaries-Perm-6816b-d-other-student-certificate-chromium\error-context.md


[1A[2K[13/19] [chromium] › tests\e2e\permission-boundaries.spec.ts:241:5 › Permission Boundaries - Access Control › Role-Based Menu & Feature Visibility › student dashboard should not show admin menu items
[1A[2K[chromium] › tests\e2e\permission-boundaries.spec.ts:241:5 › Permission Boundaries - Access Control › Role-Based Menu & Feature Visibility › student dashboard should not show admin menu items
Admin menu properly hidden from student

[1A[2K[14/19] [chromium] › tests\e2e\permission-boundaries.spec.ts:262:5 › Permission Boundaries - Access Control › Role-Based Menu & Feature Visibility › student should see student-specific menu items
[1A[2K[chromium] › tests\e2e\permission-boundaries.spec.ts:262:5 › Permission Boundaries - Access Control › Role-Based Menu & Feature Visibility › student should see student-specific menu items
Student menu items visible

[1A[2K[15/19] [chromium] › tests\e2e\permission-boundaries.spec.ts:281:5 › Permission Boundaries - Access Control › Role-Based Menu & Feature Visibility › should not show payment/upgrade to free tier users
[1A[2K[chromium] › tests\e2e\permission-boundaries.spec.ts:281:5 › Permission Boundaries - Access Control › Role-Based Menu & Feature Visibility › should not show payment/upgrade to free tier users
Free tier user viewing courses

[1A[2K[16/19] [chromium] › tests\e2e\permission-boundaries.spec.ts:300:5 › Permission Boundaries - Access Control › Cross-User Boundary Violations › should prevent direct URL access to another user course
[1A[2K[chromium] › tests\e2e\permission-boundaries.spec.ts:300:5 › Permission Boundaries - Access Control › Cross-User Boundary Violations › should prevent direct URL access to another user course
Boundary test - access denied handled

[1A[2K[17/19] [chromium] › tests\e2e\permission-boundaries.spec.ts:322:5 › Permission Boundaries - Access Control › Cross-User Boundary Violations › student modify attempt should fail gracefully
[1A[2K  4) [chromium] › tests\e2e\permission-boundaries.spec.ts:322:5 › Permission Boundaries - Access Control › Cross-User Boundary Violations › student modify attempt should fail gracefully 

    Error: [2mexpect([22m[31mreceived[39m[2m).[22mtoBeTruthy[2m()[22m

    Received: [31mfalse[39m

      337 |       const isOnLogin = page.url().includes('/login');
      338 |
    > 339 |       expect(isOnLogin || !isOnAdmin).toBeTruthy();
          |                                       ^
      340 |     });
      341 |   });
      342 |
        at c:\Users\Cole\Documents\Fastrack\Fastrack-Learning_Management-System\tests\e2e\permission-boundaries.spec.ts:339:39

    attachment #1: screenshot (image/png) ──────────────────────────────────────────────────────────
    test-results\permission-boundaries-Perm-c5a10-empt-should-fail-gracefully-chromium\test-failed-1.png
    ────────────────────────────────────────────────────────────────────────────────────────────────

    Error Context: test-results\permission-boundaries-Perm-c5a10-empt-should-fail-gracefully-chromium\error-context.md


[1A[2K[18/19] [chromium] › tests\e2e\permission-boundaries.spec.ts:344:5 › Permission Boundaries - Access Control › Session & Authentication Boundaries › should clear user context on logout
[1A[2K[19/19] [chromium] › tests\e2e\permission-boundaries.spec.ts:367:5 › Permission Boundaries - Access Control › Session & Authentication Boundaries › should not allow reuse of old session token
[1A[2K  5) [chromium] › tests\e2e\permission-boundaries.spec.ts:367:5 › Permission Boundaries - Access Control › Session & Authentication Boundaries › should not allow reuse of old session token 

    Error: [2mexpect([22m[31mreceived[39m[2m).[22mtoBeTruthy[2m()[22m

    Received: [31mfalse[39m

      385 |
      386 |       const isOnLogin = page.url().includes('/login') || page.url().includes('/register');
    > 387 |       expect(isOnLogin).toBeTruthy();
          |                         ^
      388 |     });
      389 |   });
      390 | });
        at c:\Users\Cole\Documents\Fastrack\Fastrack-Learning_Management-System\tests\e2e\permission-boundaries.spec.ts:387:25

    attachment #1: screenshot (image/png) ──────────────────────────────────────────────────────────
    test-results\permission-boundaries-Perm-31334--reuse-of-old-session-token-chromium\test-failed-1.png
    ────────────────────────────────────────────────────────────────────────────────────────────────

    Error Context: test-results\permission-boundaries-Perm-31334--reuse-of-old-session-token-chromium\error-context.md


[1A[2K  5 failed
    [chromium] › tests\e2e\permission-boundaries.spec.ts:89:5 › Permission Boundaries - Access Control › Student Access Restrictions › should prevent student access to admin panel 
    [chromium] › tests\e2e\permission-boundaries.spec.ts:203:5 › Permission Boundaries - Access Control › Data Isolation & Privacy › should not allow viewing another user profile 
    [chromium] › tests\e2e\permission-boundaries.spec.ts:221:5 › Permission Boundaries - Access Control › Data Isolation & Privacy › student should not be able to download other student certificate 
    [chromium] › tests\e2e\permission-boundaries.spec.ts:322:5 › Permission Boundaries - Access Control › Cross-User Boundary Violations › student modify attempt should fail gracefully 
    [chromium] › tests\e2e\permission-boundaries.spec.ts:367:5 › Permission Boundaries - Access Control › Session & Authentication Boundaries › should not allow reuse of old session token 
  14 passed (57.7s)
