
> fastrack-driving-school-lms@1.0.0 test
> vitest --run


[7m[1m[36m RUN [39m[22m[27m [36mv1.6.1[39m [90mc:/Users/Cole/Documents/Fastrack/Fastrack-Learning_Management-System[39m

 [32m✓[39m src/__tests__/firestore-rules-production.test.js [2m ([22m[2m57 tests[22m[2m)[22m[90m 27[2mms[22m[39m
 [32m✓[39m src/hooks/usePVQTrigger.test.js [2m ([22m[2m42 tests[22m[2m)[22m[90m 67[2mms[22m[39m
 [32m✓[39m src/hooks/useBreakManagement.test.js [2m ([22m[2m42 tests[22m[2m)[22m[90m 71[2mms[22m[39m
 [33m❯[39m src/api/courses/__tests__/courseServices.test.js [2m ([22m[2m0 test[22m[2m)[22m
 [32m✓[39m src/api/base/__tests__/ServiceBase.test.js [2m ([22m[2m25 tests[22m[2m)[22m[90m 74[2mms[22m[39m
 [32m✓[39m src/hooks/useSessionData.test.js [2m ([22m[2m45 tests[22m[2m)[22m[90m 85[2mms[22m[39m
[90mstderr[2m | src/api/student/__tests__/studentServices.test.js[2m > [22m[2mUser Services[2m > [22m[2mgetUser()[2m > [22m[2mshould throw NotFoundError when user does not exist[22m[39m
[NOT_FOUND] User not found: nonexistent [90mundefined[39m

[90mstderr[2m | src/api/student/__tests__/studentServices.test.js[2m > [22m[2mUser Services[2m > [22m[2mgetUser()[2m > [22m[2mshould throw validation error for invalid userId[22m[39m
[VALIDATION_ERROR] Invalid user ID [90mundefined[39m

[90mstderr[2m | src/api/student/__tests__/studentServices.test.js[2m > [22m[2mUser Services[2m > [22m[2mupdateProfile()[2m > [22m[2mshould throw validation error for null updates[22m[39m
[VALIDATION_ERROR] Updates must be a valid object [90mundefined[39m

[90mstderr[2m | src/api/student/__tests__/studentServices.test.js[2m > [22m[2mUser Services[2m > [22m[2mupdateProfile()[2m > [22m[2mshould throw validation error for non-object updates[22m[39m
[VALIDATION_ERROR] Updates must be a valid object [90mundefined[39m

[90mstderr[2m | src/api/student/__tests__/studentServices.test.js[2m > [22m[2mUser Services[2m > [22m[2mupdateUserSettings()[2m > [22m[2mshould throw validation error for invalid settings object[22m[39m
[VALIDATION_ERROR] Settings must be a valid object [90mundefined[39m

[90mstderr[2m | src/api/student/__tests__/studentServices.test.js[2m > [22m[2mUser Services[2m > [22m[2mupdateUserPreferences()[2m > [22m[2mshould throw validation error for invalid preferences[22m[39m
[VALIDATION_ERROR] Preferences must be a valid object [90mundefined[39m

[90mstderr[2m | src/api/student/__tests__/studentServices.test.js[2m > [22m[2mUser Services[2m > [22m[2mgetUserRecentActivity()[2m > [22m[2mshould throw validation error for invalid limit[22m[39m
[VALIDATION_ERROR] Limit must be a positive number [90mundefined[39m

[90mstderr[2m | src/api/student/__tests__/studentServices.test.js[2m > [22m[2mUser Services[2m > [22m[2mgetUserRecentActivity()[2m > [22m[2mshould throw validation error for non-number limit[22m[39m
[VALIDATION_ERROR] Limit must be a positive number [90mundefined[39m

[90mstderr[2m | src/api/student/__tests__/studentServices.test.js[2m > [22m[2mUser Services[2m > [22m[2misUsernameAvailable()[2m > [22m[2mshould throw validation error for empty username[22m[39m
[VALIDATION_ERROR] Username must be a non-empty string [90mundefined[39m

[90mstderr[2m | src/api/student/__tests__/studentServices.test.js[2m > [22m[2mUser Services[2m > [22m[2misUsernameAvailable()[2m > [22m[2mshould throw validation error for non-string username[22m[39m
[VALIDATION_ERROR] Username must be a non-empty string [90mundefined[39m

[90mstderr[2m | src/api/student/__tests__/studentServices.test.js[2m > [22m[2mUser Services[2m > [22m[2mgetUserByUsername()[2m > [22m[2mshould throw NotFoundError when user not found[22m[39m
[NOT_FOUND] User with username not found: nonexistent [90mundefined[39m

[90mstderr[2m | src/api/student/__tests__/studentServices.test.js[2m > [22m[2mUser Services[2m > [22m[2mgetUserByUsername()[2m > [22m[2mshould throw validation error for empty username[22m[39m
[VALIDATION_ERROR] Username must be a non-empty string [90mundefined[39m

[90mstderr[2m | src/api/student/__tests__/studentServices.test.js[2m > [22m[2mUser Services[2m > [22m[2mupdateUserRole()[2m > [22m[2mshould throw validation error for empty role[22m[39m
[VALIDATION_ERROR] Role must be a non-empty string [90mundefined[39m

[90mstderr[2m | src/api/student/__tests__/studentServices.test.js[2m > [22m[2mUser Services[2m > [22m[2mupdateUserRole()[2m > [22m[2mshould throw validation error for non-string role[22m[39m
[VALIDATION_ERROR] Role must be a non-empty string [90mundefined[39m

[90mstderr[2m | src/api/student/__tests__/studentServices.test.js[2m > [22m[2mProgress Services[2m > [22m[2minitializeProgress()[2m > [22m[2mshould throw validation error for invalid totalLessons[22m[39m
[VALIDATION_ERROR] Total lessons must be a non-negative number [90mundefined[39m

[90mstderr[2m | src/api/student/__tests__/studentServices.test.js[2m > [22m[2mProgress Services[2m > [22m[2msaveProgress()[2m > [22m[2mshould throw validation error for invalid progressData[22m[39m
[VALIDATION_ERROR] progressData must be a non-empty object [90mundefined[39m

[90mstderr[2m | src/api/student/__tests__/studentServices.test.js[2m > [22m[2mProgress Services[2m > [22m[2mupdateProgress()[2m > [22m[2mshould throw validation error for empty updates[22m[39m
[VALIDATION_ERROR] updates must be a non-empty object [90mundefined[39m

[90mstderr[2m | src/api/student/__tests__/studentServices.test.js[2m > [22m[2mProgress Services[2m > [22m[2mmarkLessonComplete()[2m > [22m[2mshould throw validation error for invalid lessonId[22m[39m
[VALIDATION_ERROR] Invalid lesson ID [90mundefined[39m

[90mstderr[2m | src/api/student/__tests__/studentServices.test.js[2m > [22m[2mProgress Services[2m > [22m[2mmarkLessonCompleteWithCompliance()[2m > [22m[2mshould throw validation error for missing sessionId[22m[39m
[VALIDATION_ERROR] complianceData.sessionId is required [90mundefined[39m

[90mstderr[2m | src/api/student/__tests__/studentServices.test.js[2m > [22m[2mProgress Services[2m > [22m[2mmarkModuleComplete()[2m > [22m[2mshould throw validation error for invalid moduleId[22m[39m
[VALIDATION_ERROR] Invalid module ID [90mundefined[39m

[90mstderr[2m | src/api/student/__tests__/studentServices.test.js[2m > [22m[2mProgress Services[2m > [22m[2mmarkModuleCompleteWithCompliance()[2m > [22m[2mshould throw validation error for missing sessionId[22m[39m
[VALIDATION_ERROR] complianceData.sessionId is required [90mundefined[39m

[90mstderr[2m | src/api/student/__tests__/studentServices.test.js[2m > [22m[2mProgress Services[2m > [22m[2mupdateLessonProgress()[2m > [22m[2mshould throw validation error for invalid progressData[22m[39m
[VALIDATION_ERROR] progressData must be a non-empty object [90mundefined[39m

 [32m✓[39m src/api/student/__tests__/studentServices.test.js [2m ([22m[2m52 tests[22m[2m)[22m[90m 143[2mms[22m[39m
 [32m✓[39m src/api/base/__tests__/QueryHelper.test.js [2m ([22m[2m21 tests[22m[2m)[22m[90m 68[2mms[22m[39m
[90mstderr[2m | src/api/admin/__tests__/userManagementServices.test.js[2m > [22m[2mUser Management Services[2m > [22m[2mgetAllUsers[2m > [22m[2mshould throw error on fetch failure[22m[39m
Error fetching all users: Error: Firestore error
    at [90mc:\Users\Cole\Documents\Fastrack\Fastrack-Learning_Management-System\[39msrc\api\admin\__tests__\userManagementServices.test.js:63:21
    at file:///C:/Users/Cole/Documents/Fastrack/Fastrack-Learning_Management-System/node_modules/[4m@vitest/runner[24m/dist/index.js:135:14
    at file:///C:/Users/Cole/Documents/Fastrack/Fastrack-Learning_Management-System/node_modules/[4m@vitest/runner[24m/dist/index.js:60:26
    at runTest (file:///C:/Users/Cole/Documents/Fastrack/Fastrack-Learning_Management-System/node_modules/[4m@vitest/runner[24m/dist/index.js:781:17)
    at runSuite (file:///C:/Users/Cole/Documents/Fastrack/Fastrack-Learning_Management-System/node_modules/[4m@vitest/runner[24m/dist/index.js:909:15)
    at runSuite (file:///C:/Users/Cole/Documents/Fastrack/Fastrack-Learning_Management-System/node_modules/[4m@vitest/runner[24m/dist/index.js:909:15)
    at runSuite (file:///C:/Users/Cole/Documents/Fastrack/Fastrack-Learning_Management-System/node_modules/[4m@vitest/runner[24m/dist/index.js:909:15)
    at runFiles (file:///C:/Users/Cole/Documents/Fastrack/Fastrack-Learning_Management-System/node_modules/[4m@vitest/runner[24m/dist/index.js:958:5)
    at startTests (file:///C:/Users/Cole/Documents/Fastrack/Fastrack-Learning_Management-System/node_modules/[4m@vitest/runner[24m/dist/index.js:967:3)
    at file:///C:/Users/Cole/Documents/Fastrack/Fastrack-Learning_Management-System/node_modules/[4mvitest[24m/dist/chunks/runtime-runBaseTests.oAvMKtQC.js:116:7

[90mstderr[2m | src/api/admin/__tests__/userManagementServices.test.js[2m > [22m[2mUser Management Services[2m > [22m[2mgetUserById[2m > [22m[2mshould throw error on fetch failure[22m[39m
Error fetching user: Error: Firestore error
    at [90mc:\Users\Cole\Documents\Fastrack\Fastrack-Learning_Management-System\[39msrc\api\admin\__tests__\userManagementServices.test.js:102:21
    at file:///C:/Users/Cole/Documents/Fastrack/Fastrack-Learning_Management-System/node_modules/[4m@vitest/runner[24m/dist/index.js:135:14
    at file:///C:/Users/Cole/Documents/Fastrack/Fastrack-Learning_Management-System/node_modules/[4m@vitest/runner[24m/dist/index.js:60:26
    at runTest (file:///C:/Users/Cole/Documents/Fastrack/Fastrack-Learning_Management-System/node_modules/[4m@vitest/runner[24m/dist/index.js:781:17)
    at runSuite (file:///C:/Users/Cole/Documents/Fastrack/Fastrack-Learning_Management-System/node_modules/[4m@vitest/runner[24m/dist/index.js:909:15)
    at runSuite (file:///C:/Users/Cole/Documents/Fastrack/Fastrack-Learning_Management-System/node_modules/[4m@vitest/runner[24m/dist/index.js:909:15)
    at runSuite (file:///C:/Users/Cole/Documents/Fastrack/Fastrack-Learning_Management-System/node_modules/[4m@vitest/runner[24m/dist/index.js:909:15)
    at runFiles (file:///C:/Users/Cole/Documents/Fastrack/Fastrack-Learning_Management-System/node_modules/[4m@vitest/runner[24m/dist/index.js:958:5)
    at startTests (file:///C:/Users/Cole/Documents/Fastrack/Fastrack-Learning_Management-System/node_modules/[4m@vitest/runner[24m/dist/index.js:967:3)
    at file:///C:/Users/Cole/Documents/Fastrack/Fastrack-Learning_Management-System/node_modules/[4mvitest[24m/dist/chunks/runtime-runBaseTests.oAvMKtQC.js:116:7

[90mstderr[2m | src/api/admin/__tests__/userManagementServices.test.js[2m > [22m[2mUser Management Services[2m > [22m[2mupdateUserRole[2m > [22m[2mshould throw error for invalid role[22m[39m
Error updating user role: Error: Invalid role: invalid_role
    at UserManagementService.updateUserRole [90m(c:\Users\Cole\Documents\Fastrack\Fastrack-Learning_Management-System\[39msrc\api\admin\userManagementServices.js:57:15[90m)[39m
    at [90mc:\Users\Cole\Documents\Fastrack\Fastrack-Learning_Management-System\[39msrc\api\admin\__tests__\userManagementServices.test.js:142:32
    at file:///C:/Users/Cole/Documents/Fastrack/Fastrack-Learning_Management-System/node_modules/[4m@vitest/runner[24m/dist/index.js:135:14
    at file:///C:/Users/Cole/Documents/Fastrack/Fastrack-Learning_Management-System/node_modules/[4m@vitest/runner[24m/dist/index.js:60:26
    at runTest (file:///C:/Users/Cole/Documents/Fastrack/Fastrack-Learning_Management-System/node_modules/[4m@vitest/runner[24m/dist/index.js:781:17)
    at runSuite (file:///C:/Users/Cole/Documents/Fastrack/Fastrack-Learning_Management-System/node_modules/[4m@vitest/runner[24m/dist/index.js:909:15)
    at runSuite (file:///C:/Users/Cole/Documents/Fastrack/Fastrack-Learning_Management-System/node_modules/[4m@vitest/runner[24m/dist/index.js:909:15)
    at runSuite (file:///C:/Users/Cole/Documents/Fastrack/Fastrack-Learning_Management-System/node_modules/[4m@vitest/runner[24m/dist/index.js:909:15)
    at runFiles (file:///C:/Users/Cole/Documents/Fastrack/Fastrack-Learning_Management-System/node_modules/[4m@vitest/runner[24m/dist/index.js:958:5)
    at startTests (file:///C:/Users/Cole/Documents/Fastrack/Fastrack-Learning_Management-System/node_modules/[4m@vitest/runner[24m/dist/index.js:967:3)

[90mstderr[2m | src/api/admin/__tests__/userManagementServices.test.js[2m > [22m[2mUser Management Services[2m > [22m[2mupdateUserRole[2m > [22m[2mshould throw error if user not found[22m[39m
Error updating user role: Error: User not found
    at UserManagementService.updateUserRole [90m(c:\Users\Cole\Documents\Fastrack\Fastrack-Learning_Management-System\[39msrc\api\admin\userManagementServices.js:68:15[90m)[39m
    at [90mc:\Users\Cole\Documents\Fastrack\Fastrack-Learning_Management-System\[39msrc\api\admin\__tests__\userManagementServices.test.js:153:7
    at runTest (file:///C:/Users/Cole/Documents/Fastrack/Fastrack-Learning_Management-System/node_modules/[4m@vitest/runner[24m/dist/index.js:781:11)
    at runSuite (file:///C:/Users/Cole/Documents/Fastrack/Fastrack-Learning_Management-System/node_modules/[4m@vitest/runner[24m/dist/index.js:909:15)
    at runSuite (file:///C:/Users/Cole/Documents/Fastrack/Fastrack-Learning_Management-System/node_modules/[4m@vitest/runner[24m/dist/index.js:909:15)
    at runSuite (file:///C:/Users/Cole/Documents/Fastrack/Fastrack-Learning_Management-System/node_modules/[4m@vitest/runner[24m/dist/index.js:909:15)
    at runFiles (file:///C:/Users/Cole/Documents/Fastrack/Fastrack-Learning_Management-System/node_modules/[4m@vitest/runner[24m/dist/index.js:958:5)
    at startTests (file:///C:/Users/Cole/Documents/Fastrack/Fastrack-Learning_Management-System/node_modules/[4m@vitest/runner[24m/dist/index.js:967:3)
    at file:///C:/Users/Cole/Documents/Fastrack/Fastrack-Learning_Management-System/node_modules/[4mvitest[24m/dist/chunks/runtime-runBaseTests.oAvMKtQC.js:116:7
    at withEnv (file:///C:/Users/Cole/Documents/Fastrack/Fastrack-Learning_Management-System/node_modules/[4mvitest[24m/dist/chunks/runtime-runBaseTests.oAvMKtQC.js:83:5)

[90mstderr[2m | src/api/admin/__tests__/userManagementServices.test.js[2m > [22m[2mUser Management Services[2m > [22m[2mlogActivity[2m > [22m[2mshould throw error on log failure[22m[39m
Error logging activity: Error: Failed to log
    at [90mc:\Users\Cole\Documents\Fastrack\Fastrack-Learning_Management-System\[39msrc\api\admin\__tests__\userManagementServices.test.js:180:21
    at file:///C:/Users/Cole/Documents/Fastrack/Fastrack-Learning_Management-System/node_modules/[4m@vitest/runner[24m/dist/index.js:135:14
    at file:///C:/Users/Cole/Documents/Fastrack/Fastrack-Learning_Management-System/node_modules/[4m@vitest/runner[24m/dist/index.js:60:26
    at runTest (file:///C:/Users/Cole/Documents/Fastrack/Fastrack-Learning_Management-System/node_modules/[4m@vitest/runner[24m/dist/index.js:781:17)
    at runSuite (file:///C:/Users/Cole/Documents/Fastrack/Fastrack-Learning_Management-System/node_modules/[4m@vitest/runner[24m/dist/index.js:909:15)
    at runSuite (file:///C:/Users/Cole/Documents/Fastrack/Fastrack-Learning_Management-System/node_modules/[4m@vitest/runner[24m/dist/index.js:909:15)
    at runSuite (file:///C:/Users/Cole/Documents/Fastrack/Fastrack-Learning_Management-System/node_modules/[4m@vitest/runner[24m/dist/index.js:909:15)
    at runFiles (file:///C:/Users/Cole/Documents/Fastrack/Fastrack-Learning_Management-System/node_modules/[4m@vitest/runner[24m/dist/index.js:958:5)
    at startTests (file:///C:/Users/Cole/Documents/Fastrack/Fastrack-Learning_Management-System/node_modules/[4m@vitest/runner[24m/dist/index.js:967:3)
    at file:///C:/Users/Cole/Documents/Fastrack/Fastrack-Learning_Management-System/node_modules/[4mvitest[24m/dist/chunks/runtime-runBaseTests.oAvMKtQC.js:116:7

[90mstderr[2m | src/api/admin/__tests__/userManagementServices.test.js[2m > [22m[2mUser Management Services[2m > [22m[2mgetActivityLogs[2m > [22m[2mshould throw error on fetch failure[22m[39m
Error fetching activity logs: Error: Firestore error
    at [90mc:\Users\Cole\Documents\Fastrack\Fastrack-Learning_Management-System\[39msrc\api\admin\__tests__\userManagementServices.test.js:231:21
    at file:///C:/Users/Cole/Documents/Fastrack/Fastrack-Learning_Management-System/node_modules/[4m@vitest/runner[24m/dist/index.js:135:14
    at file:///C:/Users/Cole/Documents/Fastrack/Fastrack-Learning_Management-System/node_modules/[4m@vitest/runner[24m/dist/index.js:60:26
    at runTest (file:///C:/Users/Cole/Documents/Fastrack/Fastrack-Learning_Management-System/node_modules/[4m@vitest/runner[24m/dist/index.js:781:17)
    at runSuite (file:///C:/Users/Cole/Documents/Fastrack/Fastrack-Learning_Management-System/node_modules/[4m@vitest/runner[24m/dist/index.js:909:15)
    at runSuite (file:///C:/Users/Cole/Documents/Fastrack/Fastrack-Learning_Management-System/node_modules/[4m@vitest/runner[24m/dist/index.js:909:15)
    at runSuite (file:///C:/Users/Cole/Documents/Fastrack/Fastrack-Learning_Management-System/node_modules/[4m@vitest/runner[24m/dist/index.js:909:15)
    at runFiles (file:///C:/Users/Cole/Documents/Fastrack/Fastrack-Learning_Management-System/node_modules/[4m@vitest/runner[24m/dist/index.js:958:5)
    at startTests (file:///C:/Users/Cole/Documents/Fastrack/Fastrack-Learning_Management-System/node_modules/[4m@vitest/runner[24m/dist/index.js:967:3)
    at file:///C:/Users/Cole/Documents/Fastrack/Fastrack-Learning_Management-System/node_modules/[4mvitest[24m/dist/chunks/runtime-runBaseTests.oAvMKtQC.js:116:7

[90mstderr[2m | src/api/admin/__tests__/userManagementServices.test.js[2m > [22m[2mUser Management Services[2m > [22m[2mgetUserActivityHistory[2m > [22m[2mshould throw error on fetch failure[22m[39m
Error fetching user activity history: Error: Firestore error
    at [90mc:\Users\Cole\Documents\Fastrack\Fastrack-Learning_Management-System\[39msrc\api\admin\__tests__\userManagementServices.test.js:262:21
    at file:///C:/Users/Cole/Documents/Fastrack/Fastrack-Learning_Management-System/node_modules/[4m@vitest/runner[24m/dist/index.js:135:14
    at file:///C:/Users/Cole/Documents/Fastrack/Fastrack-Learning_Management-System/node_modules/[4m@vitest/runner[24m/dist/index.js:60:26
    at runTest (file:///C:/Users/Cole/Documents/Fastrack/Fastrack-Learning_Management-System/node_modules/[4m@vitest/runner[24m/dist/index.js:781:17)
    at runSuite (file:///C:/Users/Cole/Documents/Fastrack/Fastrack-Learning_Management-System/node_modules/[4m@vitest/runner[24m/dist/index.js:909:15)
    at runSuite (file:///C:/Users/Cole/Documents/Fastrack/Fastrack-Learning_Management-System/node_modules/[4m@vitest/runner[24m/dist/index.js:909:15)
    at runSuite (file:///C:/Users/Cole/Documents/Fastrack/Fastrack-Learning_Management-System/node_modules/[4m@vitest/runner[24m/dist/index.js:909:15)
    at runFiles (file:///C:/Users/Cole/Documents/Fastrack/Fastrack-Learning_Management-System/node_modules/[4m@vitest/runner[24m/dist/index.js:958:5)
    at startTests (file:///C:/Users/Cole/Documents/Fastrack/Fastrack-Learning_Management-System/node_modules/[4m@vitest/runner[24m/dist/index.js:967:3)
    at file:///C:/Users/Cole/Documents/Fastrack/Fastrack-Learning_Management-System/node_modules/[4mvitest[24m/dist/chunks/runtime-runBaseTests.oAvMKtQC.js:116:7

[90mstderr[2m | src/api/admin/__tests__/userManagementServices.test.js[2m > [22m[2mUser Management Services[2m > [22m[2mgetAdminActivityHistory[2m > [22m[2mshould throw error on fetch failure[22m[39m
Error fetching admin activity history: Error: Firestore error
    at [90mc:\Users\Cole\Documents\Fastrack\Fastrack-Learning_Management-System\[39msrc\api\admin\__tests__\userManagementServices.test.js:293:21
    at file:///C:/Users/Cole/Documents/Fastrack/Fastrack-Learning_Management-System/node_modules/[4m@vitest/runner[24m/dist/index.js:135:14
    at file:///C:/Users/Cole/Documents/Fastrack/Fastrack-Learning_Management-System/node_modules/[4m@vitest/runner[24m/dist/index.js:60:26
    at runTest (file:///C:/Users/Cole/Documents/Fastrack/Fastrack-Learning_Management-System/node_modules/[4m@vitest/runner[24m/dist/index.js:781:17)
    at runSuite (file:///C:/Users/Cole/Documents/Fastrack/Fastrack-Learning_Management-System/node_modules/[4m@vitest/runner[24m/dist/index.js:909:15)
    at runSuite (file:///C:/Users/Cole/Documents/Fastrack/Fastrack-Learning_Management-System/node_modules/[4m@vitest/runner[24m/dist/index.js:909:15)
    at runSuite (file:///C:/Users/Cole/Documents/Fastrack/Fastrack-Learning_Management-System/node_modules/[4m@vitest/runner[24m/dist/index.js:909:15)
    at runFiles (file:///C:/Users/Cole/Documents/Fastrack/Fastrack-Learning_Management-System/node_modules/[4m@vitest/runner[24m/dist/index.js:958:5)
    at startTests (file:///C:/Users/Cole/Documents/Fastrack/Fastrack-Learning_Management-System/node_modules/[4m@vitest/runner[24m/dist/index.js:967:3)
    at file:///C:/Users/Cole/Documents/Fastrack/Fastrack-Learning_Management-System/node_modules/[4mvitest[24m/dist/chunks/runtime-runBaseTests.oAvMKtQC.js:116:7

[90mstderr[2m | src/api/admin/__tests__/userManagementServices.test.js[2m > [22m[2mUser Management Services[2m > [22m[2mdeleteUser[2m > [22m[2mshould throw error on delete failure[22m[39m
Error deleting user: Error: Failed to delete
    at [90mc:\Users\Cole\Documents\Fastrack\Fastrack-Learning_Management-System\[39msrc\api\admin\__tests__\userManagementServices.test.js:328:21
    at file:///C:/Users/Cole/Documents/Fastrack/Fastrack-Learning_Management-System/node_modules/[4m@vitest/runner[24m/dist/index.js:135:14
    at file:///C:/Users/Cole/Documents/Fastrack/Fastrack-Learning_Management-System/node_modules/[4m@vitest/runner[24m/dist/index.js:60:26
    at runTest (file:///C:/Users/Cole/Documents/Fastrack/Fastrack-Learning_Management-System/node_modules/[4m@vitest/runner[24m/dist/index.js:781:17)
    at runSuite (file:///C:/Users/Cole/Documents/Fastrack/Fastrack-Learning_Management-System/node_modules/[4m@vitest/runner[24m/dist/index.js:909:15)
    at runSuite (file:///C:/Users/Cole/Documents/Fastrack/Fastrack-Learning_Management-System/node_modules/[4m@vitest/runner[24m/dist/index.js:909:15)
    at runSuite (file:///C:/Users/Cole/Documents/Fastrack/Fastrack-Learning_Management-System/node_modules/[4m@vitest/runner[24m/dist/index.js:909:15)
    at runFiles (file:///C:/Users/Cole/Documents/Fastrack/Fastrack-Learning_Management-System/node_modules/[4m@vitest/runner[24m/dist/index.js:958:5)
    at startTests (file:///C:/Users/Cole/Documents/Fastrack/Fastrack-Learning_Management-System/node_modules/[4m@vitest/runner[24m/dist/index.js:967:3)
    at file:///C:/Users/Cole/Documents/Fastrack/Fastrack-Learning_Management-System/node_modules/[4mvitest[24m/dist/chunks/runtime-runBaseTests.oAvMKtQC.js:116:7

[90mstderr[2m | src/api/admin/__tests__/userManagementServices.test.js[2m > [22m[2mUser Management Services[2m > [22m[2mrestoreUser[2m > [22m[2mshould throw error on restore failure[22m[39m
Error restoring user: Error: Failed to restore
    at [90mc:\Users\Cole\Documents\Fastrack\Fastrack-Learning_Management-System\[39msrc\api\admin\__tests__\userManagementServices.test.js:363:21
    at file:///C:/Users/Cole/Documents/Fastrack/Fastrack-Learning_Management-System/node_modules/[4m@vitest/runner[24m/dist/index.js:135:14
    at file:///C:/Users/Cole/Documents/Fastrack/Fastrack-Learning_Management-System/node_modules/[4m@vitest/runner[24m/dist/index.js:60:26
    at runTest (file:///C:/Users/Cole/Documents/Fastrack/Fastrack-Learning_Management-System/node_modules/[4m@vitest/runner[24m/dist/index.js:781:17)
    at runSuite (file:///C:/Users/Cole/Documents/Fastrack/Fastrack-Learning_Management-System/node_modules/[4m@vitest/runner[24m/dist/index.js:909:15)
    at runSuite (file:///C:/Users/Cole/Documents/Fastrack/Fastrack-Learning_Management-System/node_modules/[4m@vitest/runner[24m/dist/index.js:909:15)
    at runSuite (file:///C:/Users/Cole/Documents/Fastrack/Fastrack-Learning_Management-System/node_modules/[4m@vitest/runner[24m/dist/index.js:909:15)
    at runFiles (file:///C:/Users/Cole/Documents/Fastrack/Fastrack-Learning_Management-System/node_modules/[4m@vitest/runner[24m/dist/index.js:958:5)
    at startTests (file:///C:/Users/Cole/Documents/Fastrack/Fastrack-Learning_Management-System/node_modules/[4m@vitest/runner[24m/dist/index.js:967:3)
    at file:///C:/Users/Cole/Documents/Fastrack/Fastrack-Learning_Management-System/node_modules/[4mvitest[24m/dist/chunks/runtime-runBaseTests.oAvMKtQC.js:116:7

[90mstderr[2m | src/api/admin/__tests__/userManagementServices.test.js[2m > [22m[2mUser Management Services[2m > [22m[2mgetUserStats[2m > [22m[2mshould throw error on fetch failure[22m[39m
Error fetching user stats: Error: Firestore error
    at [90mc:\Users\Cole\Documents\Fastrack\Fastrack-Learning_Management-System\[39msrc\api\admin\__tests__\userManagementServices.test.js:421:21
    at file:///C:/Users/Cole/Documents/Fastrack/Fastrack-Learning_Management-System/node_modules/[4m@vitest/runner[24m/dist/index.js:135:14
    at file:///C:/Users/Cole/Documents/Fastrack/Fastrack-Learning_Management-System/node_modules/[4m@vitest/runner[24m/dist/index.js:60:26
    at runTest (file:///C:/Users/Cole/Documents/Fastrack/Fastrack-Learning_Management-System/node_modules/[4m@vitest/runner[24m/dist/index.js:781:17)
    at runSuite (file:///C:/Users/Cole/Documents/Fastrack/Fastrack-Learning_Management-System/node_modules/[4m@vitest/runner[24m/dist/index.js:909:15)
    at runSuite (file:///C:/Users/Cole/Documents/Fastrack/Fastrack-Learning_Management-System/node_modules/[4m@vitest/runner[24m/dist/index.js:909:15)
    at runSuite (file:///C:/Users/Cole/Documents/Fastrack/Fastrack-Learning_Management-System/node_modules/[4m@vitest/runner[24m/dist/index.js:909:15)
    at runFiles (file:///C:/Users/Cole/Documents/Fastrack/Fastrack-Learning_Management-System/node_modules/[4m@vitest/runner[24m/dist/index.js:958:5)
    at startTests (file:///C:/Users/Cole/Documents/Fastrack/Fastrack-Learning_Management-System/node_modules/[4m@vitest/runner[24m/dist/index.js:967:3)
    at file:///C:/Users/Cole/Documents/Fastrack/Fastrack-Learning_Management-System/node_modules/[4mvitest[24m/dist/chunks/runtime-runBaseTests.oAvMKtQC.js:116:7

 [32m✓[39m src/api/admin/__tests__/userManagementServices.test.js [2m ([22m[2m26 tests[22m[2m)[22m[90m 103[2mms[22m[39m
 [32m✓[39m src/api/auth/__tests__/authServices.test.js [2m ([22m[2m38 tests[22m[2m)[22m[90m 215[2mms[22m[39m
[90mstderr[2m | src/api/auth/__tests__/authServices.test.js[2m > [22m[2mAuth Services[2m > [22m[2mlogin()[2m > [22m[2mshould throw validation error for invalid email[22m[39m
[VALIDATION_ERROR] Invalid email format [90mundefined[39m

[90mstderr[2m | src/api/auth/__tests__/authServices.test.js[2m > [22m[2mAuth Services[2m > [22m[2mlogin()[2m > [22m[2mshould throw validation error for weak password[22m[39m
[VALIDATION_ERROR] Password too weak [90mundefined[39m

[90mstderr[2m | src/api/auth/__tests__/authServices.test.js[2m > [22m[2mAuth Services[2m > [22m[2mlogin()[2m > [22m[2mshould handle Firebase auth/user-not-found error[22m[39m
[auth/user-not-found] User not found [90mundefined[39m

[90mstderr[2m | src/api/auth/__tests__/authServices.test.js[2m > [22m[2mAuth Services[2m > [22m[2mlogin()[2m > [22m[2mshould handle Firebase auth/wrong-password error[22m[39m
[auth/wrong-password] Wrong password [90mundefined[39m

[90mstderr[2m | src/api/auth/__tests__/authServices.test.js[2m > [22m[2mAuth Services[2m > [22m[2mlogin()[2m > [22m[2mshould handle Firebase auth/too-many-requests error[22m[39m
[auth/too-many-requests] Too many requests [90mundefined[39m

[90mstderr[2m | src/api/auth/__tests__/authServices.test.js[2m > [22m[2mAuth Services[2m > [22m[2mlogin()[2m > [22m[2mshould handle network errors during login[22m[39m
[UNKNOWN_ERROR] login failed: Network error Error: Network error
    at [90mc:\Users\Cole\Documents\Fastrack\Fastrack-Learning_Management-System\[39msrc\api\auth\__tests__\authServices.test.js:136:25
    at file:///C:/Users/Cole/Documents/Fastrack/Fastrack-Learning_Management-System/node_modules/[4m@vitest/runner[24m/dist/index.js:135:14
    at file:///C:/Users/Cole/Documents/Fastrack/Fastrack-Learning_Management-System/node_modules/[4m@vitest/runner[24m/dist/index.js:60:26
    at runTest (file:///C:/Users/Cole/Documents/Fastrack/Fastrack-Learning_Management-System/node_modules/[4m@vitest/runner[24m/dist/index.js:781:17)
    at runSuite (file:///C:/Users/Cole/Documents/Fastrack/Fastrack-Learning_Management-System/node_modules/[4m@vitest/runner[24m/dist/index.js:909:15)
    at runSuite (file:///C:/Users/Cole/Documents/Fastrack/Fastrack-Learning_Management-System/node_modules/[4m@vitest/runner[24m/dist/index.js:909:15)
    at runSuite (file:///C:/Users/Cole/Documents/Fastrack/Fastrack-Learning_Management-System/node_modules/[4m@vitest/runner[24m/dist/index.js:909:15)
    at runFiles (file:///C:/Users/Cole/Documents/Fastrack/Fastrack-Learning_Management-System/node_modules/[4m@vitest/runner[24m/dist/index.js:958:5)
    at startTests (file:///C:/Users/Cole/Documents/Fastrack/Fastrack-Learning_Management-System/node_modules/[4m@vitest/runner[24m/dist/index.js:967:3)
    at file:///C:/Users/Cole/Documents/Fastrack/Fastrack-Learning_Management-System/node_modules/[4mvitest[24m/dist/chunks/runtime-runBaseTests.oAvMKtQC.js:116:7

[90mstderr[2m | src/api/auth/__tests__/authServices.test.js[2m > [22m[2mAuth Services[2m > [22m[2mregister()[2m > [22m[2mshould throw validation error for invalid email during register[22m[39m
[VALIDATION_ERROR] Invalid email format [90mundefined[39m

[90mstderr[2m | src/api/auth/__tests__/authServices.test.js[2m > [22m[2mAuth Services[2m > [22m[2mregister()[2m > [22m[2mshould throw validation error for weak password during register[22m[39m
[VALIDATION_ERROR] Password too weak [90mundefined[39m

[90mstderr[2m | src/api/auth/__tests__/authServices.test.js[2m > [22m[2mAuth Services[2m > [22m[2mregister()[2m > [22m[2mshould handle Firebase auth/email-already-in-use error[22m[39m
[auth/email-already-in-use] Email already exists [90mundefined[39m

[90mstderr[2m | src/api/auth/__tests__/authServices.test.js[2m > [22m[2mAuth Services[2m > [22m[2mregister()[2m > [22m[2mshould handle Firebase auth/weak-password error[22m[39m
[auth/weak-password] Password is too weak [90mundefined[39m

[90mstderr[2m | src/api/auth/__tests__/authServices.test.js[2m > [22m[2mAuth Services[2m > [22m[2mregister()[2m > [22m[2mshould handle Firebase auth/operation-not-allowed error[22m[39m
[auth/operation-not-allowed] Operation not allowed [90mundefined[39m

[90mstderr[2m | src/api/auth/__tests__/authServices.test.js[2m > [22m[2mAuth Services[2m > [22m[2mregister()[2m > [22m[2mshould handle network errors during registration[22m[39m
[UNKNOWN_ERROR] register failed: Network error Error: Network error
    at [90mc:\Users\Cole\Documents\Fastrack\Fastrack-Learning_Management-System\[39msrc\api\auth\__tests__\authServices.test.js:211:25
    at file:///C:/Users/Cole/Documents/Fastrack/Fastrack-Learning_Management-System/node_modules/[4m@vitest/runner[24m/dist/index.js:135:14
    at file:///C:/Users/Cole/Documents/Fastrack/Fastrack-Learning_Management-System/node_modules/[4m@vitest/runner[24m/dist/index.js:60:26
    at runTest (file:///C:/Users/Cole/Documents/Fastrack/Fastrack-Learning_Management-System/node_modules/[4m@vitest/runner[24m/dist/index.js:781:17)
    at runSuite (file:///C:/Users/Cole/Documents/Fastrack/Fastrack-Learning_Management-System/node_modules/[4m@vitest/runner[24m/dist/index.js:909:15)
    at runSuite (file:///C:/Users/Cole/Documents/Fastrack/Fastrack-Learning_Management-System/node_modules/[4m@vitest/runner[24m/dist/index.js:909:15)
    at runSuite (file:///C:/Users/Cole/Documents/Fastrack/Fastrack-Learning_Management-System/node_modules/[4m@vitest/runner[24m/dist/index.js:909:15)
    at runFiles (file:///C:/Users/Cole/Documents/Fastrack/Fastrack-Learning_Management-System/node_modules/[4m@vitest/runner[24m/dist/index.js:958:5)
    at startTests (file:///C:/Users/Cole/Documents/Fastrack/Fastrack-Learning_Management-System/node_modules/[4m@vitest/runner[24m/dist/index.js:967:3)
    at file:///C:/Users/Cole/Documents/Fastrack/Fastrack-Learning_Management-System/node_modules/[4mvitest[24m/dist/chunks/runtime-runBaseTests.oAvMKtQC.js:116:7

[90mstderr[2m | src/api/auth/__tests__/authServices.test.js[2m > [22m[2mAuth Services[2m > [22m[2mresetPassword()[2m > [22m[2mshould throw validation error for invalid email in reset[22m[39m
[VALIDATION_ERROR] Invalid email format [90mundefined[39m

[90mstderr[2m | src/api/auth/__tests__/authServices.test.js[2m > [22m[2mAuth Services[2m > [22m[2mresetPassword()[2m > [22m[2mshould handle Firebase errors during password reset[22m[39m
[auth/invalid-email] Invalid email [90mundefined[39m

[90mstderr[2m | src/api/auth/__tests__/authServices.test.js[2m > [22m[2mAuth Services[2m > [22m[2mchangePassword()[2m > [22m[2mshould throw error if no user is logged in for password change[22m[39m
[AUTH_ERROR] No user logged in [90mundefined[39m

[90mstderr[2m | src/api/auth/__tests__/authServices.test.js[2m > [22m[2mAuth Services[2m > [22m[2mchangePassword()[2m > [22m[2mshould throw validation error for invalid current password[22m[39m
[VALIDATION_ERROR] Invalid password [90mundefined[39m

[90mstderr[2m | src/api/auth/__tests__/authServices.test.js[2m > [22m[2mAuth Services[2m > [22m[2mchangePassword()[2m > [22m[2mshould throw validation error for invalid new password[22m[39m
[VALIDATION_ERROR] Password too weak [90mundefined[39m

[90mstderr[2m | src/api/auth/__tests__/authServices.test.js[2m > [22m[2mAuth Services[2m > [22m[2mchangePassword()[2m > [22m[2mshould handle Firebase reauthentication failure[22m[39m
[auth/wrong-password] Wrong password [90mundefined[39m

[90mstderr[2m | src/api/auth/__tests__/authServices.test.js[2m > [22m[2mAuth Services[2m > [22m[2mchangeEmail()[2m > [22m[2mshould throw error if no user is logged in for email change[22m[39m
[AUTH_ERROR] No user logged in [90mundefined[39m

[90mstderr[2m | src/api/auth/__tests__/authServices.test.js[2m > [22m[2mAuth Services[2m > [22m[2mchangeEmail()[2m > [22m[2mshould throw validation error for invalid password during email change[22m[39m
[VALIDATION_ERROR] Invalid password [90mundefined[39m

[90mstderr[2m | src/api/auth/__tests__/authServices.test.js[2m > [22m[2mAuth Services[2m > [22m[2mchangeEmail()[2m > [22m[2mshould throw validation error for invalid new email[22m[39m
[VALIDATION_ERROR] Invalid email format [90mundefined[39m

[90mstderr[2m | src/api/auth/__tests__/authServices.test.js[2m > [22m[2mAuth Services[2m > [22m[2mchangeEmail()[2m > [22m[2mshould handle Firebase reauthentication failure during email change[22m[39m
[auth/wrong-password] Wrong password [90mundefined[39m

 [32m✓[39m src/services/__tests__/loggingService.test.js [2m ([22m[2m50 tests[22m[2m)[22m[90m 136[2mms[22m[39m
[90mstderr[2m | functions/src/compliance/__tests__/videoQuestionFunctions.test.js[2m > [22m[2mVideo Question Functions[2m > [22m[2mcheckVideoQuestionAnswer[2m > [22m[2mshould throw error if question not found[22m[39m
{"severity":"ERROR","message":"Error checking video question answer: HttpsError: Question not found\n    at c:\\Users\\Cole\\Documents\\Fastrack\\Fastrack-Learning_Management-System\\functions\\src\\compliance\\videoQuestionFunctions.js:42:15\n    at c:\\Users\\Cole\\Documents\\Fastrack\\Fastrack-Learning_Management-System\\functions\\src\\compliance\\__tests__\\videoQuestionFunctions.test.js:189:9\n    at runTest (file:///C:/Users/Cole/Documents/Fastrack/Fastrack-Learning_Management-System/node_modules/@vitest/runner/dist/index.js:781:11)\n    at runSuite (file:///C:/Users/Cole/Documents/Fastrack/Fastrack-Learning_Management-System/node_modules/@vitest/runner/dist/index.js:909:15)\n    at runSuite (file:///C:/Users/Cole/Documents/Fastrack/Fastrack-Learning_Management-System/node_modules/@vitest/runner/dist/index.js:909:15)\n    at runSuite (file:///C:/Users/Cole/Documents/Fastrack/Fastrack-Learning_Management-System/node_modules/@vitest/runner/dist/index.js:909:15)\n    at runFiles (file:///C:/Users/Cole/Documents/Fastrack/Fastrack-Learning_Management-System/node_modules/@vitest/runner/dist/index.js:958:5)\n    at startTests (file:///C:/Users/Cole/Documents/Fastrack/Fastrack-Learning_Management-System/node_modules/@vitest/runner/dist/index.js:967:3)\n    at file:///C:/Users/Cole/Documents/Fastrack/Fastrack-Learning_Management-System/node_modules/vitest/dist/chunks/runtime-runBaseTests.oAvMKtQC.js:116:7\n    at withEnv (file:///C:/Users/Cole/Documents/Fastrack/Fastrack-Learning_Management-System/node_modules/vitest/dist/chunks/runtime-runBaseTests.oAvMKtQC.js:83:5) {\n  code: 'not-found',\n  details: undefined,\n  httpErrorCode: { canonicalName: 'NOT_FOUND', status: 404 }\n}"}

[90mstderr[2m | functions/src/compliance/__tests__/videoQuestionFunctions.test.js[2m > [22m[2mVideo Question Functions[2m > [22m[2mgetVideoQuestion[2m > [22m[2mshould handle database errors[22m[39m
{"severity":"ERROR","message":"Error getting video question: Error: Database error\n    at Object.<anonymous> (c:\\Users\\Cole\\Documents\\Fastrack\\Fastrack-Learning_Management-System\\functions\\src\\compliance\\__tests__\\videoQuestionFunctions.test.js:613:41)\n    at Object.mockCall (file:///C:/Users/Cole/Documents/Fastrack/Fastrack-Learning_Management-System/node_modules/@vitest/spy/dist/index.js:50:17)\n    at Object.spy (file:///C:/Users/Cole/Documents/Fastrack/Fastrack-Learning_Management-System/node_modules/tinyspy/dist/index.js:42:80)\n    at c:\\Users\\Cole\\Documents\\Fastrack\\Fastrack-Learning_Management-System\\functions\\src\\compliance\\videoQuestionFunctions.js:111:10\n    at Function.run (c:\\Users\\Cole\\Documents\\Fastrack\\Fastrack-Learning_Management-System\\functions\\node_modules\\firebase-functions\\lib\\common\\onInit.js:28:10)\n    at c:\\Users\\Cole\\Documents\\Fastrack\\Fastrack-Learning_Management-System\\functions\\src\\compliance\\__tests__\\videoQuestionFunctions.test.js:620:32\n    at file:///C:/Users/Cole/Documents/Fastrack/Fastrack-Learning_Management-System/node_modules/@vitest/runner/dist/index.js:135:14\n    at file:///C:/Users/Cole/Documents/Fastrack/Fastrack-Learning_Management-System/node_modules/@vitest/runner/dist/index.js:60:26\n    at runTest (file:///C:/Users/Cole/Documents/Fastrack/Fastrack-Learning_Management-System/node_modules/@vitest/runner/dist/index.js:781:17)\n    at runSuite (file:///C:/Users/Cole/Documents/Fastrack/Fastrack-Learning_Management-System/node_modules/@vitest/runner/dist/index.js:909:15)"}

[90mstderr[2m | functions/src/compliance/__tests__/videoQuestionFunctions.test.js[2m > [22m[2mVideo Question Functions[2m > [22m[2mrecordVideoQuestionResponse[2m > [22m[2mshould handle database errors[22m[39m
{"severity":"ERROR","message":"Error recording video question response: Error: Database error\n    at Object.<anonymous> (c:\\Users\\Cole\\Documents\\Fastrack\\Fastrack-Learning_Management-System\\functions\\src\\compliance\\__tests__\\videoQuestionFunctions.test.js:913:41)\n    at Object.mockCall (file:///C:/Users/Cole/Documents/Fastrack/Fastrack-Learning_Management-System/node_modules/@vitest/spy/dist/index.js:50:17)\n    at Object.spy (file:///C:/Users/Cole/Documents/Fastrack/Fastrack-Learning_Management-System/node_modules/tinyspy/dist/index.js:42:80)\n    at c:\\Users\\Cole\\Documents\\Fastrack\\Fastrack-Learning_Management-System\\functions\\src\\compliance\\videoQuestionFunctions.js:164:10\n    at Function.run (c:\\Users\\Cole\\Documents\\Fastrack\\Fastrack-Learning_Management-System\\functions\\node_modules\\firebase-functions\\lib\\common\\onInit.js:28:10)\n    at c:\\Users\\Cole\\Documents\\Fastrack\\Fastrack-Learning_Management-System\\functions\\src\\compliance\\__tests__\\videoQuestionFunctions.test.js:927:43\n    at file:///C:/Users/Cole/Documents/Fastrack/Fastrack-Learning_Management-System/node_modules/@vitest/runner/dist/index.js:135:14\n    at file:///C:/Users/Cole/Documents/Fastrack/Fastrack-Learning_Management-System/node_modules/@vitest/runner/dist/index.js:60:26\n    at runTest (file:///C:/Users/Cole/Documents/Fastrack/Fastrack-Learning_Management-System/node_modules/@vitest/runner/dist/index.js:781:17)\n    at runSuite (file:///C:/Users/Cole/Documents/Fastrack/Fastrack-Learning_Management-System/node_modules/@vitest/runner/dist/index.js:909:15)"}

 [32m✓[39m functions/src/compliance/__tests__/videoQuestionFunctions.test.js [2m ([22m[2m36 tests[22m[2m)[22m[90m 121[2mms[22m[39m
 [32m✓[39m src/components/common/ErrorBoundary/ErrorBoundary.test.jsx [2m ([22m[2m32 tests[22m[2m)[22m[33m 928[2mms[22m[39m
 [32m✓[39m src/api/errors/__tests__/ApiError.test.js [2m ([22m[2m38 tests[22m[2m)[22m[90m 26[2mms[22m[39m
[90mstderr[2m | src/components/admin/__tests__/SchedulingManagement.loadingIndicators.test.jsx[2m > [22m[2mSchedulingManagement - Loading Indicators[2m > [22m[2mDelete button loading state[2m > [22m[2mshould clear loading state after deletion error[22m[39m
Error deleting time slot: Error: Delete failed
    at [90mc:\Users\Cole\Documents\Fastrack\Fastrack-Learning_Management-System\[39msrc\components\admin\__tests__\SchedulingManagement.loadingIndicators.test.jsx:172:58
    at runTest (file:///C:/Users/Cole/Documents/Fastrack/Fastrack-Learning_Management-System/node_modules/[4m@vitest/runner[24m/dist/index.js:781:11)
    at runSuite (file:///C:/Users/Cole/Documents/Fastrack/Fastrack-Learning_Management-System/node_modules/[4m@vitest/runner[24m/dist/index.js:909:15)
    at runSuite (file:///C:/Users/Cole/Documents/Fastrack/Fastrack-Learning_Management-System/node_modules/[4m@vitest/runner[24m/dist/index.js:909:15)
    at runSuite (file:///C:/Users/Cole/Documents/Fastrack/Fastrack-Learning_Management-System/node_modules/[4m@vitest/runner[24m/dist/index.js:909:15)
    at runFiles (file:///C:/Users/Cole/Documents/Fastrack/Fastrack-Learning_Management-System/node_modules/[4m@vitest/runner[24m/dist/index.js:958:5)
    at startTests (file:///C:/Users/Cole/Documents/Fastrack/Fastrack-Learning_Management-System/node_modules/[4m@vitest/runner[24m/dist/index.js:967:3)
    at file:///C:/Users/Cole/Documents/Fastrack/Fastrack-Learning_Management-System/node_modules/[4mvitest[24m/dist/chunks/runtime-runBaseTests.oAvMKtQC.js:116:7
    at withEnv (file:///C:/Users/Cole/Documents/Fastrack/Fastrack-Learning_Management-System/node_modules/[4mvitest[24m/dist/chunks/runtime-runBaseTests.oAvMKtQC.js:83:5)
    at run (file:///C:/Users/Cole/Documents/Fastrack/Fastrack-Learning_Management-System/node_modules/[4mvitest[24m/dist/chunks/runtime-runBaseTests.oAvMKtQC.js:105:3)

[90mstderr[2m | src/api/base/__tests__/RetryHandler.test.js[2m > [22m[2mRetryHandler[2m > [22m[2mexecute[2m > [22m[2mshould retry and eventually succeed[22m[39m
⏱️  [test-operation] Attempt 1/3 failed, retrying in 10ms: Network timeout

[90mstderr[2m | src/api/base/__tests__/RetryHandler.test.js[2m > [22m[2mRetryHandler[2m > [22m[2mexecute[2m > [22m[2mshould retry and eventually succeed[22m[39m
⏱️  [test-operation] Attempt 2/3 failed, retrying in 19ms: Network timeout

[90mstderr[2m | src/api/base/__tests__/RetryHandler.test.js[2m > [22m[2mRetryHandler[2m > [22m[2mexecute[2m > [22m[2mshould retry and eventually succeed[22m[39m
<empty line>
[90mstdout[2m | src/api/base/__tests__/RetryHandler.test.js[2m > [22m[2mRetryHandler[2m > [22m[2mexecute[2m > [22m[2mshould retry and eventually succeed[22m[39m
✅ [test-operation] Succeeded on attempt 3/3

[90mstderr[2m | src/api/base/__tests__/RetryHandler.test.js[2m > [22m[2mRetryHandler[2m > [22m[2mexecute[2m > [22m[2mshould fail immediately for non-retryable errors[22m[39m
❌ [test-operation] Non-retryable error on attempt 1: Invalid credentials

[90mstderr[2m | src/api/base/__tests__/RetryHandler.test.js[2m > [22m[2mRetryHandler[2m > [22m[2mexecute[2m > [22m[2mshould throw after max attempts exhausted[22m[39m
⏱️  [test-operation] Attempt 1/3 failed, retrying in 10ms: Persistent network error

[90mstderr[2m | src/api/base/__tests__/RetryHandler.test.js[2m > [22m[2mRetryHandler[2m > [22m[2mexecute[2m > [22m[2mshould throw after max attempts exhausted[22m[39m
⏱️  [test-operation] Attempt 2/3 failed, retrying in 20ms: Persistent network error

[90mstderr[2m | src/components/admin/__tests__/SchedulingManagement.loadingIndicators.test.jsx[2m > [22m[2mSchedulingManagement - Loading Indicators[2m > [22m[2mUnassign button loading state[2m > [22m[2mshould clear loading state after unassignment error[22m[39m
Error unassigning slot: Error: Unassign failed
    at [90mc:\Users\Cole\Documents\Fastrack\Fastrack-Learning_Management-System\[39msrc\components\admin\__tests__\SchedulingManagement.loadingIndicators.test.jsx:271:60
    at runTest (file:///C:/Users/Cole/Documents/Fastrack/Fastrack-Learning_Management-System/node_modules/[4m@vitest/runner[24m/dist/index.js:781:11)
    at runSuite (file:///C:/Users/Cole/Documents/Fastrack/Fastrack-Learning_Management-System/node_modules/[4m@vitest/runner[24m/dist/index.js:909:15)
    at runSuite (file:///C:/Users/Cole/Documents/Fastrack/Fastrack-Learning_Management-System/node_modules/[4m@vitest/runner[24m/dist/index.js:909:15)
    at runSuite (file:///C:/Users/Cole/Documents/Fastrack/Fastrack-Learning_Management-System/node_modules/[4m@vitest/runner[24m/dist/index.js:909:15)
    at runFiles (file:///C:/Users/Cole/Documents/Fastrack/Fastrack-Learning_Management-System/node_modules/[4m@vitest/runner[24m/dist/index.js:958:5)
    at startTests (file:///C:/Users/Cole/Documents/Fastrack/Fastrack-Learning_Management-System/node_modules/[4m@vitest/runner[24m/dist/index.js:967:3)
    at file:///C:/Users/Cole/Documents/Fastrack/Fastrack-Learning_Management-System/node_modules/[4mvitest[24m/dist/chunks/runtime-runBaseTests.oAvMKtQC.js:116:7
    at withEnv (file:///C:/Users/Cole/Documents/Fastrack/Fastrack-Learning_Management-System/node_modules/[4mvitest[24m/dist/chunks/runtime-runBaseTests.oAvMKtQC.js:83:5)
    at run (file:///C:/Users/Cole/Documents/Fastrack/Fastrack-Learning_Management-System/node_modules/[4mvitest[24m/dist/chunks/runtime-runBaseTests.oAvMKtQC.js:105:3)

[90mstderr[2m | src/api/base/__tests__/RetryHandler.test.js[2m > [22m[2mRetryHandler[2m > [22m[2mexecute[2m > [22m[2mshould throw after max attempts exhausted[22m[39m
❌ [test-operation] Failed after 3 attempts. Last error: Persistent network error

[90mstderr[2m | src/api/base/__tests__/RetryHandler.test.js[2m > [22m[2mRetryHandler[2m > [22m[2mexecute[2m > [22m[2mshould throw ApiError with context information[22m[39m
⏱️  [updateUser] Attempt 1/3 failed, retrying in 9ms: Connection failed

[90mstderr[2m | src/api/base/__tests__/RetryHandler.test.js[2m > [22m[2mRetryHandler[2m > [22m[2mexecute[2m > [22m[2mshould throw ApiError with context information[22m[39m
⏱️  [updateUser] Attempt 2/3 failed, retrying in 20ms: Connection failed

[90mstderr[2m | src/api/base/__tests__/RetryHandler.test.js[2m > [22m[2mRetryHandler[2m > [22m[2mexecute[2m > [22m[2mshould throw ApiError with context information[22m[39m
❌ [updateUser] Failed after 3 attempts. Last error: Connection failed

[90mstderr[2m | src/api/base/__tests__/RetryHandler.test.js[2m > [22m[2mRetryHandler[2m > [22m[2mexecute[2m > [22m[2mshould handle async operations correctly[22m[39m
⏱️  [async-operation] Attempt 1/3 failed, retrying in 11ms: Network error

[90mstderr[2m | src/api/base/__tests__/RetryHandler.test.js[2m > [22m[2mRetryHandler[2m > [22m[2mexecute[2m > [22m[2mshould handle async operations correctly[22m[39m
<empty line>
[90mstdout[2m | src/api/base/__tests__/RetryHandler.test.js[2m > [22m[2mRetryHandler[2m > [22m[2mexecute[2m > [22m[2mshould handle async operations correctly[22m[39m
✅ [async-operation] Succeeded on attempt 2/3

[90mstderr[2m | src/api/base/__tests__/RetryHandler.test.js[2m > [22m[2mRetryHandler[2m > [22m[2mexecute[2m > [22m[2mshould use exponential backoff timing[22m[39m
⏱️  [timed-operation] Attempt 1/3 failed, retrying in 11ms: Network error

[90mstderr[2m | src/api/base/__tests__/RetryHandler.test.js[2m > [22m[2mRetryHandler[2m > [22m[2mexecute[2m > [22m[2mshould use exponential backoff timing[22m[39m
⏱️  [timed-operation] Attempt 2/3 failed, retrying in 18ms: Network error

[90mstderr[2m | src/api/base/__tests__/RetryHandler.test.js[2m > [22m[2mRetryHandler[2m > [22m[2mexecute[2m > [22m[2mshould use exponential backoff timing[22m[39m
<empty line>
[90mstdout[2m | src/api/base/__tests__/RetryHandler.test.js[2m > [22m[2mRetryHandler[2m > [22m[2mexecute[2m > [22m[2mshould use exponential backoff timing[22m[39m
✅ [timed-operation] Succeeded on attempt 3/3

[90mstderr[2m | src/api/base/__tests__/RetryHandler.test.js[2m > [22m[2mRetryHandler[2m > [22m[2mexecute[2m > [22m[2mshould handle errors with message property[22m[39m
⏱️  [test-operation] Attempt 1/3 failed, retrying in 10ms: Specific failure reason

[90mstderr[2m | src/api/base/__tests__/RetryHandler.test.js[2m > [22m[2mRetryHandler[2m > [22m[2mexecute[2m > [22m[2mshould handle errors with message property[22m[39m
⏱️  [test-operation] Attempt 2/3 failed, retrying in 20ms: Specific failure reason

[90mstderr[2m | src/api/base/__tests__/RetryHandler.test.js[2m > [22m[2mRetryHandler[2m > [22m[2mexecute[2m > [22m[2mshould handle errors with message property[22m[39m
❌ [test-operation] Failed after 3 attempts. Last error: Specific failure reason

[90mstderr[2m | src/api/base/__tests__/RetryHandler.test.js[2m > [22m[2mRetryHandler[2m > [22m[2mexecute[2m > [22m[2mshould log context in thrown error[22m[39m
⏱️  [myOperation] Attempt 1/3 failed, retrying in 10ms: Network unavailable

[90mstderr[2m | src/api/base/__tests__/RetryHandler.test.js[2m > [22m[2mRetryHandler[2m > [22m[2mexecute[2m > [22m[2mshould log context in thrown error[22m[39m
⏱️  [myOperation] Attempt 2/3 failed, retrying in 21ms: Network unavailable

[90mstderr[2m | src/api/base/__tests__/RetryHandler.test.js[2m > [22m[2mRetryHandler[2m > [22m[2mexecute[2m > [22m[2mshould log context in thrown error[22m[39m
❌ [myOperation] Failed after 3 attempts. Last error: Network unavailable

[90mstderr[2m | src/api/base/__tests__/RetryHandler.test.js[2m > [22m[2mRetryHandler[2m > [22m[2mretryAsync convenience function[2m > [22m[2mshould work with default configuration[22m[39m
⏱️  [test-operation] Attempt 1/3 failed, retrying in 97ms: Network error

 [32m✓[39m src/context/ModalContext.test.jsx [2m ([22m[2m19 tests[22m[2m)[22m[33m 325[2mms[22m[39m
[90mstderr[2m | src/api/base/__tests__/RetryHandler.test.js[2m > [22m[2mRetryHandler[2m > [22m[2mretryAsync convenience function[2m > [22m[2mshould work with default configuration[22m[39m
<empty line>
[90mstdout[2m | src/api/base/__tests__/RetryHandler.test.js[2m > [22m[2mRetryHandler[2m > [22m[2mretryAsync convenience function[2m > [22m[2mshould work with default configuration[22m[39m
✅ [test-operation] Succeeded on attempt 2/3

[90mstderr[2m | src/api/base/__tests__/RetryHandler.test.js[2m > [22m[2mRetryHandler[2m > [22m[2mretryAsync convenience function[2m > [22m[2mshould throw after max attempts[22m[39m
⏱️  [test-operation] Attempt 1/3 failed, retrying in 99ms: Persistent error

 [33m❯[39m functions/src/payment/__tests__/paymentFunctions.test.js [2m ([22m[2m21 tests[22m [2m|[22m [31m6 failed[39m [2m|[22m [33m2 skipped[39m[2m)[22m[90m 78[2mms[22m[39m
[31m   [33m❯[31m functions/src/payment/__tests__/paymentFunctions.test.js[2m > [22mPayment Functions[2m > [22mcreateCheckoutSession[2m > [22mshould throw error if courseId missing[39m
[31m     → expected 'Failed to create checkout session: Ne…' to contain 'Missing required parameters'[39m
[31m   [33m❯[31m functions/src/payment/__tests__/paymentFunctions.test.js[2m > [22mPayment Functions[2m > [22mcreateCheckoutSession[2m > [22mshould throw error if amount missing[39m
[31m     → expected 'Failed to create checkout session: Ne…' to contain 'Missing required parameters'[39m
[31m   [33m❯[31m functions/src/payment/__tests__/paymentFunctions.test.js[2m > [22mPayment Functions[2m > [22mcreateCheckoutSession[2m > [22mshould throw error if paymentType missing[39m
[31m     → expected 'Failed to create checkout session: Ne…' to contain 'Missing required parameters'[39m
[31m   [33m❯[31m functions/src/payment/__tests__/paymentFunctions.test.js[2m > [22mPayment Functions[2m > [22mcreatePaymentIntent[2m > [22mshould throw error if courseId missing[39m
[31m     → expected 'Failed to create payment intent: Neit…' to contain 'Missing required parameters'[39m
[31m   [33m❯[31m functions/src/payment/__tests__/paymentFunctions.test.js[2m > [22mPayment Functions[2m > [22mcreatePaymentIntent[2m > [22mshould throw error if amount missing[39m
[31m     → expected 'Failed to create payment intent: Neit…' to contain 'Missing required parameters'[39m
[31m   [33m❯[31m functions/src/payment/__tests__/paymentFunctions.test.js[2m > [22mPayment Functions[2m > [22mcreatePaymentIntent[2m > [22mshould throw error if paymentType missing[39m
[31m     → expected 'Failed to create payment intent: Neit…' to contain 'Missing required parameters'[39m
[90mstderr[2m | functions/src/payment/__tests__/paymentFunctions.test.js[2m > [22m[2mPayment Functions[2m > [22m[2mcreateCheckoutSession[2m > [22m[2mshould throw error if user not authenticated[22m[39m
Error creating checkout session: Error: Authentication required
    at [90mc:\Users\Cole\Documents\Fastrack\Fastrack-Learning_Management-System\[39mfunctions\src\payment\paymentFunctions.js:87:15
    at Function.run [90m(c:\Users\Cole\Documents\Fastrack\Fastrack-Learning_Management-System\[39mfunctions\node_modules\[4mfirebase-functions[24m\lib\common\onInit.js:28:10[90m)[39m
    at [90mc:\Users\Cole\Documents\Fastrack\Fastrack-Learning_Management-System\[39mfunctions\src\payment\__tests__\paymentFunctions.test.js:98:37
    at file:///C:/Users/Cole/Documents/Fastrack/Fastrack-Learning_Management-System/node_modules/[4m@vitest/runner[24m/dist/index.js:135:14
    at file:///C:/Users/Cole/Documents/Fastrack/Fastrack-Learning_Management-System/node_modules/[4m@vitest/runner[24m/dist/index.js:60:26
    at runTest (file:///C:/Users/Cole/Documents/Fastrack/Fastrack-Learning_Management-System/node_modules/[4m@vitest/runner[24m/dist/index.js:781:17)
    at runSuite (file:///C:/Users/Cole/Documents/Fastrack/Fastrack-Learning_Management-System/node_modules/[4m@vitest/runner[24m/dist/index.js:909:15)
    at runSuite (file:///C:/Users/Cole/Documents/Fastrack/Fastrack-Learning_Management-System/node_modules/[4m@vitest/runner[24m/dist/index.js:909:15)
    at runSuite (file:///C:/Users/Cole/Documents/Fastrack/Fastrack-Learning_Management-System/node_modules/[4m@vitest/runner[24m/dist/index.js:909:15)
    at runFiles (file:///C:/Users/Cole/Documents/Fastrack/Fastrack-Learning_Management-System/node_modules/[4m@vitest/runner[24m/dist/index.js:958:5)

[90mstderr[2m | functions/src/payment/__tests__/paymentFunctions.test.js[2m > [22m[2mPayment Functions[2m > [22m[2mcreateCheckoutSession[2m > [22m[2mshould throw error if courseId missing[22m[39m
{"severity":"WARNING","message":"No value found for secret parameter \"STRIPE_SECRET_KEY\". A function can only access a secret if you include the secret in the function's dependency array."}
Error creating checkout session: Error: Neither apiKey nor config.authenticator provided
    at Stripe._setAuthenticator [90m(c:\Users\Cole\Documents\Fastrack\Fastrack-Learning_Management-System\[39mfunctions\node_modules\[4mstripe[24m\cjs\stripe.core.js:158:23[90m)[39m
    at new Stripe [90m(c:\Users\Cole\Documents\Fastrack\Fastrack-Learning_Management-System\[39mfunctions\node_modules\[4mstripe[24m\cjs\stripe.core.js:96:14[90m)[39m
    at Stripe [90m(c:\Users\Cole\Documents\Fastrack\Fastrack-Learning_Management-System\[39mfunctions\node_modules\[4mstripe[24m\cjs\stripe.core.js:52:20[90m)[39m
    at [90mc:\Users\Cole\Documents\Fastrack\Fastrack-Learning_Management-System\[39mfunctions\src\payment\paymentFunctions.js:91:28
    at Function.run [90m(c:\Users\Cole\Documents\Fastrack\Fastrack-Learning_Management-System\[39mfunctions\node_modules\[4mfirebase-functions[24m\lib\common\onInit.js:28:10[90m)[39m
    at [90mc:\Users\Cole\Documents\Fastrack\Fastrack-Learning_Management-System\[39mfunctions\src\payment\__tests__\paymentFunctions.test.js:112:37
    at file:///C:/Users/Cole/Documents/Fastrack/Fastrack-Learning_Management-System/node_modules/[4m@vitest/runner[24m/dist/index.js:135:14
    at file:///C:/Users/Cole/Documents/Fastrack/Fastrack-Learning_Management-System/node_modules/[4m@vitest/runner[24m/dist/index.js:60:26
    at runTest (file:///C:/Users/Cole/Documents/Fastrack/Fastrack-Learning_Management-System/node_modules/[4m@vitest/runner[24m/dist/index.js:781:17)
    at runSuite (file:///C:/Users/Cole/Documents/Fastrack/Fastrack-Learning_Management-System/node_modules/[4m@vitest/runner[24m/dist/index.js:909:15)

[90mstderr[2m | functions/src/payment/__tests__/paymentFunctions.test.js[2m > [22m[2mPayment Functions[2m > [22m[2mcreateCheckoutSession[2m > [22m[2mshould throw error if amount missing[22m[39m
{"severity":"WARNING","message":"No value found for secret parameter \"STRIPE_SECRET_KEY\". A function can only access a secret if you include the secret in the function's dependency array."}
Error creating checkout session: Error: Neither apiKey nor config.authenticator provided
    at Stripe._setAuthenticator [90m(c:\Users\Cole\Documents\Fastrack\Fastrack-Learning_Management-System\[39mfunctions\node_modules\[4mstripe[24m\cjs\stripe.core.js:158:23[90m)[39m
    at new Stripe [90m(c:\Users\Cole\Documents\Fastrack\Fastrack-Learning_Management-System\[39mfunctions\node_modules\[4mstripe[24m\cjs\stripe.core.js:96:14[90m)[39m
    at Stripe [90m(c:\Users\Cole\Documents\Fastrack\Fastrack-Learning_Management-System\[39mfunctions\node_modules\[4mstripe[24m\cjs\stripe.core.js:52:20[90m)[39m
    at [90mc:\Users\Cole\Documents\Fastrack\Fastrack-Learning_Management-System\[39mfunctions\src\payment\paymentFunctions.js:91:28
    at Function.run [90m(c:\Users\Cole\Documents\Fastrack\Fastrack-Learning_Management-System\[39mfunctions\node_modules\[4mfirebase-functions[24m\lib\common\onInit.js:28:10[90m)[39m
    at [90mc:\Users\Cole\Documents\Fastrack\Fastrack-Learning_Management-System\[39mfunctions\src\payment\__tests__\paymentFunctions.test.js:126:37
    at file:///C:/Users/Cole/Documents/Fastrack/Fastrack-Learning_Management-System/node_modules/[4m@vitest/runner[24m/dist/index.js:135:14
    at file:///C:/Users/Cole/Documents/Fastrack/Fastrack-Learning_Management-System/node_modules/[4m@vitest/runner[24m/dist/index.js:60:26
    at runTest (file:///C:/Users/Cole/Documents/Fastrack/Fastrack-Learning_Management-System/node_modules/[4m@vitest/runner[24m/dist/index.js:781:17)
    at runSuite (file:///C:/Users/Cole/Documents/Fastrack/Fastrack-Learning_Management-System/node_modules/[4m@vitest/runner[24m/dist/index.js:909:15)

[90mstderr[2m | functions/src/payment/__tests__/paymentFunctions.test.js[2m > [22m[2mPayment Functions[2m > [22m[2mcreateCheckoutSession[2m > [22m[2mshould throw error if paymentType missing[22m[39m
{"severity":"WARNING","message":"No value found for secret parameter \"STRIPE_SECRET_KEY\". A function can only access a secret if you include the secret in the function's dependency array."}
Error creating checkout session: Error: Neither apiKey nor config.authenticator provided
    at Stripe._setAuthenticator [90m(c:\Users\Cole\Documents\Fastrack\Fastrack-Learning_Management-System\[39mfunctions\node_modules\[4mstripe[24m\cjs\stripe.core.js:158:23[90m)[39m
    at new Stripe [90m(c:\Users\Cole\Documents\Fastrack\Fastrack-Learning_Management-System\[39mfunctions\node_modules\[4mstripe[24m\cjs\stripe.core.js:96:14[90m)[39m
    at Stripe [90m(c:\Users\Cole\Documents\Fastrack\Fastrack-Learning_Management-System\[39mfunctions\node_modules\[4mstripe[24m\cjs\stripe.core.js:52:20[90m)[39m
    at [90mc:\Users\Cole\Documents\Fastrack\Fastrack-Learning_Management-System\[39mfunctions\src\payment\paymentFunctions.js:91:28
    at Function.run [90m(c:\Users\Cole\Documents\Fastrack\Fastrack-Learning_Management-System\[39mfunctions\node_modules\[4mfirebase-functions[24m\lib\common\onInit.js:28:10[90m)[39m
    at [90mc:\Users\Cole\Documents\Fastrack\Fastrack-Learning_Management-System\[39mfunctions\src\payment\__tests__\paymentFunctions.test.js:140:37
    at file:///C:/Users/Cole/Documents/Fastrack/Fastrack-Learning_Management-System/node_modules/[4m@vitest/runner[24m/dist/index.js:135:14
    at file:///C:/Users/Cole/Documents/Fastrack/Fastrack-Learning_Management-System/node_modules/[4m@vitest/runner[24m/dist/index.js:60:26
    at runTest (file:///C:/Users/Cole/Documents/Fastrack/Fastrack-Learning_Management-System/node_modules/[4m@vitest/runner[24m/dist/index.js:781:17)
    at runSuite (file:///C:/Users/Cole/Documents/Fastrack/Fastrack-Learning_Management-System/node_modules/[4m@vitest/runner[24m/dist/index.js:909:15)

[90mstderr[2m | functions/src/payment/__tests__/paymentFunctions.test.js[2m > [22m[2mPayment Functions[2m > [22m[2mcreatePaymentIntent[2m > [22m[2mshould throw error if user not authenticated[22m[39m
Error creating payment intent: Error: Authentication required
    at [90mc:\Users\Cole\Documents\Fastrack\Fastrack-Learning_Management-System\[39mfunctions\src\payment\paymentFunctions.js:147:15
    at Function.run [90m(c:\Users\Cole\Documents\Fastrack\Fastrack-Learning_Management-System\[39mfunctions\node_modules\[4mfirebase-functions[24m\lib\common\onInit.js:28:10[90m)[39m
    at [90mc:\Users\Cole\Documents\Fastrack\Fastrack-Learning_Management-System\[39mfunctions\src\payment\__tests__\paymentFunctions.test.js:176:35
    at file:///C:/Users/Cole/Documents/Fastrack/Fastrack-Learning_Management-System/node_modules/[4m@vitest/runner[24m/dist/index.js:135:14
    at file:///C:/Users/Cole/Documents/Fastrack/Fastrack-Learning_Management-System/node_modules/[4m@vitest/runner[24m/dist/index.js:60:26
    at runTest (file:///C:/Users/Cole/Documents/Fastrack/Fastrack-Learning_Management-System/node_modules/[4m@vitest/runner[24m/dist/index.js:781:17)
    at runSuite (file:///C:/Users/Cole/Documents/Fastrack/Fastrack-Learning_Management-System/node_modules/[4m@vitest/runner[24m/dist/index.js:909:15)
    at runSuite (file:///C:/Users/Cole/Documents/Fastrack/Fastrack-Learning_Management-System/node_modules/[4m@vitest/runner[24m/dist/index.js:909:15)
    at runSuite (file:///C:/Users/Cole/Documents/Fastrack/Fastrack-Learning_Management-System/node_modules/[4m@vitest/runner[24m/dist/index.js:909:15)
    at runFiles (file:///C:/Users/Cole/Documents/Fastrack/Fastrack-Learning_Management-System/node_modules/[4m@vitest/runner[24m/dist/index.js:958:5)

[90mstderr[2m | functions/src/payment/__tests__/paymentFunctions.test.js[2m > [22m[2mPayment Functions[2m > [22m[2mcreatePaymentIntent[2m > [22m[2mshould throw error if courseId missing[22m[39m
{"severity":"WARNING","message":"No value found for secret parameter \"STRIPE_SECRET_KEY\". A function can only access a secret if you include the secret in the function's dependency array."}
Error creating payment intent: Error: Neither apiKey nor config.authenticator provided
    at Stripe._setAuthenticator [90m(c:\Users\Cole\Documents\Fastrack\Fastrack-Learning_Management-System\[39mfunctions\node_modules\[4mstripe[24m\cjs\stripe.core.js:158:23[90m)[39m
    at new Stripe [90m(c:\Users\Cole\Documents\Fastrack\Fastrack-Learning_Management-System\[39mfunctions\node_modules\[4mstripe[24m\cjs\stripe.core.js:96:14[90m)[39m
    at Stripe [90m(c:\Users\Cole\Documents\Fastrack\Fastrack-Learning_Management-System\[39mfunctions\node_modules\[4mstripe[24m\cjs\stripe.core.js:52:20[90m)[39m
    at [90mc:\Users\Cole\Documents\Fastrack\Fastrack-Learning_Management-System\[39mfunctions\src\payment\paymentFunctions.js:151:28
    at Function.run [90m(c:\Users\Cole\Documents\Fastrack\Fastrack-Learning_Management-System\[39mfunctions\node_modules\[4mfirebase-functions[24m\lib\common\onInit.js:28:10[90m)[39m
    at [90mc:\Users\Cole\Documents\Fastrack\Fastrack-Learning_Management-System\[39mfunctions\src\payment\__tests__\paymentFunctions.test.js:190:35
    at file:///C:/Users/Cole/Documents/Fastrack/Fastrack-Learning_Management-System/node_modules/[4m@vitest/runner[24m/dist/index.js:135:14
    at file:///C:/Users/Cole/Documents/Fastrack/Fastrack-Learning_Management-System/node_modules/[4m@vitest/runner[24m/dist/index.js:60:26
    at runTest (file:///C:/Users/Cole/Documents/Fastrack/Fastrack-Learning_Management-System/node_modules/[4m@vitest/runner[24m/dist/index.js:781:17)
    at runSuite (file:///C:/Users/Cole/Documents/Fastrack/Fastrack-Learning_Management-System/node_modules/[4m@vitest/runner[24m/dist/index.js:909:15)

[90mstderr[2m | functions/src/payment/__tests__/paymentFunctions.test.js[2m > [22m[2mPayment Functions[2m > [22m[2mcreatePaymentIntent[2m > [22m[2mshould throw error if amount missing[22m[39m
{"severity":"WARNING","message":"No value found for secret parameter \"STRIPE_SECRET_KEY\". A function can only access a secret if you include the secret in the function's dependency array."}
Error creating payment intent: Error: Neither apiKey nor config.authenticator provided
    at Stripe._setAuthenticator [90m(c:\Users\Cole\Documents\Fastrack\Fastrack-Learning_Management-System\[39mfunctions\node_modules\[4mstripe[24m\cjs\stripe.core.js:158:23[90m)[39m
    at new Stripe [90m(c:\Users\Cole\Documents\Fastrack\Fastrack-Learning_Management-System\[39mfunctions\node_modules\[4mstripe[24m\cjs\stripe.core.js:96:14[90m)[39m
    at Stripe [90m(c:\Users\Cole\Documents\Fastrack\Fastrack-Learning_Management-System\[39mfunctions\node_modules\[4mstripe[24m\cjs\stripe.core.js:52:20[90m)[39m
    at [90mc:\Users\Cole\Documents\Fastrack\Fastrack-Learning_Management-System\[39mfunctions\src\payment\paymentFunctions.js:151:28
    at Function.run [90m(c:\Users\Cole\Documents\Fastrack\Fastrack-Learning_Management-System\[39mfunctions\node_modules\[4mfirebase-functions[24m\lib\common\onInit.js:28:10[90m)[39m
    at [90mc:\Users\Cole\Documents\Fastrack\Fastrack-Learning_Management-System\[39mfunctions\src\payment\__tests__\paymentFunctions.test.js:204:35
    at file:///C:/Users/Cole/Documents/Fastrack/Fastrack-Learning_Management-System/node_modules/[4m@vitest/runner[24m/dist/index.js:135:14
    at file:///C:/Users/Cole/Documents/Fastrack/Fastrack-Learning_Management-System/node_modules/[4m@vitest/runner[24m/dist/index.js:60:26
    at runTest (file:///C:/Users/Cole/Documents/Fastrack/Fastrack-Learning_Management-System/node_modules/[4m@vitest/runner[24m/dist/index.js:781:17)
    at runSuite (file:///C:/Users/Cole/Documents/Fastrack/Fastrack-Learning_Management-System/node_modules/[4m@vitest/runner[24m/dist/index.js:909:15)

[90mstderr[2m | functions/src/payment/__tests__/paymentFunctions.test.js[2m > [22m[2mPayment Functions[2m > [22m[2mcreatePaymentIntent[2m > [22m[2mshould throw error if paymentType missing[22m[39m
{"severity":"WARNING","message":"No value found for secret parameter \"STRIPE_SECRET_KEY\". A function can only access a secret if you include the secret in the function's dependency array."}
Error creating payment intent: Error: Neither apiKey nor config.authenticator provided
    at Stripe._setAuthenticator [90m(c:\Users\Cole\Documents\Fastrack\Fastrack-Learning_Management-System\[39mfunctions\node_modules\[4mstripe[24m\cjs\stripe.core.js:158:23[90m)[39m
    at new Stripe [90m(c:\Users\Cole\Documents\Fastrack\Fastrack-Learning_Management-System\[39mfunctions\node_modules\[4mstripe[24m\cjs\stripe.core.js:96:14[90m)[39m
    at Stripe [90m(c:\Users\Cole\Documents\Fastrack\Fastrack-Learning_Management-System\[39mfunctions\node_modules\[4mstripe[24m\cjs\stripe.core.js:52:20[90m)[39m
    at [90mc:\Users\Cole\Documents\Fastrack\Fastrack-Learning_Management-System\[39mfunctions\src\payment\paymentFunctions.js:151:28
    at Function.run [90m(c:\Users\Cole\Documents\Fastrack\Fastrack-Learning_Management-System\[39mfunctions\node_modules\[4mfirebase-functions[24m\lib\common\onInit.js:28:10[90m)[39m
    at [90mc:\Users\Cole\Documents\Fastrack\Fastrack-Learning_Management-System\[39mfunctions\src\payment\__tests__\paymentFunctions.test.js:218:35
    at file:///C:/Users/Cole/Documents/Fastrack/Fastrack-Learning_Management-System/node_modules/[4m@vitest/runner[24m/dist/index.js:135:14
    at file:///C:/Users/Cole/Documents/Fastrack/Fastrack-Learning_Management-System/node_modules/[4m@vitest/runner[24m/dist/index.js:60:26
    at runTest (file:///C:/Users/Cole/Documents/Fastrack/Fastrack-Learning_Management-System/node_modules/[4m@vitest/runner[24m/dist/index.js:781:17)
    at runSuite (file:///C:/Users/Cole/Documents/Fastrack/Fastrack-Learning_Management-System/node_modules/[4m@vitest/runner[24m/dist/index.js:909:15)

 [32m✓[39m src/__tests__/firestore.rules.test.js [2m ([22m[2m25 tests[22m[2m)[22m[90m 14[2mms[22m[39m
[90mstderr[2m | src/api/base/__tests__/RetryHandler.test.js[2m > [22m[2mRetryHandler[2m > [22m[2mretryAsync convenience function[2m > [22m[2mshould throw after max attempts[22m[39m
⏱️  [test-operation] Attempt 2/3 failed, retrying in 214ms: Persistent error

 [32m✓[39m src/hooks/useSessionTimer.test.js [2m ([22m[2m26 tests[22m[2m)[22m[90m 97[2mms[22m[39m
[90mstderr[2m | src/api/base/__tests__/RetryHandler.test.js[2m > [22m[2mRetryHandler[2m > [22m[2mretryAsync convenience function[2m > [22m[2mshould throw after max attempts[22m[39m
❌ [test-operation] Failed after 3 attempts. Last error: Persistent error

[90mstderr[2m | src/api/base/__tests__/RetryHandler.test.js[2m > [22m[2mRetryHandler[2m > [22m[2mcreateRetryHandler factory[2m > [22m[2mshould work with custom handler[22m[39m
⏱️  [test] Attempt 1/2 failed, retrying in 5ms: Error

[90mstderr[2m | src/api/base/__tests__/RetryHandler.test.js[2m > [22m[2mRetryHandler[2m > [22m[2mcreateRetryHandler factory[2m > [22m[2mshould work with custom handler[22m[39m
❌ [test] Failed after 2 attempts. Last error: Error

[90mstderr[2m | src/api/base/__tests__/RetryHandler.test.js[2m > [22m[2mRetryHandler[2m > [22m[2mreal-world scenarios[2m > [22m[2mshould handle temporary network failure[22m[39m
⏱️  [fetchData] Attempt 1/3 failed, retrying in 10ms: Network error

[90mstderr[2m | src/api/base/__tests__/RetryHandler.test.js[2m > [22m[2mRetryHandler[2m > [22m[2mreal-world scenarios[2m > [22m[2mshould handle temporary network failure[22m[39m
⏱️  [fetchData] Attempt 2/3 failed, retrying in 22ms: Network error

 [32m✓[39m src/api/admin/__tests__/analyticsServices.test.js [2m ([22m[2m35 tests[22m[2m)[22m[90m 45[2mms[22m[39m
[90mstderr[2m | src/api/base/__tests__/RetryHandler.test.js[2m > [22m[2mRetryHandler[2m > [22m[2mreal-world scenarios[2m > [22m[2mshould handle temporary network failure[22m[39m
<empty line>
[90mstdout[2m | src/api/base/__tests__/RetryHandler.test.js[2m > [22m[2mRetryHandler[2m > [22m[2mreal-world scenarios[2m > [22m[2mshould handle temporary network failure[22m[39m
✅ [fetchData] Succeeded on attempt 3/3

[90mstderr[2m | src/api/base/__tests__/RetryHandler.test.js[2m > [22m[2mRetryHandler[2m > [22m[2mreal-world scenarios[2m > [22m[2mshould fail fast on permission error[22m[39m
❌ [updateDocument] Non-retryable error on attempt 1: Access denied

[90mstderr[2m | src/api/base/__tests__/RetryHandler.test.js[2m > [22m[2mRetryHandler[2m > [22m[2mreal-world scenarios[2m > [22m[2mshould recover from server temporarily unavailable[22m[39m
⏱️  [submitForm] Attempt 1/3 failed, retrying in 11ms: Service unavailable

[90mstderr[2m | src/api/base/__tests__/RetryHandler.test.js[2m > [22m[2mRetryHandler[2m > [22m[2mreal-world scenarios[2m > [22m[2mshould recover from server temporarily unavailable[22m[39m
<empty line>
[90mstdout[2m | src/api/base/__tests__/RetryHandler.test.js[2m > [22m[2mRetryHandler[2m > [22m[2mreal-world scenarios[2m > [22m[2mshould recover from server temporarily unavailable[22m[39m
✅ [submitForm] Succeeded on attempt 2/3

 [32m✓[39m src/api/base/__tests__/RetryHandler.test.js [2m ([22m[2m31 tests[22m[2m)[22m[33m 993[2mms[22m[39m
 [32m✓[39m src/components/admin/__tests__/SchedulingManagement.loadingIndicators.test.jsx [2m ([22m[2m16 tests[22m[2m)[22m[33m 2648[2mms[22m[39m
 [32m✓[39m src/api/enrollment/__tests__/enrollmentServices.reset.test.js [2m ([22m[2m19 tests[22m[2m)[22m[90m 41[2mms[22m[39m
[90mstderr[2m | src/components/admin/tabs/__tests__/UserManagementTab.test.jsx[2m > [22m[2mUserManagementTab[2m > [22m[2mError Handling[2m > [22m[2mshould display error message on load failure[22m[39m
Error loading users: Error: Load failed
    at [90mc:\Users\Cole\Documents\Fastrack\Fastrack-Learning_Management-System\[39msrc\components\admin\tabs\__tests__\UserManagementTab.test.jsx:552:21
    at file:///C:/Users/Cole/Documents/Fastrack/Fastrack-Learning_Management-System/node_modules/[4m@vitest/runner[24m/dist/index.js:135:14
    at file:///C:/Users/Cole/Documents/Fastrack/Fastrack-Learning_Management-System/node_modules/[4m@vitest/runner[24m/dist/index.js:60:26
    at runTest (file:///C:/Users/Cole/Documents/Fastrack/Fastrack-Learning_Management-System/node_modules/[4m@vitest/runner[24m/dist/index.js:781:17)
    at runSuite (file:///C:/Users/Cole/Documents/Fastrack/Fastrack-Learning_Management-System/node_modules/[4m@vitest/runner[24m/dist/index.js:909:15)
    at runSuite (file:///C:/Users/Cole/Documents/Fastrack/Fastrack-Learning_Management-System/node_modules/[4m@vitest/runner[24m/dist/index.js:909:15)
    at runSuite (file:///C:/Users/Cole/Documents/Fastrack/Fastrack-Learning_Management-System/node_modules/[4m@vitest/runner[24m/dist/index.js:909:15)
    at runFiles (file:///C:/Users/Cole/Documents/Fastrack/Fastrack-Learning_Management-System/node_modules/[4m@vitest/runner[24m/dist/index.js:958:5)
    at startTests (file:///C:/Users/Cole/Documents/Fastrack/Fastrack-Learning_Management-System/node_modules/[4m@vitest/runner[24m/dist/index.js:967:3)
    at file:///C:/Users/Cole/Documents/Fastrack/Fastrack-Learning_Management-System/node_modules/[4mvitest[24m/dist/chunks/runtime-runBaseTests.oAvMKtQC.js:116:7

[90mstderr[2m | src/components/admin/tabs/__tests__/UserManagementTab.test.jsx[2m > [22m[2mUserManagementTab[2m > [22m[2mError Handling[2m > [22m[2mshould display error on role change failure[22m[39m
Error changing user role: Error: Role change failed
    at [90mc:\Users\Cole\Documents\Fastrack\Fastrack-Learning_Management-System\[39msrc\components\admin\tabs\__tests__\UserManagementTab.test.jsx:563:21
    at file:///C:/Users/Cole/Documents/Fastrack/Fastrack-Learning_Management-System/node_modules/[4m@vitest/runner[24m/dist/index.js:135:14
    at file:///C:/Users/Cole/Documents/Fastrack/Fastrack-Learning_Management-System/node_modules/[4m@vitest/runner[24m/dist/index.js:60:26
    at runTest (file:///C:/Users/Cole/Documents/Fastrack/Fastrack-Learning_Management-System/node_modules/[4m@vitest/runner[24m/dist/index.js:781:17)
    at runSuite (file:///C:/Users/Cole/Documents/Fastrack/Fastrack-Learning_Management-System/node_modules/[4m@vitest/runner[24m/dist/index.js:909:15)
    at runSuite (file:///C:/Users/Cole/Documents/Fastrack/Fastrack-Learning_Management-System/node_modules/[4m@vitest/runner[24m/dist/index.js:909:15)
    at runSuite (file:///C:/Users/Cole/Documents/Fastrack/Fastrack-Learning_Management-System/node_modules/[4m@vitest/runner[24m/dist/index.js:909:15)
    at runFiles (file:///C:/Users/Cole/Documents/Fastrack/Fastrack-Learning_Management-System/node_modules/[4m@vitest/runner[24m/dist/index.js:958:5)
    at startTests (file:///C:/Users/Cole/Documents/Fastrack/Fastrack-Learning_Management-System/node_modules/[4m@vitest/runner[24m/dist/index.js:967:3)
    at file:///C:/Users/Cole/Documents/Fastrack/Fastrack-Learning_Management-System/node_modules/[4mvitest[24m/dist/chunks/runtime-runBaseTests.oAvMKtQC.js:116:7

 [32m✓[39m src/api/base/__tests__/CacheService.test.js [2m ([22m[2m32 tests[22m[2m)[22m[90m 68[2mms[22m[39m
[90mstderr[2m | src/components/admin/tabs/__tests__/UserManagementTab.test.jsx[2m > [22m[2mUserManagementTab[2m > [22m[2mError Handling[2m > [22m[2mshould display error on activity logs load failure[22m[39m
Error loading activity logs: Error: Logs load failed
    at [90mc:\Users\Cole\Documents\Fastrack\Fastrack-Learning_Management-System\[39msrc\components\admin\tabs\__tests__\UserManagementTab.test.jsx:588:21
    at file:///C:/Users/Cole/Documents/Fastrack/Fastrack-Learning_Management-System/node_modules/[4m@vitest/runner[24m/dist/index.js:135:14
    at file:///C:/Users/Cole/Documents/Fastrack/Fastrack-Learning_Management-System/node_modules/[4m@vitest/runner[24m/dist/index.js:60:26
    at runTest (file:///C:/Users/Cole/Documents/Fastrack/Fastrack-Learning_Management-System/node_modules/[4m@vitest/runner[24m/dist/index.js:781:17)
    at runSuite (file:///C:/Users/Cole/Documents/Fastrack/Fastrack-Learning_Management-System/node_modules/[4m@vitest/runner[24m/dist/index.js:909:15)
    at runSuite (file:///C:/Users/Cole/Documents/Fastrack/Fastrack-Learning_Management-System/node_modules/[4m@vitest/runner[24m/dist/index.js:909:15)
    at runSuite (file:///C:/Users/Cole/Documents/Fastrack/Fastrack-Learning_Management-System/node_modules/[4m@vitest/runner[24m/dist/index.js:909:15)
    at runFiles (file:///C:/Users/Cole/Documents/Fastrack/Fastrack-Learning_Management-System/node_modules/[4m@vitest/runner[24m/dist/index.js:958:5)
    at startTests (file:///C:/Users/Cole/Documents/Fastrack/Fastrack-Learning_Management-System/node_modules/[4m@vitest/runner[24m/dist/index.js:967:3)
    at file:///C:/Users/Cole/Documents/Fastrack/Fastrack-Learning_Management-System/node_modules/[4mvitest[24m/dist/chunks/runtime-runBaseTests.oAvMKtQC.js:116:7

 [32m✓[39m src/components/admin/tabs/__tests__/UserManagementTab.test.jsx [2m ([22m[2m28 tests[22m[2m)[22m[33m 2897[2mms[22m[39m
[90mstderr[2m | src/context/CourseContext.test.jsx[2m > [22m[2mCourseContext[2m > [22m[2museCourse hook[2m > [22m[2mshould provide course context inside CourseProvider[22m[39m
An update to CourseProvider inside a test was not wrapped in act(...).

When testing, code that causes React state updates should be wrapped into act(...):

act(() => {
  /* fire events that update state */
});
/* assert on the output */

This ensures that you're testing the behavior the user would see in the browser. Learn more at https://react.dev/link/wrap-tests-with-act
An update to CourseProvider inside a test was not wrapped in act(...).

When testing, code that causes React state updates should be wrapped into act(...):

act(() => {
  /* fire events that update state */
});
/* assert on the output */

This ensures that you're testing the behavior the user would see in the browser. Learn more at https://react.dev/link/wrap-tests-with-act

[90mstderr[2m | src/context/CourseContext.test.jsx[2m > [22m[2mCourseContext[2m > [22m[2mCourseProvider[2m > [22m[2mshould render children[22m[39m
An update to CourseProvider inside a test was not wrapped in act(...).

When testing, code that causes React state updates should be wrapped into act(...):

act(() => {
  /* fire events that update state */
});
/* assert on the output */

This ensures that you're testing the behavior the user would see in the browser. Learn more at https://react.dev/link/wrap-tests-with-act
An update to CourseProvider inside a test was not wrapped in act(...).

When testing, code that causes React state updates should be wrapped into act(...):

act(() => {
  /* fire events that update state */
});
/* assert on the output */

This ensures that you're testing the behavior the user would see in the browser. Learn more at https://react.dev/link/wrap-tests-with-act

 [32m✓[39m src/context/CourseContext.test.jsx [2m ([22m[2m18 tests[22m[2m)[22m[90m 240[2mms[22m[39m
 [32m✓[39m src/pages/Admin/__tests__/AdminPage.userManagement.integration.test.jsx [2m ([22m[2m12 tests[22m [2m|[22m [33m1 skipped[39m[2m)[22m[33m 456[2mms[22m[39m
 [32m✓[39m src/components/admin/tabs/__tests__/AnalyticsTab.test.jsx [2m ([22m[2m30 tests[22m[2m)[22m[33m 1626[2mms[22m[39m
 [32m✓[39m src/components/common/Quiz/Quiz.test.jsx [2m ([22m[2m12 tests[22m[2m)[22m[33m 1266[2mms[22m[39m
 [32m✓[39m src/api/enrollment/__tests__/enrollmentServices.refactor.test.js [2m ([22m[2m13 tests[22m[2m)[22m[90m 32[2mms[22m[39m
 [32m✓[39m src/context/AuthContext.test.jsx [2m ([22m[2m14 tests[22m[2m)[22m[90m 287[2mms[22m[39m
[90mstderr[2m | functions/src/certificate/__tests__/certificateFunctions.test.js[2m > [22m[2mCertificate Functions[2m > [22m[2mgenerateCertificate[2m > [22m[2mshould throw error if user not authenticated[22m[39m
Error generating certificate: Error: Authentication required
    at [90mc:\Users\Cole\Documents\Fastrack\Fastrack-Learning_Management-System\[39mfunctions\src\certificate\certificateFunctions.js:9:13
    at Function.run [90m(c:\Users\Cole\Documents\Fastrack\Fastrack-Learning_Management-System\[39mfunctions\node_modules\[4mfirebase-functions[24m\lib\common\onInit.js:28:10[90m)[39m
    at [90mc:\Users\Cole\Documents\Fastrack\Fastrack-Learning_Management-System\[39mfunctions\src\certificate\__tests__\certificateFunctions.test.js:40:35
    at file:///C:/Users/Cole/Documents/Fastrack/Fastrack-Learning_Management-System/node_modules/[4m@vitest/runner[24m/dist/index.js:135:14
    at file:///C:/Users/Cole/Documents/Fastrack/Fastrack-Learning_Management-System/node_modules/[4m@vitest/runner[24m/dist/index.js:60:26
    at runTest (file:///C:/Users/Cole/Documents/Fastrack/Fastrack-Learning_Management-System/node_modules/[4m@vitest/runner[24m/dist/index.js:781:17)
    at runSuite (file:///C:/Users/Cole/Documents/Fastrack/Fastrack-Learning_Management-System/node_modules/[4m@vitest/runner[24m/dist/index.js:909:15)
    at runSuite (file:///C:/Users/Cole/Documents/Fastrack/Fastrack-Learning_Management-System/node_modules/[4m@vitest/runner[24m/dist/index.js:909:15)
    at runSuite (file:///C:/Users/Cole/Documents/Fastrack/Fastrack-Learning_Management-System/node_modules/[4m@vitest/runner[24m/dist/index.js:909:15)
    at runFiles (file:///C:/Users/Cole/Documents/Fastrack/Fastrack-Learning_Management-System/node_modules/[4m@vitest/runner[24m/dist/index.js:958:5)

[90mstderr[2m | functions/src/certificate/__tests__/certificateFunctions.test.js[2m > [22m[2mCertificate Functions[2m > [22m[2mgenerateCertificate[2m > [22m[2mshould throw error if userId missing[22m[39m
Error generating certificate: Error: Missing required parameters: userId, courseId
    at [90mc:\Users\Cole\Documents\Fastrack\Fastrack-Learning_Management-System\[39mfunctions\src\certificate\certificateFunctions.js:16:13
    at Function.run [90m(c:\Users\Cole\Documents\Fastrack\Fastrack-Learning_Management-System\[39mfunctions\node_modules\[4mfirebase-functions[24m\lib\common\onInit.js:28:10[90m)[39m
    at [90mc:\Users\Cole\Documents\Fastrack\Fastrack-Learning_Management-System\[39mfunctions\src\certificate\__tests__\certificateFunctions.test.js:51:35
    at file:///C:/Users/Cole/Documents/Fastrack/Fastrack-Learning_Management-System/node_modules/[4m@vitest/runner[24m/dist/index.js:135:14
    at file:///C:/Users/Cole/Documents/Fastrack/Fastrack-Learning_Management-System/node_modules/[4m@vitest/runner[24m/dist/index.js:60:26
    at runTest (file:///C:/Users/Cole/Documents/Fastrack/Fastrack-Learning_Management-System/node_modules/[4m@vitest/runner[24m/dist/index.js:781:17)
    at runSuite (file:///C:/Users/Cole/Documents/Fastrack/Fastrack-Learning_Management-System/node_modules/[4m@vitest/runner[24m/dist/index.js:909:15)
    at runSuite (file:///C:/Users/Cole/Documents/Fastrack/Fastrack-Learning_Management-System/node_modules/[4m@vitest/runner[24m/dist/index.js:909:15)
    at runSuite (file:///C:/Users/Cole/Documents/Fastrack/Fastrack-Learning_Management-System/node_modules/[4m@vitest/runner[24m/dist/index.js:909:15)
    at runFiles (file:///C:/Users/Cole/Documents/Fastrack/Fastrack-Learning_Management-System/node_modules/[4m@vitest/runner[24m/dist/index.js:958:5)

[90mstderr[2m | functions/src/certificate/__tests__/certificateFunctions.test.js[2m > [22m[2mCertificate Functions[2m > [22m[2mgenerateCertificate[2m > [22m[2mshould throw error if courseId missing[22m[39m
Error generating certificate: Error: Missing required parameters: userId, courseId
    at [90mc:\Users\Cole\Documents\Fastrack\Fastrack-Learning_Management-System\[39mfunctions\src\certificate\certificateFunctions.js:16:13
    at Function.run [90m(c:\Users\Cole\Documents\Fastrack\Fastrack-Learning_Management-System\[39mfunctions\node_modules\[4mfirebase-functions[24m\lib\common\onInit.js:28:10[90m)[39m
    at [90mc:\Users\Cole\Documents\Fastrack\Fastrack-Learning_Management-System\[39mfunctions\src\certificate\__tests__\certificateFunctions.test.js:62:35
    at file:///C:/Users/Cole/Documents/Fastrack/Fastrack-Learning_Management-System/node_modules/[4m@vitest/runner[24m/dist/index.js:135:14
    at file:///C:/Users/Cole/Documents/Fastrack/Fastrack-Learning_Management-System/node_modules/[4m@vitest/runner[24m/dist/index.js:60:26
    at runTest (file:///C:/Users/Cole/Documents/Fastrack/Fastrack-Learning_Management-System/node_modules/[4m@vitest/runner[24m/dist/index.js:781:17)
    at runSuite (file:///C:/Users/Cole/Documents/Fastrack/Fastrack-Learning_Management-System/node_modules/[4m@vitest/runner[24m/dist/index.js:909:15)
    at runSuite (file:///C:/Users/Cole/Documents/Fastrack/Fastrack-Learning_Management-System/node_modules/[4m@vitest/runner[24m/dist/index.js:909:15)
    at runSuite (file:///C:/Users/Cole/Documents/Fastrack/Fastrack-Learning_Management-System/node_modules/[4m@vitest/runner[24m/dist/index.js:909:15)
    at runFiles (file:///C:/Users/Cole/Documents/Fastrack/Fastrack-Learning_Management-System/node_modules/[4m@vitest/runner[24m/dist/index.js:958:5)

[90mstderr[2m | functions/src/certificate/__tests__/certificateFunctions.test.js[2m > [22m[2mCertificate Functions[2m > [22m[2mgenerateCertificate[2m > [22m[2mshould throw error if enrollment not found[22m[39m
Error generating certificate: Error: Enrollment not found
    at [90mc:\Users\Cole\Documents\Fastrack\Fastrack-Learning_Management-System\[39mfunctions\src\certificate\certificateFunctions.js:23:13
    at [90mc:\Users\Cole\Documents\Fastrack\Fastrack-Learning_Management-System\[39mfunctions\src\certificate\__tests__\certificateFunctions.test.js:86:9
    at runTest (file:///C:/Users/Cole/Documents/Fastrack/Fastrack-Learning_Management-System/node_modules/[4m@vitest/runner[24m/dist/index.js:781:11)
    at runSuite (file:///C:/Users/Cole/Documents/Fastrack/Fastrack-Learning_Management-System/node_modules/[4m@vitest/runner[24m/dist/index.js:909:15)
    at runSuite (file:///C:/Users/Cole/Documents/Fastrack/Fastrack-Learning_Management-System/node_modules/[4m@vitest/runner[24m/dist/index.js:909:15)
    at runSuite (file:///C:/Users/Cole/Documents/Fastrack/Fastrack-Learning_Management-System/node_modules/[4m@vitest/runner[24m/dist/index.js:909:15)
    at runFiles (file:///C:/Users/Cole/Documents/Fastrack/Fastrack-Learning_Management-System/node_modules/[4m@vitest/runner[24m/dist/index.js:958:5)
    at startTests (file:///C:/Users/Cole/Documents/Fastrack/Fastrack-Learning_Management-System/node_modules/[4m@vitest/runner[24m/dist/index.js:967:3)
    at file:///C:/Users/Cole/Documents/Fastrack/Fastrack-Learning_Management-System/node_modules/[4mvitest[24m/dist/chunks/runtime-runBaseTests.oAvMKtQC.js:116:7
    at withEnv (file:///C:/Users/Cole/Documents/Fastrack/Fastrack-Learning_Management-System/node_modules/[4mvitest[24m/dist/chunks/runtime-runBaseTests.oAvMKtQC.js:83:5)

[90mstderr[2m | functions/src/certificate/__tests__/certificateFunctions.test.js[2m > [22m[2mCertificate Functions[2m > [22m[2mgenerateCertificate[2m > [22m[2mshould throw error if payment not completed[22m[39m
Error generating certificate: Error: Payment not completed. Cannot generate certificate.
    at [90mc:\Users\Cole\Documents\Fastrack\Fastrack-Learning_Management-System\[39mfunctions\src\certificate\certificateFunctions.js:29:13
    at [90mc:\Users\Cole\Documents\Fastrack\Fastrack-Learning_Management-System\[39mfunctions\src\certificate\__tests__\certificateFunctions.test.js:118:9
    at runTest (file:///C:/Users/Cole/Documents/Fastrack/Fastrack-Learning_Management-System/node_modules/[4m@vitest/runner[24m/dist/index.js:781:11)
    at runSuite (file:///C:/Users/Cole/Documents/Fastrack/Fastrack-Learning_Management-System/node_modules/[4m@vitest/runner[24m/dist/index.js:909:15)
    at runSuite (file:///C:/Users/Cole/Documents/Fastrack/Fastrack-Learning_Management-System/node_modules/[4m@vitest/runner[24m/dist/index.js:909:15)
    at runSuite (file:///C:/Users/Cole/Documents/Fastrack/Fastrack-Learning_Management-System/node_modules/[4m@vitest/runner[24m/dist/index.js:909:15)
    at runFiles (file:///C:/Users/Cole/Documents/Fastrack/Fastrack-Learning_Management-System/node_modules/[4m@vitest/runner[24m/dist/index.js:958:5)
    at startTests (file:///C:/Users/Cole/Documents/Fastrack/Fastrack-Learning_Management-System/node_modules/[4m@vitest/runner[24m/dist/index.js:967:3)
    at file:///C:/Users/Cole/Documents/Fastrack/Fastrack-Learning_Management-System/node_modules/[4mvitest[24m/dist/chunks/runtime-runBaseTests.oAvMKtQC.js:116:7
    at withEnv (file:///C:/Users/Cole/Documents/Fastrack/Fastrack-Learning_Management-System/node_modules/[4mvitest[24m/dist/chunks/runtime-runBaseTests.oAvMKtQC.js:83:5)

[90mstderr[2m | functions/src/certificate/__tests__/certificateFunctions.test.js[2m > [22m[2mCertificate Functions[2m > [22m[2mgenerateCertificate[2m > [22m[2mshould throw error if course not found[22m[39m
Error generating certificate: Error: Course not found
    at [90mc:\Users\Cole\Documents\Fastrack\Fastrack-Learning_Management-System\[39mfunctions\src\certificate\certificateFunctions.js:36:13
    at [90mc:\Users\Cole\Documents\Fastrack\Fastrack-Learning_Management-System\[39mfunctions\src\certificate\__tests__\certificateFunctions.test.js:159:9
    at runTest (file:///C:/Users/Cole/Documents/Fastrack/Fastrack-Learning_Management-System/node_modules/[4m@vitest/runner[24m/dist/index.js:781:11)
    at runSuite (file:///C:/Users/Cole/Documents/Fastrack/Fastrack-Learning_Management-System/node_modules/[4m@vitest/runner[24m/dist/index.js:909:15)
    at runSuite (file:///C:/Users/Cole/Documents/Fastrack/Fastrack-Learning_Management-System/node_modules/[4m@vitest/runner[24m/dist/index.js:909:15)
    at runSuite (file:///C:/Users/Cole/Documents/Fastrack/Fastrack-Learning_Management-System/node_modules/[4m@vitest/runner[24m/dist/index.js:909:15)
    at runFiles (file:///C:/Users/Cole/Documents/Fastrack/Fastrack-Learning_Management-System/node_modules/[4m@vitest/runner[24m/dist/index.js:958:5)
    at startTests (file:///C:/Users/Cole/Documents/Fastrack/Fastrack-Learning_Management-System/node_modules/[4m@vitest/runner[24m/dist/index.js:967:3)
    at file:///C:/Users/Cole/Documents/Fastrack/Fastrack-Learning_Management-System/node_modules/[4mvitest[24m/dist/chunks/runtime-runBaseTests.oAvMKtQC.js:116:7
    at withEnv (file:///C:/Users/Cole/Documents/Fastrack/Fastrack-Learning_Management-System/node_modules/[4mvitest[24m/dist/chunks/runtime-runBaseTests.oAvMKtQC.js:83:5)

 [32m✓[39m functions/src/certificate/__tests__/certificateFunctions.test.js [2m ([22m[2m8 tests[22m[2m)[22m[90m 40[2mms[22m[39m
 [32m✓[39m src/constants/__tests__/userRoles.assignment.test.js [2m ([22m[2m35 tests[22m[2m)[22m[90m 23[2mms[22m[39m
[90mstderr[2m | functions/src/compliance/__tests__/complianceFunctions.edge.test.js[2m > [22m[2mCompliance Functions - Edge Cases[2m > [22m[2mgenerateComplianceReport[2m > [22m[2mshould handle empty data gracefully for JSON format[22m[39m
Failed to log audit event: ReferenceError: userId is not defined
    at logAuditEvent [90m(c:\Users\Cole\Documents\Fastrack\Fastrack-Learning_Management-System\[39mfunctions\src\common\auditLogger.js:73:7[90m)[39m
    at [90mc:\Users\Cole\Documents\Fastrack\Fastrack-Learning_Management-System\[39mfunctions\src\compliance\complianceFunctions.js:799:11
    at [90mc:\Users\Cole\Documents\Fastrack\Fastrack-Learning_Management-System\[39mfunctions\src\compliance\__tests__\complianceFunctions.edge.test.js:142:32
    at runTest (file:///C:/Users/Cole/Documents/Fastrack/Fastrack-Learning_Management-System/node_modules/[4m@vitest/runner[24m/dist/index.js:781:11)
    at runSuite (file:///C:/Users/Cole/Documents/Fastrack/Fastrack-Learning_Management-System/node_modules/[4m@vitest/runner[24m/dist/index.js:909:15)
    at runSuite (file:///C:/Users/Cole/Documents/Fastrack/Fastrack-Learning_Management-System/node_modules/[4m@vitest/runner[24m/dist/index.js:909:15)
    at runSuite (file:///C:/Users/Cole/Documents/Fastrack/Fastrack-Learning_Management-System/node_modules/[4m@vitest/runner[24m/dist/index.js:909:15)
    at runFiles (file:///C:/Users/Cole/Documents/Fastrack/Fastrack-Learning_Management-System/node_modules/[4m@vitest/runner[24m/dist/index.js:958:5)
    at startTests (file:///C:/Users/Cole/Documents/Fastrack/Fastrack-Learning_Management-System/node_modules/[4m@vitest/runner[24m/dist/index.js:967:3)
    at file:///C:/Users/Cole/Documents/Fastrack/Fastrack-Learning_Management-System/node_modules/[4mvitest[24m/dist/chunks/runtime-runBaseTests.oAvMKtQC.js:116:7

[90mstderr[2m | functions/src/compliance/__tests__/complianceFunctions.edge.test.js[2m > [22m[2mCompliance Functions - Edge Cases[2m > [22m[2msessionHeartbeat[2m > [22m[2mshould throw error if session does not exist[22m[39m
Error processing session heartbeat: Error: Session not found
    at [90mc:\Users\Cole\Documents\Fastrack\Fastrack-Learning_Management-System\[39mfunctions\src\compliance\complianceFunctions.js:180:15
    at [90mc:\Users\Cole\Documents\Fastrack\Fastrack-Learning_Management-System\[39mfunctions\src\compliance\__tests__\complianceFunctions.edge.test.js:201:17
    at runTest (file:///C:/Users/Cole/Documents/Fastrack/Fastrack-Learning_Management-System/node_modules/[4m@vitest/runner[24m/dist/index.js:781:11)
    at runSuite (file:///C:/Users/Cole/Documents/Fastrack/Fastrack-Learning_Management-System/node_modules/[4m@vitest/runner[24m/dist/index.js:909:15)
    at runSuite (file:///C:/Users/Cole/Documents/Fastrack/Fastrack-Learning_Management-System/node_modules/[4m@vitest/runner[24m/dist/index.js:909:15)
    at runSuite (file:///C:/Users/Cole/Documents/Fastrack/Fastrack-Learning_Management-System/node_modules/[4m@vitest/runner[24m/dist/index.js:909:15)
    at runFiles (file:///C:/Users/Cole/Documents/Fastrack/Fastrack-Learning_Management-System/node_modules/[4m@vitest/runner[24m/dist/index.js:958:5)
    at startTests (file:///C:/Users/Cole/Documents/Fastrack/Fastrack-Learning_Management-System/node_modules/[4m@vitest/runner[24m/dist/index.js:967:3)
    at file:///C:/Users/Cole/Documents/Fastrack/Fastrack-Learning_Management-System/node_modules/[4mvitest[24m/dist/chunks/runtime-runBaseTests.oAvMKtQC.js:116:7
    at withEnv (file:///C:/Users/Cole/Documents/Fastrack/Fastrack-Learning_Management-System/node_modules/[4mvitest[24m/dist/chunks/runtime-runBaseTests.oAvMKtQC.js:83:5)
Failed to log audit event: ReferenceError: data is not defined
    at [90mc:\Users\Cole\Documents\Fastrack\Fastrack-Learning_Management-System\[39mfunctions\src\compliance\complianceFunctions.js:304:49
    at [90mc:\Users\Cole\Documents\Fastrack\Fastrack-Learning_Management-System\[39mfunctions\src\compliance\__tests__\complianceFunctions.edge.test.js:201:17
    at runTest (file:///C:/Users/Cole/Documents/Fastrack/Fastrack-Learning_Management-System/node_modules/[4m@vitest/runner[24m/dist/index.js:781:11)
    at runSuite (file:///C:/Users/Cole/Documents/Fastrack/Fastrack-Learning_Management-System/node_modules/[4m@vitest/runner[24m/dist/index.js:909:15)
    at runSuite (file:///C:/Users/Cole/Documents/Fastrack/Fastrack-Learning_Management-System/node_modules/[4m@vitest/runner[24m/dist/index.js:909:15)
    at runSuite (file:///C:/Users/Cole/Documents/Fastrack/Fastrack-Learning_Management-System/node_modules/[4m@vitest/runner[24m/dist/index.js:909:15)
    at runFiles (file:///C:/Users/Cole/Documents/Fastrack/Fastrack-Learning_Management-System/node_modules/[4m@vitest/runner[24m/dist/index.js:958:5)
    at startTests (file:///C:/Users/Cole/Documents/Fastrack/Fastrack-Learning_Management-System/node_modules/[4m@vitest/runner[24m/dist/index.js:967:3)
    at file:///C:/Users/Cole/Documents/Fastrack/Fastrack-Learning_Management-System/node_modules/[4mvitest[24m/dist/chunks/runtime-runBaseTests.oAvMKtQC.js:116:7
    at withEnv (file:///C:/Users/Cole/Documents/Fastrack/Fastrack-Learning_Management-System/node_modules/[4mvitest[24m/dist/chunks/runtime-runBaseTests.oAvMKtQC.js:83:5)

 [32m✓[39m functions/src/compliance/__tests__/complianceFunctions.edge.test.js [2m ([22m[2m2 tests[22m[2m)[22m[90m 35[2mms[22m[39m
[90mstderr[2m | functions/src/user/__tests__/userFunctions.test.js[2m > [22m[2mUser Functions[2m > [22m[2mcreateUser[2m > [22m[2mshould throw error if email missing[22m[39m
Error creating user: Error: Missing required fields: email, password, displayName
    at [90mc:\Users\Cole\Documents\Fastrack\Fastrack-Learning_Management-System\[39mfunctions\src\user\userFunctions.js:13:13
    at Function.run [90m(c:\Users\Cole\Documents\Fastrack\Fastrack-Learning_Management-System\[39mfunctions\node_modules\[4mfirebase-functions[24m\lib\common\onInit.js:28:10[90m)[39m
    at [90mc:\Users\Cole\Documents\Fastrack\Fastrack-Learning_Management-System\[39mfunctions\src\user\__tests__\userFunctions.test.js:152:26
    at file:///C:/Users/Cole/Documents/Fastrack/Fastrack-Learning_Management-System/node_modules/[4m@vitest/runner[24m/dist/index.js:135:14
    at file:///C:/Users/Cole/Documents/Fastrack/Fastrack-Learning_Management-System/node_modules/[4m@vitest/runner[24m/dist/index.js:60:26
    at runTest (file:///C:/Users/Cole/Documents/Fastrack/Fastrack-Learning_Management-System/node_modules/[4m@vitest/runner[24m/dist/index.js:781:17)
    at runSuite (file:///C:/Users/Cole/Documents/Fastrack/Fastrack-Learning_Management-System/node_modules/[4m@vitest/runner[24m/dist/index.js:909:15)
    at runSuite (file:///C:/Users/Cole/Documents/Fastrack/Fastrack-Learning_Management-System/node_modules/[4m@vitest/runner[24m/dist/index.js:909:15)
    at runSuite (file:///C:/Users/Cole/Documents/Fastrack/Fastrack-Learning_Management-System/node_modules/[4m@vitest/runner[24m/dist/index.js:909:15)
    at runFiles (file:///C:/Users/Cole/Documents/Fastrack/Fastrack-Learning_Management-System/node_modules/[4m@vitest/runner[24m/dist/index.js:958:5)

[90mstderr[2m | functions/src/user/__tests__/userFunctions.test.js[2m > [22m[2mUser Functions[2m > [22m[2mcreateUser[2m > [22m[2mshould throw error if password missing[22m[39m
Error creating user: Error: Missing required fields: email, password, displayName
    at [90mc:\Users\Cole\Documents\Fastrack\Fastrack-Learning_Management-System\[39mfunctions\src\user\userFunctions.js:13:13
    at Function.run [90m(c:\Users\Cole\Documents\Fastrack\Fastrack-Learning_Management-System\[39mfunctions\node_modules\[4mfirebase-functions[24m\lib\common\onInit.js:28:10[90m)[39m
    at [90mc:\Users\Cole\Documents\Fastrack\Fastrack-Learning_Management-System\[39mfunctions\src\user\__tests__\userFunctions.test.js:166:26
    at file:///C:/Users/Cole/Documents/Fastrack/Fastrack-Learning_Management-System/node_modules/[4m@vitest/runner[24m/dist/index.js:135:14
    at file:///C:/Users/Cole/Documents/Fastrack/Fastrack-Learning_Management-System/node_modules/[4m@vitest/runner[24m/dist/index.js:60:26
    at runTest (file:///C:/Users/Cole/Documents/Fastrack/Fastrack-Learning_Management-System/node_modules/[4m@vitest/runner[24m/dist/index.js:781:17)
    at runSuite (file:///C:/Users/Cole/Documents/Fastrack/Fastrack-Learning_Management-System/node_modules/[4m@vitest/runner[24m/dist/index.js:909:15)
    at runSuite (file:///C:/Users/Cole/Documents/Fastrack/Fastrack-Learning_Management-System/node_modules/[4m@vitest/runner[24m/dist/index.js:909:15)
    at runSuite (file:///C:/Users/Cole/Documents/Fastrack/Fastrack-Learning_Management-System/node_modules/[4m@vitest/runner[24m/dist/index.js:909:15)
    at runFiles (file:///C:/Users/Cole/Documents/Fastrack/Fastrack-Learning_Management-System/node_modules/[4m@vitest/runner[24m/dist/index.js:958:5)

[90mstderr[2m | functions/src/user/__tests__/userFunctions.test.js[2m > [22m[2mUser Functions[2m > [22m[2mcreateUser[2m > [22m[2mshould throw error if displayName missing[22m[39m
Error creating user: Error: Missing required fields: email, password, displayName
    at [90mc:\Users\Cole\Documents\Fastrack\Fastrack-Learning_Management-System\[39mfunctions\src\user\userFunctions.js:13:13
    at Function.run [90m(c:\Users\Cole\Documents\Fastrack\Fastrack-Learning_Management-System\[39mfunctions\node_modules\[4mfirebase-functions[24m\lib\common\onInit.js:28:10[90m)[39m
    at [90mc:\Users\Cole\Documents\Fastrack\Fastrack-Learning_Management-System\[39mfunctions\src\user\__tests__\userFunctions.test.js:180:26
    at file:///C:/Users/Cole/Documents/Fastrack/Fastrack-Learning_Management-System/node_modules/[4m@vitest/runner[24m/dist/index.js:135:14
    at file:///C:/Users/Cole/Documents/Fastrack/Fastrack-Learning_Management-System/node_modules/[4m@vitest/runner[24m/dist/index.js:60:26
    at runTest (file:///C:/Users/Cole/Documents/Fastrack/Fastrack-Learning_Management-System/node_modules/[4m@vitest/runner[24m/dist/index.js:781:17)
    at runSuite (file:///C:/Users/Cole/Documents/Fastrack/Fastrack-Learning_Management-System/node_modules/[4m@vitest/runner[24m/dist/index.js:909:15)
    at runSuite (file:///C:/Users/Cole/Documents/Fastrack/Fastrack-Learning_Management-System/node_modules/[4m@vitest/runner[24m/dist/index.js:909:15)
    at runSuite (file:///C:/Users/Cole/Documents/Fastrack/Fastrack-Learning_Management-System/node_modules/[4m@vitest/runner[24m/dist/index.js:909:15)
    at runFiles (file:///C:/Users/Cole/Documents/Fastrack/Fastrack-Learning_Management-System/node_modules/[4m@vitest/runner[24m/dist/index.js:958:5)

[90mstderr[2m | functions/src/user/__tests__/userFunctions.test.js[2m > [22m[2mUser Functions[2m > [22m[2mcreateUser[2m > [22m[2mshould handle auth creation errors[22m[39m
Error creating user: Error: Email already exists
    at [90mc:\Users\Cole\Documents\Fastrack\Fastrack-Learning_Management-System\[39mfunctions\src\user\__tests__\userFunctions.test.js:298:9
    at file:///C:/Users/Cole/Documents/Fastrack/Fastrack-Learning_Management-System/node_modules/[4m@vitest/runner[24m/dist/index.js:135:14
    at file:///C:/Users/Cole/Documents/Fastrack/Fastrack-Learning_Management-System/node_modules/[4m@vitest/runner[24m/dist/index.js:60:26
    at runTest (file:///C:/Users/Cole/Documents/Fastrack/Fastrack-Learning_Management-System/node_modules/[4m@vitest/runner[24m/dist/index.js:781:17)
    at runSuite (file:///C:/Users/Cole/Documents/Fastrack/Fastrack-Learning_Management-System/node_modules/[4m@vitest/runner[24m/dist/index.js:909:15)
    at runSuite (file:///C:/Users/Cole/Documents/Fastrack/Fastrack-Learning_Management-System/node_modules/[4m@vitest/runner[24m/dist/index.js:909:15)
    at runSuite (file:///C:/Users/Cole/Documents/Fastrack/Fastrack-Learning_Management-System/node_modules/[4m@vitest/runner[24m/dist/index.js:909:15)
    at runFiles (file:///C:/Users/Cole/Documents/Fastrack/Fastrack-Learning_Management-System/node_modules/[4m@vitest/runner[24m/dist/index.js:958:5)
    at startTests (file:///C:/Users/Cole/Documents/Fastrack/Fastrack-Learning_Management-System/node_modules/[4m@vitest/runner[24m/dist/index.js:967:3)
    at file:///C:/Users/Cole/Documents/Fastrack/Fastrack-Learning_Management-System/node_modules/[4mvitest[24m/dist/chunks/runtime-runBaseTests.oAvMKtQC.js:116:7

 [32m✓[39m functions/src/user/__tests__/userFunctions.test.js [2m ([22m[2m11 tests[22m[2m)[22m[90m 103[2mms[22m[39m
 [32m✓[39m src/api/student/__tests__/userServices.getAllStudents.test.js [2m ([22m[2m6 tests[22m[2m)[22m[90m 22[2mms[22m[39m
 [32m✓[39m src/api/enrollment/__tests__/enrollmentServices.checkCourseAccess.test.js [2m ([22m[2m9 tests[22m[2m)[22m[90m 33[2mms[22m[39m
[90mstderr[2m | src/pages/Admin/__tests__/AdminPage.comprehensive.test.jsx[2m > [22m[2mAdminPage - Comprehensive Integration Tests[2m > [22m[2mScheduling Management Tab[2m > [22m[2mshould switch to scheduling tab[22m[39m
An update to SchedulingManagement inside a test was not wrapped in act(...).

When testing, code that causes React state updates should be wrapped into act(...):

act(() => {
  /* fire events that update state */
});
/* assert on the output */

This ensures that you're testing the behavior the user would see in the browser. Learn more at https://react.dev/link/wrap-tests-with-act
An update to SchedulingManagement inside a test was not wrapped in act(...).

When testing, code that causes React state updates should be wrapped into act(...):

act(() => {
  /* fire events that update state */
});
/* assert on the output */

This ensures that you're testing the behavior the user would see in the browser. Learn more at https://react.dev/link/wrap-tests-with-act
An update to SchedulingManagement inside a test was not wrapped in act(...).

When testing, code that causes React state updates should be wrapped into act(...):

act(() => {
  /* fire events that update state */
});
/* assert on the output */

This ensures that you're testing the behavior the user would see in the browser. Learn more at https://react.dev/link/wrap-tests-with-act

 [32m✓[39m src/pages/Admin/__tests__/AdminPage.comprehensive.test.jsx [2m ([22m[2m14 tests[22m[2m)[22m[33m 1769[2mms[22m[39m
 [33m❯[39m src/api/courses/__tests__/lessonServices.test.js [2m ([22m[2m0 test[22m[2m)[22m
[90mstderr[2m | functions/src/compliance/sessionHeartbeat.test.js[2m > [22m[2msessionHeartbeat Cloud Function[2m > [22m[2mshould throw error if not authenticated[22m[39m
Error processing session heartbeat: Error: Authentication required
    at [90mc:\Users\Cole\Documents\Fastrack\Fastrack-Learning_Management-System\[39mfunctions\src\compliance\complianceFunctions.js:147:15
    at Function.run [90m(c:\Users\Cole\Documents\Fastrack\Fastrack-Learning_Management-System\[39mfunctions\node_modules\[4mfirebase-functions[24m\lib\common\onInit.js:28:10[90m)[39m
    at [90mc:\Users\Cole\Documents\Fastrack\Fastrack-Learning_Management-System\[39mfunctions\src\compliance\sessionHeartbeat.test.js:89:30
    at file:///C:/Users/Cole/Documents/Fastrack/Fastrack-Learning_Management-System/node_modules/[4m@vitest/runner[24m/dist/index.js:135:14
    at file:///C:/Users/Cole/Documents/Fastrack/Fastrack-Learning_Management-System/node_modules/[4m@vitest/runner[24m/dist/index.js:60:26
    at runTest (file:///C:/Users/Cole/Documents/Fastrack/Fastrack-Learning_Management-System/node_modules/[4m@vitest/runner[24m/dist/index.js:781:17)
    at runSuite (file:///C:/Users/Cole/Documents/Fastrack/Fastrack-Learning_Management-System/node_modules/[4m@vitest/runner[24m/dist/index.js:909:15)
    at runSuite (file:///C:/Users/Cole/Documents/Fastrack/Fastrack-Learning_Management-System/node_modules/[4m@vitest/runner[24m/dist/index.js:909:15)
    at runFiles (file:///C:/Users/Cole/Documents/Fastrack/Fastrack-Learning_Management-System/node_modules/[4m@vitest/runner[24m/dist/index.js:958:5)
    at startTests (file:///C:/Users/Cole/Documents/Fastrack/Fastrack-Learning_Management-System/node_modules/[4m@vitest/runner[24m/dist/index.js:967:3)
Failed to log audit event: ReferenceError: data is not defined
    at [90mc:\Users\Cole\Documents\Fastrack\Fastrack-Learning_Management-System\[39mfunctions\src\compliance\complianceFunctions.js:304:49
    at Function.run [90m(c:\Users\Cole\Documents\Fastrack\Fastrack-Learning_Management-System\[39mfunctions\node_modules\[4mfirebase-functions[24m\lib\common\onInit.js:28:10[90m)[39m
    at [90mc:\Users\Cole\Documents\Fastrack\Fastrack-Learning_Management-System\[39mfunctions\src\compliance\sessionHeartbeat.test.js:89:30
    at file:///C:/Users/Cole/Documents/Fastrack/Fastrack-Learning_Management-System/node_modules/[4m@vitest/runner[24m/dist/index.js:135:14
    at file:///C:/Users/Cole/Documents/Fastrack/Fastrack-Learning_Management-System/node_modules/[4m@vitest/runner[24m/dist/index.js:60:26
    at runTest (file:///C:/Users/Cole/Documents/Fastrack/Fastrack-Learning_Management-System/node_modules/[4m@vitest/runner[24m/dist/index.js:781:17)
    at runSuite (file:///C:/Users/Cole/Documents/Fastrack/Fastrack-Learning_Management-System/node_modules/[4m@vitest/runner[24m/dist/index.js:909:15)
    at runSuite (file:///C:/Users/Cole/Documents/Fastrack/Fastrack-Learning_Management-System/node_modules/[4m@vitest/runner[24m/dist/index.js:909:15)
    at runFiles (file:///C:/Users/Cole/Documents/Fastrack/Fastrack-Learning_Management-System/node_modules/[4m@vitest/runner[24m/dist/index.js:958:5)
    at startTests (file:///C:/Users/Cole/Documents/Fastrack/Fastrack-Learning_Management-System/node_modules/[4m@vitest/runner[24m/dist/index.js:967:3)

[90mstderr[2m | functions/src/compliance/sessionHeartbeat.test.js[2m > [22m[2msessionHeartbeat Cloud Function[2m > [22m[2mshould throw error if userId is missing[22m[39m
Error processing session heartbeat: Error: Authentication required
    at [90mc:\Users\Cole\Documents\Fastrack\Fastrack-Learning_Management-System\[39mfunctions\src\compliance\complianceFunctions.js:147:15
    at Function.run [90m(c:\Users\Cole\Documents\Fastrack\Fastrack-Learning_Management-System\[39mfunctions\node_modules\[4mfirebase-functions[24m\lib\common\onInit.js:28:10[90m)[39m
    at [90mc:\Users\Cole\Documents\Fastrack\Fastrack-Learning_Management-System\[39mfunctions\src\compliance\sessionHeartbeat.test.js:103:30
    at file:///C:/Users/Cole/Documents/Fastrack/Fastrack-Learning_Management-System/node_modules/[4m@vitest/runner[24m/dist/index.js:135:14
    at file:///C:/Users/Cole/Documents/Fastrack/Fastrack-Learning_Management-System/node_modules/[4m@vitest/runner[24m/dist/index.js:60:26
    at runTest (file:///C:/Users/Cole/Documents/Fastrack/Fastrack-Learning_Management-System/node_modules/[4m@vitest/runner[24m/dist/index.js:781:17)
    at runSuite (file:///C:/Users/Cole/Documents/Fastrack/Fastrack-Learning_Management-System/node_modules/[4m@vitest/runner[24m/dist/index.js:909:15)
    at runSuite (file:///C:/Users/Cole/Documents/Fastrack/Fastrack-Learning_Management-System/node_modules/[4m@vitest/runner[24m/dist/index.js:909:15)
    at runFiles (file:///C:/Users/Cole/Documents/Fastrack/Fastrack-Learning_Management-System/node_modules/[4m@vitest/runner[24m/dist/index.js:958:5)
    at startTests (file:///C:/Users/Cole/Documents/Fastrack/Fastrack-Learning_Management-System/node_modules/[4m@vitest/runner[24m/dist/index.js:967:3)
Failed to log audit event: ReferenceError: data is not defined
    at [90mc:\Users\Cole\Documents\Fastrack\Fastrack-Learning_Management-System\[39mfunctions\src\compliance\complianceFunctions.js:304:49
    at Function.run [90m(c:\Users\Cole\Documents\Fastrack\Fastrack-Learning_Management-System\[39mfunctions\node_modules\[4mfirebase-functions[24m\lib\common\onInit.js:28:10[90m)[39m
    at [90mc:\Users\Cole\Documents\Fastrack\Fastrack-Learning_Management-System\[39mfunctions\src\compliance\sessionHeartbeat.test.js:103:30
    at file:///C:/Users/Cole/Documents/Fastrack/Fastrack-Learning_Management-System/node_modules/[4m@vitest/runner[24m/dist/index.js:135:14
    at file:///C:/Users/Cole/Documents/Fastrack/Fastrack-Learning_Management-System/node_modules/[4m@vitest/runner[24m/dist/index.js:60:26
    at runTest (file:///C:/Users/Cole/Documents/Fastrack/Fastrack-Learning_Management-System/node_modules/[4m@vitest/runner[24m/dist/index.js:781:17)
    at runSuite (file:///C:/Users/Cole/Documents/Fastrack/Fastrack-Learning_Management-System/node_modules/[4m@vitest/runner[24m/dist/index.js:909:15)
    at runSuite (file:///C:/Users/Cole/Documents/Fastrack/Fastrack-Learning_Management-System/node_modules/[4m@vitest/runner[24m/dist/index.js:909:15)
    at runFiles (file:///C:/Users/Cole/Documents/Fastrack/Fastrack-Learning_Management-System/node_modules/[4m@vitest/runner[24m/dist/index.js:958:5)
    at startTests (file:///C:/Users/Cole/Documents/Fastrack/Fastrack-Learning_Management-System/node_modules/[4m@vitest/runner[24m/dist/index.js:967:3)

[90mstderr[2m | functions/src/compliance/sessionHeartbeat.test.js[2m > [22m[2msessionHeartbeat Cloud Function[2m > [22m[2mshould throw error if user ID does not match authenticated user[22m[39m
Error processing session heartbeat: Error: Authentication required
    at [90mc:\Users\Cole\Documents\Fastrack\Fastrack-Learning_Management-System\[39mfunctions\src\compliance\complianceFunctions.js:147:15
    at Function.run [90m(c:\Users\Cole\Documents\Fastrack\Fastrack-Learning_Management-System\[39mfunctions\node_modules\[4mfirebase-functions[24m\lib\common\onInit.js:28:10[90m)[39m
    at [90mc:\Users\Cole\Documents\Fastrack\Fastrack-Learning_Management-System\[39mfunctions\src\compliance\sessionHeartbeat.test.js:117:30
    at file:///C:/Users/Cole/Documents/Fastrack/Fastrack-Learning_Management-System/node_modules/[4m@vitest/runner[24m/dist/index.js:135:14
    at file:///C:/Users/Cole/Documents/Fastrack/Fastrack-Learning_Management-System/node_modules/[4m@vitest/runner[24m/dist/index.js:60:26
    at runTest (file:///C:/Users/Cole/Documents/Fastrack/Fastrack-Learning_Management-System/node_modules/[4m@vitest/runner[24m/dist/index.js:781:17)
    at runSuite (file:///C:/Users/Cole/Documents/Fastrack/Fastrack-Learning_Management-System/node_modules/[4m@vitest/runner[24m/dist/index.js:909:15)
    at runSuite (file:///C:/Users/Cole/Documents/Fastrack/Fastrack-Learning_Management-System/node_modules/[4m@vitest/runner[24m/dist/index.js:909:15)
    at runFiles (file:///C:/Users/Cole/Documents/Fastrack/Fastrack-Learning_Management-System/node_modules/[4m@vitest/runner[24m/dist/index.js:958:5)
    at startTests (file:///C:/Users/Cole/Documents/Fastrack/Fastrack-Learning_Management-System/node_modules/[4m@vitest/runner[24m/dist/index.js:967:3)
Failed to log audit event: ReferenceError: data is not defined
    at [90mc:\Users\Cole\Documents\Fastrack\Fastrack-Learning_Management-System\[39mfunctions\src\compliance\complianceFunctions.js:304:49
    at Function.run [90m(c:\Users\Cole\Documents\Fastrack\Fastrack-Learning_Management-System\[39mfunctions\node_modules\[4mfirebase-functions[24m\lib\common\onInit.js:28:10[90m)[39m
    at [90mc:\Users\Cole\Documents\Fastrack\Fastrack-Learning_Management-System\[39mfunctions\src\compliance\sessionHeartbeat.test.js:117:30
    at file:///C:/Users/Cole/Documents/Fastrack/Fastrack-Learning_Management-System/node_modules/[4m@vitest/runner[24m/dist/index.js:135:14
    at file:///C:/Users/Cole/Documents/Fastrack/Fastrack-Learning_Management-System/node_modules/[4m@vitest/runner[24m/dist/index.js:60:26
    at runTest (file:///C:/Users/Cole/Documents/Fastrack/Fastrack-Learning_Management-System/node_modules/[4m@vitest/runner[24m/dist/index.js:781:17)
    at runSuite (file:///C:/Users/Cole/Documents/Fastrack/Fastrack-Learning_Management-System/node_modules/[4m@vitest/runner[24m/dist/index.js:909:15)
    at runSuite (file:///C:/Users/Cole/Documents/Fastrack/Fastrack-Learning_Management-System/node_modules/[4m@vitest/runner[24m/dist/index.js:909:15)
    at runFiles (file:///C:/Users/Cole/Documents/Fastrack/Fastrack-Learning_Management-System/node_modules/[4m@vitest/runner[24m/dist/index.js:958:5)
    at startTests (file:///C:/Users/Cole/Documents/Fastrack/Fastrack-Learning_Management-System/node_modules/[4m@vitest/runner[24m/dist/index.js:967:3)

 [32m✓[39m functions/src/compliance/sessionHeartbeat.test.js [2m ([22m[2m11 tests[22m[2m)[22m[90m 41[2mms[22m[39m
[90mstderr[2m | src/components/admin/tabs/__tests__/UserManagementTab.createUser.integration.test.jsx[2m > [22m[2mUserManagementTab - Create User Integration Tests[2m > [22m[2mshould show error message on creation failure[22m[39m
Error creating user: Error: Email already exists
    at [90mc:\Users\Cole\Documents\Fastrack\Fastrack-Learning_Management-System\[39msrc\components\admin\tabs\__tests__\UserManagementTab.createUser.integration.test.jsx:209:7
    at file:///C:/Users/Cole/Documents/Fastrack/Fastrack-Learning_Management-System/node_modules/[4m@vitest/runner[24m/dist/index.js:135:14
    at file:///C:/Users/Cole/Documents/Fastrack/Fastrack-Learning_Management-System/node_modules/[4m@vitest/runner[24m/dist/index.js:60:26
    at runTest (file:///C:/Users/Cole/Documents/Fastrack/Fastrack-Learning_Management-System/node_modules/[4m@vitest/runner[24m/dist/index.js:781:17)
    at runSuite (file:///C:/Users/Cole/Documents/Fastrack/Fastrack-Learning_Management-System/node_modules/[4m@vitest/runner[24m/dist/index.js:909:15)
    at runSuite (file:///C:/Users/Cole/Documents/Fastrack/Fastrack-Learning_Management-System/node_modules/[4m@vitest/runner[24m/dist/index.js:909:15)
    at runFiles (file:///C:/Users/Cole/Documents/Fastrack/Fastrack-Learning_Management-System/node_modules/[4m@vitest/runner[24m/dist/index.js:958:5)
    at startTests (file:///C:/Users/Cole/Documents/Fastrack/Fastrack-Learning_Management-System/node_modules/[4m@vitest/runner[24m/dist/index.js:967:3)
    at file:///C:/Users/Cole/Documents/Fastrack/Fastrack-Learning_Management-System/node_modules/[4mvitest[24m/dist/chunks/runtime-runBaseTests.oAvMKtQC.js:116:7
    at withEnv (file:///C:/Users/Cole/Documents/Fastrack/Fastrack-Learning_Management-System/node_modules/[4mvitest[24m/dist/chunks/runtime-runBaseTests.oAvMKtQC.js:83:5)

 [32m✓[39m src/components/admin/tabs/__tests__/UserManagementTab.createUser.integration.test.jsx [2m ([22m[2m10 tests[22m[2m)[22m[33m 2233[2mms[22m[39m
[90mstderr[2m | src/hooks/useComplianceHeartbeat.test.js[2m > [22m[2museComplianceHeartbeat[2m > [22m[2mshould call onLimitReached when daily limit is exceeded[22m[39m
Heartbeat error: {
  code: [32m'functions/resource-exhausted'[39m,
  message: [32m'DAILY_LIMIT_REACHED: You have reached the 4-hour daily training limit'[39m
}

[90mstderr[2m | src/hooks/useComplianceHeartbeat.test.js[2m > [22m[2museComplianceHeartbeat[2m > [22m[2mshould call onHeartbeatError callback on error[22m[39m
Heartbeat error: Error: Network error
    at [90mc:\Users\Cole\Documents\Fastrack\Fastrack-Learning_Management-System\[39msrc\hooks\useComplianceHeartbeat.test.js:181:19
    at file:///C:/Users/Cole/Documents/Fastrack/Fastrack-Learning_Management-System/node_modules/[4m@vitest/runner[24m/dist/index.js:135:14
    at file:///C:/Users/Cole/Documents/Fastrack/Fastrack-Learning_Management-System/node_modules/[4m@vitest/runner[24m/dist/index.js:60:26
    at runTest (file:///C:/Users/Cole/Documents/Fastrack/Fastrack-Learning_Management-System/node_modules/[4m@vitest/runner[24m/dist/index.js:781:17)
    at runSuite (file:///C:/Users/Cole/Documents/Fastrack/Fastrack-Learning_Management-System/node_modules/[4m@vitest/runner[24m/dist/index.js:909:15)
    at runSuite (file:///C:/Users/Cole/Documents/Fastrack/Fastrack-Learning_Management-System/node_modules/[4m@vitest/runner[24m/dist/index.js:909:15)
    at runFiles (file:///C:/Users/Cole/Documents/Fastrack/Fastrack-Learning_Management-System/node_modules/[4m@vitest/runner[24m/dist/index.js:958:5)
    at startTests (file:///C:/Users/Cole/Documents/Fastrack/Fastrack-Learning_Management-System/node_modules/[4m@vitest/runner[24m/dist/index.js:967:3)
    at file:///C:/Users/Cole/Documents/Fastrack/Fastrack-Learning_Management-System/node_modules/[4mvitest[24m/dist/chunks/runtime-runBaseTests.oAvMKtQC.js:116:7
    at withEnv (file:///C:/Users/Cole/Documents/Fastrack/Fastrack-Learning_Management-System/node_modules/[4mvitest[24m/dist/chunks/runtime-runBaseTests.oAvMKtQC.js:83:5)

 [32m✓[39m src/hooks/useComplianceHeartbeat.test.js [2m ([22m[2m6 tests[22m[2m)[22m[90m 196[2mms[22m[39m
 [32m✓[39m src/pages/CoursePlayer/CoursePlayerPage.quiz.integration.test.jsx [2m ([22m[2m10 tests[22m[2m)[22m[90m 93[2mms[22m[39m
 [32m✓[39m src/context/TimerContext.test.jsx [2m ([22m[2m30 tests[22m[2m)[22m[33m 553[2mms[22m[39m
 [32m✓[39m src/components/auth/__tests__/ForcePasswordChangeModal.integration.test.jsx [2m ([22m[2m7 tests[22m[2m)[22m[90m 243[2mms[22m[39m
 [33m❯[39m src/pages/Admin/__tests__/AuditLogsPage.test.jsx [2m ([22m[2m0 test[22m[2m)[22m
 [33m❯[39m src/api/courses/__tests__/quizServices.test.js [2m ([22m[2m0 test[22m[2m)[22m
 [33m❯[39m src/components/scheduling/__tests__/LessonBooking.test.jsx [2m ([22m[2m0 test[22m[2m)[22m
[90mstderr[2m | src/api/admin/__tests__/userManagementServices.createUserFunction.test.js[2m > [22m[2mUser Management - createUser Function[2m > [22m[2mshould handle Cloud Function errors[22m[39m
Error creating user: Error: Failed to create user: Email already exists
    at [90mc:\Users\Cole\Documents\Fastrack\Fastrack-Learning_Management-System\[39msrc\api\admin\__tests__\userManagementServices.createUserFunction.test.js:84:19
    at file:///C:/Users/Cole/Documents/Fastrack/Fastrack-Learning_Management-System/node_modules/[4m@vitest/runner[24m/dist/index.js:135:14
    at file:///C:/Users/Cole/Documents/Fastrack/Fastrack-Learning_Management-System/node_modules/[4m@vitest/runner[24m/dist/index.js:60:26
    at runTest (file:///C:/Users/Cole/Documents/Fastrack/Fastrack-Learning_Management-System/node_modules/[4m@vitest/runner[24m/dist/index.js:781:17)
    at runSuite (file:///C:/Users/Cole/Documents/Fastrack/Fastrack-Learning_Management-System/node_modules/[4m@vitest/runner[24m/dist/index.js:909:15)
    at runSuite (file:///C:/Users/Cole/Documents/Fastrack/Fastrack-Learning_Management-System/node_modules/[4m@vitest/runner[24m/dist/index.js:909:15)
    at runFiles (file:///C:/Users/Cole/Documents/Fastrack/Fastrack-Learning_Management-System/node_modules/[4m@vitest/runner[24m/dist/index.js:958:5)
    at startTests (file:///C:/Users/Cole/Documents/Fastrack/Fastrack-Learning_Management-System/node_modules/[4m@vitest/runner[24m/dist/index.js:967:3)
    at file:///C:/Users/Cole/Documents/Fastrack/Fastrack-Learning_Management-System/node_modules/[4mvitest[24m/dist/chunks/runtime-runBaseTests.oAvMKtQC.js:116:7
    at withEnv (file:///C:/Users/Cole/Documents/Fastrack/Fastrack-Learning_Management-System/node_modules/[4mvitest[24m/dist/chunks/runtime-runBaseTests.oAvMKtQC.js:83:5)

[90mstderr[2m | src/api/admin/__tests__/userManagementServices.createUserFunction.test.js[2m > [22m[2mUser Management - createUser Function[2m > [22m[2mshould handle authentication errors[22m[39m
Error creating user: Error: User must be authenticated
    at [90mc:\Users\Cole\Documents\Fastrack\Fastrack-Learning_Management-System\[39msrc\api\admin\__tests__\userManagementServices.createUserFunction.test.js:98:36
    at file:///C:/Users/Cole/Documents/Fastrack/Fastrack-Learning_Management-System/node_modules/[4m@vitest/runner[24m/dist/index.js:135:14
    at file:///C:/Users/Cole/Documents/Fastrack/Fastrack-Learning_Management-System/node_modules/[4m@vitest/runner[24m/dist/index.js:60:26
    at runTest (file:///C:/Users/Cole/Documents/Fastrack/Fastrack-Learning_Management-System/node_modules/[4m@vitest/runner[24m/dist/index.js:781:17)
    at runSuite (file:///C:/Users/Cole/Documents/Fastrack/Fastrack-Learning_Management-System/node_modules/[4m@vitest/runner[24m/dist/index.js:909:15)
    at runSuite (file:///C:/Users/Cole/Documents/Fastrack/Fastrack-Learning_Management-System/node_modules/[4m@vitest/runner[24m/dist/index.js:909:15)
    at runFiles (file:///C:/Users/Cole/Documents/Fastrack/Fastrack-Learning_Management-System/node_modules/[4m@vitest/runner[24m/dist/index.js:958:5)
    at startTests (file:///C:/Users/Cole/Documents/Fastrack/Fastrack-Learning_Management-System/node_modules/[4m@vitest/runner[24m/dist/index.js:967:3)
    at file:///C:/Users/Cole/Documents/Fastrack/Fastrack-Learning_Management-System/node_modules/[4mvitest[24m/dist/chunks/runtime-runBaseTests.oAvMKtQC.js:116:7
    at withEnv (file:///C:/Users/Cole/Documents/Fastrack/Fastrack-Learning_Management-System/node_modules/[4mvitest[24m/dist/chunks/runtime-runBaseTests.oAvMKtQC.js:83:5)

[90mstderr[2m | src/api/admin/__tests__/userManagementServices.createUserFunction.test.js[2m > [22m[2mUser Management - createUser Function[2m > [22m[2mshould handle permission errors for non-super-admins[22m[39m
Error creating user: Error: Only Super Admins can create users
    at [90mc:\Users\Cole\Documents\Fastrack\Fastrack-Learning_Management-System\[39msrc\api\admin\__tests__\userManagementServices.createUserFunction.test.js:106:36
    at file:///C:/Users/Cole/Documents/Fastrack/Fastrack-Learning_Management-System/node_modules/[4m@vitest/runner[24m/dist/index.js:135:14
    at file:///C:/Users/Cole/Documents/Fastrack/Fastrack-Learning_Management-System/node_modules/[4m@vitest/runner[24m/dist/index.js:60:26
    at runTest (file:///C:/Users/Cole/Documents/Fastrack/Fastrack-Learning_Management-System/node_modules/[4m@vitest/runner[24m/dist/index.js:781:17)
    at runSuite (file:///C:/Users/Cole/Documents/Fastrack/Fastrack-Learning_Management-System/node_modules/[4m@vitest/runner[24m/dist/index.js:909:15)
    at runSuite (file:///C:/Users/Cole/Documents/Fastrack/Fastrack-Learning_Management-System/node_modules/[4m@vitest/runner[24m/dist/index.js:909:15)
    at runFiles (file:///C:/Users/Cole/Documents/Fastrack/Fastrack-Learning_Management-System/node_modules/[4m@vitest/runner[24m/dist/index.js:958:5)
    at startTests (file:///C:/Users/Cole/Documents/Fastrack/Fastrack-Learning_Management-System/node_modules/[4m@vitest/runner[24m/dist/index.js:967:3)
    at file:///C:/Users/Cole/Documents/Fastrack/Fastrack-Learning_Management-System/node_modules/[4mvitest[24m/dist/chunks/runtime-runBaseTests.oAvMKtQC.js:116:7
    at withEnv (file:///C:/Users/Cole/Documents/Fastrack/Fastrack-Learning_Management-System/node_modules/[4mvitest[24m/dist/chunks/runtime-runBaseTests.oAvMKtQC.js:83:5)

[90mstderr[2m | src/api/admin/__tests__/userManagementServices.createUserFunction.test.js[2m > [22m[2mUser Management - createUser Function[2m > [22m[2mshould handle network errors[22m[39m
Error creating user: Error: Network error
    at [90mc:\Users\Cole\Documents\Fastrack\Fastrack-Learning_Management-System\[39msrc\api\admin\__tests__\userManagementServices.createUserFunction.test.js:131:36
    at file:///C:/Users/Cole/Documents/Fastrack/Fastrack-Learning_Management-System/node_modules/[4m@vitest/runner[24m/dist/index.js:135:14
    at file:///C:/Users/Cole/Documents/Fastrack/Fastrack-Learning_Management-System/node_modules/[4m@vitest/runner[24m/dist/index.js:60:26
    at runTest (file:///C:/Users/Cole/Documents/Fastrack/Fastrack-Learning_Management-System/node_modules/[4m@vitest/runner[24m/dist/index.js:781:17)
    at runSuite (file:///C:/Users/Cole/Documents/Fastrack/Fastrack-Learning_Management-System/node_modules/[4m@vitest/runner[24m/dist/index.js:909:15)
    at runSuite (file:///C:/Users/Cole/Documents/Fastrack/Fastrack-Learning_Management-System/node_modules/[4m@vitest/runner[24m/dist/index.js:909:15)
    at runFiles (file:///C:/Users/Cole/Documents/Fastrack/Fastrack-Learning_Management-System/node_modules/[4m@vitest/runner[24m/dist/index.js:958:5)
    at startTests (file:///C:/Users/Cole/Documents/Fastrack/Fastrack-Learning_Management-System/node_modules/[4m@vitest/runner[24m/dist/index.js:967:3)
    at file:///C:/Users/Cole/Documents/Fastrack/Fastrack-Learning_Management-System/node_modules/[4mvitest[24m/dist/chunks/runtime-runBaseTests.oAvMKtQC.js:116:7
    at withEnv (file:///C:/Users/Cole/Documents/Fastrack/Fastrack-Learning_Management-System/node_modules/[4mvitest[24m/dist/chunks/runtime-runBaseTests.oAvMKtQC.js:83:5)

 [33m❯[39m src/__tests__/integration/CourseEnrollmentFlow.test.jsx [2m ([22m[2m0 test[22m[2m)[22m
 [32m✓[39m src/api/admin/__tests__/userManagementServices.createUserFunction.test.js [2m ([22m[2m9 tests[22m[2m)[22m[90m 41[2mms[22m[39m
 [33m❯[39m src/components/payment/__tests__/CheckoutForm.test.jsx [2m ([22m[2m0 test[22m[2m)[22m
[90mstderr[2m | functions/src/user/__tests__/userFunctions.advanced.test.js[2m > [22m[2mUser Functions - Advanced Scenarios[2m > [22m[2mcreateUser (Edge Cases)[2m > [22m[2mshould throw validation error for invalid email format[22m[39m
Error creating user: Error: The email address is improperly formatted.
    at [90mc:\Users\Cole\Documents\Fastrack\Fastrack-Learning_Management-System\[39mfunctions\src\user\__tests__\userFunctions.advanced.test.js:113:51
    at file:///C:/Users/Cole/Documents/Fastrack/Fastrack-Learning_Management-System/node_modules/[4m@vitest/runner[24m/dist/index.js:135:14
    at file:///C:/Users/Cole/Documents/Fastrack/Fastrack-Learning_Management-System/node_modules/[4m@vitest/runner[24m/dist/index.js:60:26
    at runTest (file:///C:/Users/Cole/Documents/Fastrack/Fastrack-Learning_Management-System/node_modules/[4m@vitest/runner[24m/dist/index.js:781:17)
    at runSuite (file:///C:/Users/Cole/Documents/Fastrack/Fastrack-Learning_Management-System/node_modules/[4m@vitest/runner[24m/dist/index.js:909:15)
    at runSuite (file:///C:/Users/Cole/Documents/Fastrack/Fastrack-Learning_Management-System/node_modules/[4m@vitest/runner[24m/dist/index.js:909:15)
    at runSuite (file:///C:/Users/Cole/Documents/Fastrack/Fastrack-Learning_Management-System/node_modules/[4m@vitest/runner[24m/dist/index.js:909:15)
    at runFiles (file:///C:/Users/Cole/Documents/Fastrack/Fastrack-Learning_Management-System/node_modules/[4m@vitest/runner[24m/dist/index.js:958:5)
    at startTests (file:///C:/Users/Cole/Documents/Fastrack/Fastrack-Learning_Management-System/node_modules/[4m@vitest/runner[24m/dist/index.js:967:3)
    at file:///C:/Users/Cole/Documents/Fastrack/Fastrack-Learning_Management-System/node_modules/[4mvitest[24m/dist/chunks/runtime-runBaseTests.oAvMKtQC.js:116:7

[90mstderr[2m | functions/src/user/__tests__/userFunctions.advanced.test.js[2m > [22m[2mUser Functions - Advanced Scenarios[2m > [22m[2mcreateUser (Edge Cases)[2m > [22m[2mshould throw error if role is invalid[22m[39m
Error creating user: Error: Invalid role: SUPER_GOD_MODE. Valid roles: student, instructor, dmv_admin, super_admin
    at [90mc:\Users\Cole\Documents\Fastrack\Fastrack-Learning_Management-System\[39mfunctions\src\user\userFunctions.js:17:13
    at Function.run [90m(c:\Users\Cole\Documents\Fastrack\Fastrack-Learning_Management-System\[39mfunctions\node_modules\[4mfirebase-functions[24m\lib\common\onInit.js:28:10[90m)[39m
    at [90mc:\Users\Cole\Documents\Fastrack\Fastrack-Learning_Management-System\[39mfunctions\src\user\__tests__\userFunctions.advanced.test.js:138:34
    at file:///C:/Users/Cole/Documents/Fastrack/Fastrack-Learning_Management-System/node_modules/[4m@vitest/runner[24m/dist/index.js:135:14
    at file:///C:/Users/Cole/Documents/Fastrack/Fastrack-Learning_Management-System/node_modules/[4m@vitest/runner[24m/dist/index.js:60:26
    at runTest (file:///C:/Users/Cole/Documents/Fastrack/Fastrack-Learning_Management-System/node_modules/[4m@vitest/runner[24m/dist/index.js:781:17)
    at runSuite (file:///C:/Users/Cole/Documents/Fastrack/Fastrack-Learning_Management-System/node_modules/[4m@vitest/runner[24m/dist/index.js:909:15)
    at runSuite (file:///C:/Users/Cole/Documents/Fastrack/Fastrack-Learning_Management-System/node_modules/[4m@vitest/runner[24m/dist/index.js:909:15)
    at runSuite (file:///C:/Users/Cole/Documents/Fastrack/Fastrack-Learning_Management-System/node_modules/[4m@vitest/runner[24m/dist/index.js:909:15)
    at runFiles (file:///C:/Users/Cole/Documents/Fastrack/Fastrack-Learning_Management-System/node_modules/[4m@vitest/runner[24m/dist/index.js:958:5)

 [32m✓[39m functions/src/user/__tests__/userFunctions.advanced.test.js [2m ([22m[2m3 tests[22m[2m)[22m[90m 86[2mms[22m[39m
 [33m❯[39m src/components/payment/__tests__/PaymentModal.test.jsx [2m ([22m[2m0 test[22m[2m)[22m
[90mstderr[2m | functions/src/payment/__tests__/paymentFunctions.error.test.js[2m > [22m[2mPayment Functions - Error Scenarios[2m > [22m[2mcreateCheckoutSession[2m > [22m[2mshould throw error on Stripe API failure[22m[39m
{"severity":"WARNING","message":"No value found for secret parameter \"STRIPE_SECRET_KEY\". A function can only access a secret if you include the secret in the function's dependency array."}
Error creating checkout session: Error: Neither apiKey nor config.authenticator provided
    at Stripe._setAuthenticator [90m(c:\Users\Cole\Documents\Fastrack\Fastrack-Learning_Management-System\[39mfunctions\node_modules\[4mstripe[24m\cjs\stripe.core.js:158:23[90m)[39m
    at new Stripe [90m(c:\Users\Cole\Documents\Fastrack\Fastrack-Learning_Management-System\[39mfunctions\node_modules\[4mstripe[24m\cjs\stripe.core.js:96:14[90m)[39m
    at Stripe [90m(c:\Users\Cole\Documents\Fastrack\Fastrack-Learning_Management-System\[39mfunctions\node_modules\[4mstripe[24m\cjs\stripe.core.js:52:20[90m)[39m
    at [90mc:\Users\Cole\Documents\Fastrack\Fastrack-Learning_Management-System\[39mfunctions\src\payment\paymentFunctions.js:91:28
    at Function.run [90m(c:\Users\Cole\Documents\Fastrack\Fastrack-Learning_Management-System\[39mfunctions\node_modules\[4mfirebase-functions[24m\lib\common\onInit.js:28:10[90m)[39m
    at [90mc:\Users\Cole\Documents\Fastrack\Fastrack-Learning_Management-System\[39mfunctions\src\payment\__tests__\paymentFunctions.error.test.js:101:45
    at file:///C:/Users/Cole/Documents/Fastrack/Fastrack-Learning_Management-System/node_modules/[4m@vitest/runner[24m/dist/index.js:135:14
    at file:///C:/Users/Cole/Documents/Fastrack/Fastrack-Learning_Management-System/node_modules/[4m@vitest/runner[24m/dist/index.js:60:26
    at runTest (file:///C:/Users/Cole/Documents/Fastrack/Fastrack-Learning_Management-System/node_modules/[4m@vitest/runner[24m/dist/index.js:781:17)
    at runSuite (file:///C:/Users/Cole/Documents/Fastrack/Fastrack-Learning_Management-System/node_modules/[4m@vitest/runner[24m/dist/index.js:909:15)

[90mstderr[2m | functions/src/payment/__tests__/paymentFunctions.error.test.js[2m > [22m[2mPayment Functions - Error Scenarios[2m > [22m[2mcreatePaymentIntent[2m > [22m[2mshould throw error on Stripe API failure[22m[39m
{"severity":"WARNING","message":"No value found for secret parameter \"STRIPE_SECRET_KEY\". A function can only access a secret if you include the secret in the function's dependency array."}
Error creating payment intent: Error: Neither apiKey nor config.authenticator provided
    at Stripe._setAuthenticator [90m(c:\Users\Cole\Documents\Fastrack\Fastrack-Learning_Management-System\[39mfunctions\node_modules\[4mstripe[24m\cjs\stripe.core.js:158:23[90m)[39m
    at new Stripe [90m(c:\Users\Cole\Documents\Fastrack\Fastrack-Learning_Management-System\[39mfunctions\node_modules\[4mstripe[24m\cjs\stripe.core.js:96:14[90m)[39m
    at Stripe [90m(c:\Users\Cole\Documents\Fastrack\Fastrack-Learning_Management-System\[39mfunctions\node_modules\[4mstripe[24m\cjs\stripe.core.js:52:20[90m)[39m
    at [90mc:\Users\Cole\Documents\Fastrack\Fastrack-Learning_Management-System\[39mfunctions\src\payment\paymentFunctions.js:151:28
    at Function.run [90m(c:\Users\Cole\Documents\Fastrack\Fastrack-Learning_Management-System\[39mfunctions\node_modules\[4mfirebase-functions[24m\lib\common\onInit.js:28:10[90m)[39m
    at [90mc:\Users\Cole\Documents\Fastrack\Fastrack-Learning_Management-System\[39mfunctions\src\payment\__tests__\paymentFunctions.error.test.js:121:43
    at file:///C:/Users/Cole/Documents/Fastrack/Fastrack-Learning_Management-System/node_modules/[4m@vitest/runner[24m/dist/index.js:135:14
    at file:///C:/Users/Cole/Documents/Fastrack/Fastrack-Learning_Management-System/node_modules/[4m@vitest/runner[24m/dist/index.js:60:26
    at runTest (file:///C:/Users/Cole/Documents/Fastrack/Fastrack-Learning_Management-System/node_modules/[4m@vitest/runner[24m/dist/index.js:781:17)
    at runSuite (file:///C:/Users/Cole/Documents/Fastrack/Fastrack-Learning_Management-System/node_modules/[4m@vitest/runner[24m/dist/index.js:909:15)

 [32m✓[39m functions/src/payment/__tests__/paymentFunctions.error.test.js [2m ([22m[2m2 tests[22m[2m)[22m[90m 83[2mms[22m[39m
 [33m❯[39m src/hooks/__tests__/useAdminPanel.test.js [2m ([22m[2m0 test[22m[2m)[22m
 [33m❯[39m src/components/payment/__tests__/EnrollmentCard.test.jsx [2m ([22m[2m0 test[22m[2m)[22m
 [33m❯[39m src/hooks/admin/__tests__/useDashboardStats.test.js [2m ([22m[2m0 test[22m[2m)[22m
 [32m✓[39m src/utils/__tests__/dateTimeFormatter.test.js [2m ([22m[2m11 tests[22m[2m)[22m[90m 15[2mms[22m[39m
 [33m❯[39m src/pages/Admin/__tests__/AdminPlaceholderPages.test.jsx [2m ([22m[2m0 test[22m[2m)[22m
 [32m✓[39m src/components/admin/__tests__/SchedulingManagement.assignment.test.jsx [2m ([22m[2m6 tests[22m[2m)[22m[90m 289[2mms[22m[39m
 [33m❯[39m src/pages/Admin/__tests__/AdminDashboard.test.jsx [2m ([22m[2m0 test[22m[2m)[22m
 [33m❯[39m src/components/admin/dashboard/__tests__/CertificatesWidget.test.jsx [2m ([22m[2m0 test[22m[2m)[22m
 [33m❯[39m src/services/__tests__/errorTrackingService.test.js [2m ([22m[2m0 test[22m[2m)[22m
 [33m❯[39m src/pages/Admin/__tests__/EnrollmentManagementPage.test.jsx [2m ([22m[2m0 test[22m[2m)[22m
 [33m❯[39m src/api/enrollment/__tests__/paymentServices.test.js [2m ([22m[2m0 test[22m[2m)[22m
 [33m❯[39m src/components/scheduling/__tests__/UpcomingLessons.test.jsx [2m ([22m[2m0 test[22m[2m)[22m
 [33m❯[39m src/components/layout/Header/__tests__/Header.test.jsx [2m ([22m[2m0 test[22m[2m)[22m
 [33m❯[39m src/components/common/Button/__tests__/Button.test.jsx [2m ([22m[2m0 test[22m[2m)[22m
 [33m❯[39m src/api/admin/__tests__/auditLogServices.test.js [2m ([22m[2m0 test[22m[2m)[22m
 [33m❯[39m src/components/common/Input/__tests__/Input.test.jsx [2m ([22m[2m0 test[22m[2m)[22m
 [33m❯[39m src/hooks/__tests__/useAdminNavigation.test.js [2m ([22m[2m0 test[22m[2m)[22m
 [33m❯[39m src/components/layout/__tests__/MainLayout.test.jsx [2m ([22m[2m0 test[22m[2m)[22m
 [33m❯[39m src/components/layout/__tests__/AuthLayout.test.jsx [2m ([22m[2m0 test[22m[2m)[22m
 [33m❯[39m src/components/admin/dashboard/__tests__/ActivityWidget.test.jsx [2m ([22m[2m0 test[22m[2m)[22m
 [33m❯[39m src/components/layout/AdminSidebar/__tests__/AdminSidebar.test.jsx [2m ([22m[2m0 test[22m[2m)[22m
 [33m❯[39m src/api/admin/__tests__/detsServices.test.js [2m ([22m[2m0 test[22m[2m)[22m
 [33m❯[39m src/components/layout/__tests__/DashboardLayout.test.jsx [2m ([22m[2m0 test[22m[2m)[22m
 [33m❯[39m functions/src/user/__tests__/debug_mock.test.js [2m ([22m[2m0 test[22m[2m)[22m
 [33m❯[39m src/components/layout/Sidebar/__tests__/Sidebar.test.jsx [2m ([22m[2m0 test[22m[2m)[22m
 [33m❯[39m src/components/common/Card/__tests__/Card.test.jsx [2m ([22m[2m0 test[22m[2m)[22m
 [33m❯[39m src/components/admin/dashboard/__tests__/RevenueWidget.test.jsx [2m ([22m[2m0 test[22m[2m)[22m
 [33m❯[39m src/components/common/Badge/__tests__/Badge.test.jsx [2m ([22m[2m0 test[22m[2m)[22m
 [32m✓[39m src/api/compliance/__tests__/schedulingServices.assignment.test.js [2m ([22m[2m3 tests[22m[2m)[22m[90m 2[2mms[22m[39m
 [33m❯[39m src/simple.test.js [2m ([22m[2m0 test[22m[2m)[22m

[31m⎯⎯⎯⎯⎯⎯[1m[7m Failed Suites 35 [27m[22m⎯⎯⎯⎯⎯⎯[39m

[31m[1m[7m FAIL [27m[22m[39m src/simple.test.js [2m[ src/simple.test.js ][22m
[31m[1mError[22m: No test suite found in file C:/Users/Cole/Documents/Fastrack/Fastrack-Learning_Management-System/src/simple.test.js[39m
[31m[2m⎯⎯⎯⎯⎯⎯⎯⎯⎯⎯⎯⎯⎯⎯⎯⎯⎯⎯⎯⎯⎯⎯⎯[1/41]⎯[22m[39m

[31m[1m[7m FAIL [27m[22m[39m src/hooks/__tests__/useAdminNavigation.test.js [2m[ src/hooks/__tests__/useAdminNavigation.test.js ][22m
[31m[1mError[22m: No test suite found in file C:/Users/Cole/Documents/Fastrack/Fastrack-Learning_Management-System/src/hooks/__tests__/useAdminNavigation.test.js[39m
[31m[2m⎯⎯⎯⎯⎯⎯⎯⎯⎯⎯⎯⎯⎯⎯⎯⎯⎯⎯⎯⎯⎯⎯⎯[2/41]⎯[22m[39m

[31m[1m[7m FAIL [27m[22m[39m src/hooks/__tests__/useAdminPanel.test.js [2m[ src/hooks/__tests__/useAdminPanel.test.js ][22m
[31m[1mError[22m: No test suite found in file C:/Users/Cole/Documents/Fastrack/Fastrack-Learning_Management-System/src/hooks/__tests__/useAdminPanel.test.js[39m
[31m[2m⎯⎯⎯⎯⎯⎯⎯⎯⎯⎯⎯⎯⎯⎯⎯⎯⎯⎯⎯⎯⎯⎯⎯[3/41]⎯[22m[39m

[31m[1m[7m FAIL [27m[22m[39m src/services/__tests__/errorTrackingService.test.js [2m[ src/services/__tests__/errorTrackingService.test.js ][22m
[31m[1mError[22m: No test suite found in file C:/Users/Cole/Documents/Fastrack/Fastrack-Learning_Management-System/src/services/__tests__/errorTrackingService.test.js[39m
[31m[2m⎯⎯⎯⎯⎯⎯⎯⎯⎯⎯⎯⎯⎯⎯⎯⎯⎯⎯⎯⎯⎯⎯⎯[4/41]⎯[22m[39m

[31m[1m[7m FAIL [27m[22m[39m src/__tests__/integration/CourseEnrollmentFlow.test.jsx [2m[ src/__tests__/integration/CourseEnrollmentFlow.test.jsx ][22m
[31m[1mError[22m: No test suite found in file C:/Users/Cole/Documents/Fastrack/Fastrack-Learning_Management-System/src/__tests__/integration/CourseEnrollmentFlow.test.jsx[39m
[31m[2m⎯⎯⎯⎯⎯⎯⎯⎯⎯⎯⎯⎯⎯⎯⎯⎯⎯⎯⎯⎯⎯⎯⎯[5/41]⎯[22m[39m

[31m[1m[7m FAIL [27m[22m[39m functions/src/user/__tests__/debug_mock.test.js [2m[ functions/src/user/__tests__/debug_mock.test.js ][22m
[31m[1mError[22m: No test suite found in file C:/Users/Cole/Documents/Fastrack/Fastrack-Learning_Management-System/functions/src/user/__tests__/debug_mock.test.js[39m
[31m[2m⎯⎯⎯⎯⎯⎯⎯⎯⎯⎯⎯⎯⎯⎯⎯⎯⎯⎯⎯⎯⎯⎯⎯[6/41]⎯[22m[39m

[31m[1m[7m FAIL [27m[22m[39m src/api/admin/__tests__/auditLogServices.test.js [2m[ src/api/admin/__tests__/auditLogServices.test.js ][22m
[31m[1mError[22m: No test suite found in file C:/Users/Cole/Documents/Fastrack/Fastrack-Learning_Management-System/src/api/admin/__tests__/auditLogServices.test.js[39m
[31m[2m⎯⎯⎯⎯⎯⎯⎯⎯⎯⎯⎯⎯⎯⎯⎯⎯⎯⎯⎯⎯⎯⎯⎯[7/41]⎯[22m[39m

[31m[1m[7m FAIL [27m[22m[39m src/api/admin/__tests__/detsServices.test.js [2m[ src/api/admin/__tests__/detsServices.test.js ][22m
[31m[1mError[22m: No test suite found in file C:/Users/Cole/Documents/Fastrack/Fastrack-Learning_Management-System/src/api/admin/__tests__/detsServices.test.js[39m
[31m[2m⎯⎯⎯⎯⎯⎯⎯⎯⎯⎯⎯⎯⎯⎯⎯⎯⎯⎯⎯⎯⎯⎯⎯[8/41]⎯[22m[39m

[31m[1m[7m FAIL [27m[22m[39m src/api/courses/__tests__/courseServices.test.js [2m[ src/api/courses/__tests__/courseServices.test.js ][22m
[31m[1mTypeError[22m: Cannot read properties of undefined (reading 'on')[39m
[90m [2m❯[22m src/api/courses/__tests__/courseServices.test.js:[2m73:1[22m[39m

[31m[2m⎯⎯⎯⎯⎯⎯⎯⎯⎯⎯⎯⎯⎯⎯⎯⎯⎯⎯⎯⎯⎯⎯⎯[9/41]⎯[22m[39m

[31m[1m[7m FAIL [27m[22m[39m src/api/courses/__tests__/lessonServices.test.js [2m[ src/api/courses/__tests__/lessonServices.test.js ][22m
[31m[1mError[22m: No test suite found in file C:/Users/Cole/Documents/Fastrack/Fastrack-Learning_Management-System/src/api/courses/__tests__/lessonServices.test.js[39m
[31m[2m⎯⎯⎯⎯⎯⎯⎯⎯⎯⎯⎯⎯⎯⎯⎯⎯⎯⎯⎯⎯⎯⎯[10/41]⎯[22m[39m

[31m[1m[7m FAIL [27m[22m[39m src/api/courses/__tests__/quizServices.test.js [2m[ src/api/courses/__tests__/quizServices.test.js ][22m
[31m[1mError[22m: No test suite found in file C:/Users/Cole/Documents/Fastrack/Fastrack-Learning_Management-System/src/api/courses/__tests__/quizServices.test.js[39m
[31m[2m⎯⎯⎯⎯⎯⎯⎯⎯⎯⎯⎯⎯⎯⎯⎯⎯⎯⎯⎯⎯⎯⎯[11/41]⎯[22m[39m

[31m[1m[7m FAIL [27m[22m[39m src/api/enrollment/__tests__/paymentServices.test.js [2m[ src/api/enrollment/__tests__/paymentServices.test.js ][22m
[31m[1mError[22m: No test suite found in file C:/Users/Cole/Documents/Fastrack/Fastrack-Learning_Management-System/src/api/enrollment/__tests__/paymentServices.test.js[39m
[31m[2m⎯⎯⎯⎯⎯⎯⎯⎯⎯⎯⎯⎯⎯⎯⎯⎯⎯⎯⎯⎯⎯⎯[12/41]⎯[22m[39m

[31m[1m[7m FAIL [27m[22m[39m src/components/layout/__tests__/AuthLayout.test.jsx [2m[ src/components/layout/__tests__/AuthLayout.test.jsx ][22m
[31m[1mError[22m: No test suite found in file C:/Users/Cole/Documents/Fastrack/Fastrack-Learning_Management-System/src/components/layout/__tests__/AuthLayout.test.jsx[39m
[31m[2m⎯⎯⎯⎯⎯⎯⎯⎯⎯⎯⎯⎯⎯⎯⎯⎯⎯⎯⎯⎯⎯⎯[13/41]⎯[22m[39m

[31m[1m[7m FAIL [27m[22m[39m src/components/layout/__tests__/DashboardLayout.test.jsx [2m[ src/components/layout/__tests__/DashboardLayout.test.jsx ][22m
[31m[1mError[22m: No test suite found in file C:/Users/Cole/Documents/Fastrack/Fastrack-Learning_Management-System/src/components/layout/__tests__/DashboardLayout.test.jsx[39m
[31m[2m⎯⎯⎯⎯⎯⎯⎯⎯⎯⎯⎯⎯⎯⎯⎯⎯⎯⎯⎯⎯⎯⎯[14/41]⎯[22m[39m

[31m[1m[7m FAIL [27m[22m[39m src/components/layout/__tests__/MainLayout.test.jsx [2m[ src/components/layout/__tests__/MainLayout.test.jsx ][22m
[31m[1mError[22m: No test suite found in file C:/Users/Cole/Documents/Fastrack/Fastrack-Learning_Management-System/src/components/layout/__tests__/MainLayout.test.jsx[39m
[31m[2m⎯⎯⎯⎯⎯⎯⎯⎯⎯⎯⎯⎯⎯⎯⎯⎯⎯⎯⎯⎯⎯⎯[15/41]⎯[22m[39m

[31m[1m[7m FAIL [27m[22m[39m src/components/payment/__tests__/CheckoutForm.test.jsx [2m[ src/components/payment/__tests__/CheckoutForm.test.jsx ][22m
[31m[1mError[22m: No test suite found in file C:/Users/Cole/Documents/Fastrack/Fastrack-Learning_Management-System/src/components/payment/__tests__/CheckoutForm.test.jsx[39m
[31m[2m⎯⎯⎯⎯⎯⎯⎯⎯⎯⎯⎯⎯⎯⎯⎯⎯⎯⎯⎯⎯⎯⎯[16/41]⎯[22m[39m

[31m[1m[7m FAIL [27m[22m[39m src/components/payment/__tests__/EnrollmentCard.test.jsx [2m[ src/components/payment/__tests__/EnrollmentCard.test.jsx ][22m
[31m[1mError[22m: No test suite found in file C:/Users/Cole/Documents/Fastrack/Fastrack-Learning_Management-System/src/components/payment/__tests__/EnrollmentCard.test.jsx[39m
[31m[2m⎯⎯⎯⎯⎯⎯⎯⎯⎯⎯⎯⎯⎯⎯⎯⎯⎯⎯⎯⎯⎯⎯[17/41]⎯[22m[39m

[31m[1m[7m FAIL [27m[22m[39m src/components/payment/__tests__/PaymentModal.test.jsx [2m[ src/components/payment/__tests__/PaymentModal.test.jsx ][22m
[31m[1mError[22m: No test suite found in file C:/Users/Cole/Documents/Fastrack/Fastrack-Learning_Management-System/src/components/payment/__tests__/PaymentModal.test.jsx[39m
[31m[2m⎯⎯⎯⎯⎯⎯⎯⎯⎯⎯⎯⎯⎯⎯⎯⎯⎯⎯⎯⎯⎯⎯[18/41]⎯[22m[39m

[31m[1m[7m FAIL [27m[22m[39m src/components/scheduling/__tests__/LessonBooking.test.jsx [2m[ src/components/scheduling/__tests__/LessonBooking.test.jsx ][22m
[31m[1mError[22m: No test suite found in file C:/Users/Cole/Documents/Fastrack/Fastrack-Learning_Management-System/src/components/scheduling/__tests__/LessonBooking.test.jsx[39m
[31m[2m⎯⎯⎯⎯⎯⎯⎯⎯⎯⎯⎯⎯⎯⎯⎯⎯⎯⎯⎯⎯⎯⎯[19/41]⎯[22m[39m

[31m[1m[7m FAIL [27m[22m[39m src/components/scheduling/__tests__/UpcomingLessons.test.jsx [2m[ src/components/scheduling/__tests__/UpcomingLessons.test.jsx ][22m
[31m[1mError[22m: No test suite found in file C:/Users/Cole/Documents/Fastrack/Fastrack-Learning_Management-System/src/components/scheduling/__tests__/UpcomingLessons.test.jsx[39m
[31m[2m⎯⎯⎯⎯⎯⎯⎯⎯⎯⎯⎯⎯⎯⎯⎯⎯⎯⎯⎯⎯⎯⎯[20/41]⎯[22m[39m

[31m[1m[7m FAIL [27m[22m[39m src/hooks/admin/__tests__/useDashboardStats.test.js [2m[ src/hooks/admin/__tests__/useDashboardStats.test.js ][22m
[31m[1mError[22m: No test suite found in file C:/Users/Cole/Documents/Fastrack/Fastrack-Learning_Management-System/src/hooks/admin/__tests__/useDashboardStats.test.js[39m
[31m[2m⎯⎯⎯⎯⎯⎯⎯⎯⎯⎯⎯⎯⎯⎯⎯⎯⎯⎯⎯⎯⎯⎯[21/41]⎯[22m[39m

[31m[1m[7m FAIL [27m[22m[39m src/pages/Admin/__tests__/AdminDashboard.test.jsx [2m[ src/pages/Admin/__tests__/AdminDashboard.test.jsx ][22m
[31m[1mError[22m: No test suite found in file C:/Users/Cole/Documents/Fastrack/Fastrack-Learning_Management-System/src/pages/Admin/__tests__/AdminDashboard.test.jsx[39m
[31m[2m⎯⎯⎯⎯⎯⎯⎯⎯⎯⎯⎯⎯⎯⎯⎯⎯⎯⎯⎯⎯⎯⎯[22/41]⎯[22m[39m

[31m[1m[7m FAIL [27m[22m[39m src/pages/Admin/__tests__/AdminPlaceholderPages.test.jsx [2m[ src/pages/Admin/__tests__/AdminPlaceholderPages.test.jsx ][22m
[31m[1mError[22m: [vitest] There was an error when mocking a module. If you are using "vi.mock" factory, make sure there are no top level variables inside, since this call is hoisted to top of the file. Read more: https://vitest.dev/api/vi.html#vi-mock[39m
[90m [2m❯[22m src/pages/Admin/AdminCoursesPage.jsx:[2m3:31[22m[39m

[31m[1mCaused by: ReferenceError[22m: Cannot access 'mockAuthContext' before initialization[39m
[90m [2m❯[22m src/pages/Admin/__tests__/AdminPlaceholderPages.test.jsx:[2m17:54[22m[39m
[90m [2m❯[22m src/pages/Admin/AdminCoursesPage.jsx:[2m3:31[22m[39m

[31m[2m⎯⎯⎯⎯⎯⎯⎯⎯⎯⎯⎯⎯⎯⎯⎯⎯⎯⎯⎯⎯⎯⎯[23/41]⎯[22m[39m

[31m[1m[7m FAIL [27m[22m[39m src/pages/Admin/__tests__/AuditLogsPage.test.jsx [2m[ src/pages/Admin/__tests__/AuditLogsPage.test.jsx ][22m
[31m[1mError[22m: No test suite found in file C:/Users/Cole/Documents/Fastrack/Fastrack-Learning_Management-System/src/pages/Admin/__tests__/AuditLogsPage.test.jsx[39m
[31m[2m⎯⎯⎯⎯⎯⎯⎯⎯⎯⎯⎯⎯⎯⎯⎯⎯⎯⎯⎯⎯⎯⎯[24/41]⎯[22m[39m

[31m[1m[7m FAIL [27m[22m[39m src/pages/Admin/__tests__/EnrollmentManagementPage.test.jsx [2m[ src/pages/Admin/__tests__/EnrollmentManagementPage.test.jsx ][22m
[31m[1mError[22m: Failed to resolve import "../../hooks/useAdminPanel" from "src/pages/Admin/__tests__/EnrollmentManagementPage.test.jsx". Does the file exist?[39m
[90m [2m❯[22m TransformPluginContext._formatError node_modules/vite/dist/node/chunks/dep-BK3b2jBa.js:[2m49258:41[22m[39m
[90m [2m❯[22m TransformPluginContext.error node_modules/vite/dist/node/chunks/dep-BK3b2jBa.js:[2m49253:16[22m[39m
[90m [2m❯[22m normalizeUrl node_modules/vite/dist/node/chunks/dep-BK3b2jBa.js:[2m64307:23[22m[39m
[90m [2m❯[22m async file:/c:/Users/Cole/Documents/Fastrack/Fastrack-Learning_Management-System/node_modules/vite/dist/node/chunks/dep-BK3b2jBa.js:[2m64439:39[22m[39m
[90m [2m❯[22m TransformPluginContext.transform node_modules/vite/dist/node/chunks/dep-BK3b2jBa.js:[2m64366:7[22m[39m
[90m [2m❯[22m PluginContainer.transform node_modules/vite/dist/node/chunks/dep-BK3b2jBa.js:[2m49099:18[22m[39m
[90m [2m❯[22m loadAndTransform node_modules/vite/dist/node/chunks/dep-BK3b2jBa.js:[2m51978:27[22m[39m

[31m[2m⎯⎯⎯⎯⎯⎯⎯⎯⎯⎯⎯⎯⎯⎯⎯⎯⎯⎯⎯⎯⎯⎯[25/41]⎯[22m[39m

[31m[1m[7m FAIL [27m[22m[39m src/components/common/Badge/__tests__/Badge.test.jsx [2m[ src/components/common/Badge/__tests__/Badge.test.jsx ][22m
[31m[1mError[22m: No test suite found in file C:/Users/Cole/Documents/Fastrack/Fastrack-Learning_Management-System/src/components/common/Badge/__tests__/Badge.test.jsx[39m
[31m[2m⎯⎯⎯⎯⎯⎯⎯⎯⎯⎯⎯⎯⎯⎯⎯⎯⎯⎯⎯⎯⎯⎯[26/41]⎯[22m[39m

[31m[1m[7m FAIL [27m[22m[39m src/components/common/Button/__tests__/Button.test.jsx [2m[ src/components/common/Button/__tests__/Button.test.jsx ][22m
[31m[1mError[22m: No test suite found in file C:/Users/Cole/Documents/Fastrack/Fastrack-Learning_Management-System/src/components/common/Button/__tests__/Button.test.jsx[39m
[31m[2m⎯⎯⎯⎯⎯⎯⎯⎯⎯⎯⎯⎯⎯⎯⎯⎯⎯⎯⎯⎯⎯⎯[27/41]⎯[22m[39m

[31m[1m[7m FAIL [27m[22m[39m src/components/common/Card/__tests__/Card.test.jsx [2m[ src/components/common/Card/__tests__/Card.test.jsx ][22m
[31m[1mError[22m: No test suite found in file C:/Users/Cole/Documents/Fastrack/Fastrack-Learning_Management-System/src/components/common/Card/__tests__/Card.test.jsx[39m
[31m[2m⎯⎯⎯⎯⎯⎯⎯⎯⎯⎯⎯⎯⎯⎯⎯⎯⎯⎯⎯⎯⎯⎯[28/41]⎯[22m[39m

[31m[1m[7m FAIL [27m[22m[39m src/components/admin/dashboard/__tests__/ActivityWidget.test.jsx [2m[ src/components/admin/dashboard/__tests__/ActivityWidget.test.jsx ][22m
[31m[1mError[22m: No test suite found in file C:/Users/Cole/Documents/Fastrack/Fastrack-Learning_Management-System/src/components/admin/dashboard/__tests__/ActivityWidget.test.jsx[39m
[31m[2m⎯⎯⎯⎯⎯⎯⎯⎯⎯⎯⎯⎯⎯⎯⎯⎯⎯⎯⎯⎯⎯⎯[29/41]⎯[22m[39m

[31m[1m[7m FAIL [27m[22m[39m src/components/admin/dashboard/__tests__/CertificatesWidget.test.jsx [2m[ src/components/admin/dashboard/__tests__/CertificatesWidget.test.jsx ][22m
[31m[1mError[22m: No test suite found in file C:/Users/Cole/Documents/Fastrack/Fastrack-Learning_Management-System/src/components/admin/dashboard/__tests__/CertificatesWidget.test.jsx[39m
[31m[2m⎯⎯⎯⎯⎯⎯⎯⎯⎯⎯⎯⎯⎯⎯⎯⎯⎯⎯⎯⎯⎯⎯[30/41]⎯[22m[39m

[31m[1m[7m FAIL [27m[22m[39m src/components/admin/dashboard/__tests__/RevenueWidget.test.jsx [2m[ src/components/admin/dashboard/__tests__/RevenueWidget.test.jsx ][22m
[31m[1mError[22m: No test suite found in file C:/Users/Cole/Documents/Fastrack/Fastrack-Learning_Management-System/src/components/admin/dashboard/__tests__/RevenueWidget.test.jsx[39m
[31m[2m⎯⎯⎯⎯⎯⎯⎯⎯⎯⎯⎯⎯⎯⎯⎯⎯⎯⎯⎯⎯⎯⎯[31/41]⎯[22m[39m

[31m[1m[7m FAIL [27m[22m[39m src/components/common/Input/__tests__/Input.test.jsx [2m[ src/components/common/Input/__tests__/Input.test.jsx ][22m
[31m[1mError[22m: No test suite found in file C:/Users/Cole/Documents/Fastrack/Fastrack-Learning_Management-System/src/components/common/Input/__tests__/Input.test.jsx[39m
[31m[2m⎯⎯⎯⎯⎯⎯⎯⎯⎯⎯⎯⎯⎯⎯⎯⎯⎯⎯⎯⎯⎯⎯[32/41]⎯[22m[39m

[31m[1m[7m FAIL [27m[22m[39m src/components/layout/AdminSidebar/__tests__/AdminSidebar.test.jsx [2m[ src/components/layout/AdminSidebar/__tests__/AdminSidebar.test.jsx ][22m
[31m[1mError[22m: No test suite found in file C:/Users/Cole/Documents/Fastrack/Fastrack-Learning_Management-System/src/components/layout/AdminSidebar/__tests__/AdminSidebar.test.jsx[39m
[31m[2m⎯⎯⎯⎯⎯⎯⎯⎯⎯⎯⎯⎯⎯⎯⎯⎯⎯⎯⎯⎯⎯⎯[33/41]⎯[22m[39m

[31m[1m[7m FAIL [27m[22m[39m src/components/layout/Sidebar/__tests__/Sidebar.test.jsx [2m[ src/components/layout/Sidebar/__tests__/Sidebar.test.jsx ][22m
[31m[1mError[22m: No test suite found in file C:/Users/Cole/Documents/Fastrack/Fastrack-Learning_Management-System/src/components/layout/Sidebar/__tests__/Sidebar.test.jsx[39m
[31m[2m⎯⎯⎯⎯⎯⎯⎯⎯⎯⎯⎯⎯⎯⎯⎯⎯⎯⎯⎯⎯⎯⎯[34/41]⎯[22m[39m

[31m[1m[7m FAIL [27m[22m[39m src/components/layout/Header/__tests__/Header.test.jsx [2m[ src/components/layout/Header/__tests__/Header.test.jsx ][22m
[31m[1mError[22m: No test suite found in file C:/Users/Cole/Documents/Fastrack/Fastrack-Learning_Management-System/src/components/layout/Header/__tests__/Header.test.jsx[39m
[31m[2m⎯⎯⎯⎯⎯⎯⎯⎯⎯⎯⎯⎯⎯⎯⎯⎯⎯⎯⎯⎯⎯⎯[35/41]⎯[22m[39m

[31m⎯⎯⎯⎯⎯⎯⎯[1m[7m Failed Tests 6 [27m[22m⎯⎯⎯⎯⎯⎯⎯[39m

[31m[1m[7m FAIL [27m[22m[39m functions/src/payment/__tests__/paymentFunctions.test.js[2m > [22mPayment Functions[2m > [22mcreateCheckoutSession[2m > [22mshould throw error if courseId missing
[31m[1mAssertionError[22m: expected 'Failed to create checkout session: Ne…' to contain 'Missing required parameters'[39m

[32m- Expected[39m
[31m+ Received[39m

[32m- Missing required parameters[39m
[31m+ Failed to create checkout session: Neither apiKey nor config.authenticator provided[39m

[90m [2m❯[22m functions/src/payment/__tests__/paymentFunctions.test.js:[2m115:31[22m[39m

[31m[2m⎯⎯⎯⎯⎯⎯⎯⎯⎯⎯⎯⎯⎯⎯⎯⎯⎯⎯⎯⎯⎯⎯[36/41]⎯[22m[39m

[31m[1m[7m FAIL [27m[22m[39m functions/src/payment/__tests__/paymentFunctions.test.js[2m > [22mPayment Functions[2m > [22mcreateCheckoutSession[2m > [22mshould throw error if amount missing
[31m[1mAssertionError[22m: expected 'Failed to create checkout session: Ne…' to contain 'Missing required parameters'[39m

[32m- Expected[39m
[31m+ Received[39m

[32m- Missing required parameters[39m
[31m+ Failed to create checkout session: Neither apiKey nor config.authenticator provided[39m

[90m [2m❯[22m functions/src/payment/__tests__/paymentFunctions.test.js:[2m129:31[22m[39m

[31m[2m⎯⎯⎯⎯⎯⎯⎯⎯⎯⎯⎯⎯⎯⎯⎯⎯⎯⎯⎯⎯⎯⎯[37/41]⎯[22m[39m

[31m[1m[7m FAIL [27m[22m[39m functions/src/payment/__tests__/paymentFunctions.test.js[2m > [22mPayment Functions[2m > [22mcreateCheckoutSession[2m > [22mshould throw error if paymentType missing
[31m[1mAssertionError[22m: expected 'Failed to create checkout session: Ne…' to contain 'Missing required parameters'[39m

[32m- Expected[39m
[31m+ Received[39m

[32m- Missing required parameters[39m
[31m+ Failed to create checkout session: Neither apiKey nor config.authenticator provided[39m

[90m [2m❯[22m functions/src/payment/__tests__/paymentFunctions.test.js:[2m143:31[22m[39m

[31m[2m⎯⎯⎯⎯⎯⎯⎯⎯⎯⎯⎯⎯⎯⎯⎯⎯⎯⎯⎯⎯⎯⎯[38/41]⎯[22m[39m

[31m[1m[7m FAIL [27m[22m[39m functions/src/payment/__tests__/paymentFunctions.test.js[2m > [22mPayment Functions[2m > [22mcreatePaymentIntent[2m > [22mshould throw error if courseId missing
[31m[1mAssertionError[22m: expected 'Failed to create payment intent: Neit…' to contain 'Missing required parameters'[39m

[32m- Expected[39m
[31m+ Received[39m

[32m- Missing required parameters[39m
[31m+ Failed to create payment intent: Neither apiKey nor config.authenticator provided[39m

[90m [2m❯[22m functions/src/payment/__tests__/paymentFunctions.test.js:[2m193:31[22m[39m

[31m[2m⎯⎯⎯⎯⎯⎯⎯⎯⎯⎯⎯⎯⎯⎯⎯⎯⎯⎯⎯⎯⎯⎯[39/41]⎯[22m[39m

[31m[1m[7m FAIL [27m[22m[39m functions/src/payment/__tests__/paymentFunctions.test.js[2m > [22mPayment Functions[2m > [22mcreatePaymentIntent[2m > [22mshould throw error if amount missing
[31m[1mAssertionError[22m: expected 'Failed to create payment intent: Neit…' to contain 'Missing required parameters'[39m

[32m- Expected[39m
[31m+ Received[39m

[32m- Missing required parameters[39m
[31m+ Failed to create payment intent: Neither apiKey nor config.authenticator provided[39m

[90m [2m❯[22m functions/src/payment/__tests__/paymentFunctions.test.js:[2m207:31[22m[39m

[31m[2m⎯⎯⎯⎯⎯⎯⎯⎯⎯⎯⎯⎯⎯⎯⎯⎯⎯⎯⎯⎯⎯⎯[40/41]⎯[22m[39m

[31m[1m[7m FAIL [27m[22m[39m functions/src/payment/__tests__/paymentFunctions.test.js[2m > [22mPayment Functions[2m > [22mcreatePaymentIntent[2m > [22mshould throw error if paymentType missing
[31m[1mAssertionError[22m: expected 'Failed to create payment intent: Neit…' to contain 'Missing required parameters'[39m

[32m- Expected[39m
[31m+ Received[39m

[32m- Missing required parameters[39m
[31m+ Failed to create payment intent: Neither apiKey nor config.authenticator provided[39m

[90m [2m❯[22m functions/src/payment/__tests__/paymentFunctions.test.js:[2m221:31[22m[39m

[31m[2m⎯⎯⎯⎯⎯⎯⎯⎯⎯⎯⎯⎯⎯⎯⎯⎯⎯⎯⎯⎯⎯⎯[41/41]⎯[22m[39m

[2m Test Files [22m [1m[31m36 failed[39m[22m[2m | [22m[1m[32m47 passed[39m[22m[90m (83)[39m
[2m      Tests [22m [1m[31m6 failed[39m[22m[2m | [22m[1m[32m1039 passed[39m[22m[2m | [22m[33m3 skipped[39m[90m (1048)[39m
[2m   Start at [22m 13:21:07
[2m   Duration [22m 27.61s[2m (transform 7.19s, setup 57.93s, collect 60.07s, tests 19.08s, environment 174.12s, prepare 43.95s)[22m

